<html>
<body>
<pre>
<h1>礦ision Build Log</h1>
<h2>Tool Versions:</h2>
IDE-Version: μVision V5.33.0.0
Copyright (C) 2020 ARM Ltd and ARM Germany GmbH. All rights reserved.
License Information: 11 Kangzihan, 11, LIC=47GU5-G2XNY-RAZDM-XWFUJ-16VJC-CCQJ5
 
Tool Versions:
Toolchain:       MDK-ARM Plus  Version: 5.33.0.0
Toolchain Path:  C:\Keil_v5\ARM\ARMCC\Bin
C Compiler:      Armcc.exe V5.06 update 7 (build 960)
Assembler:       Armasm.exe V5.06 update 7 (build 960)
Linker/Locator:  ArmLink.exe V5.06 update 7 (build 960)
Library Manager: ArmAr.exe V5.06 update 7 (build 960)
Hex Converter:   FromElf.exe V5.06 update 7 (build 960)
CPU DLL:         SARMCM3.DLL V5.33.0.0
Dialog DLL:      DCM.DLL V1.17.3.0
Target DLL:      STLink\ST-LINKIII-KEIL_SWO.dll V3.0.8.0
Dialog DLL:      TCM.DLL V1.48.0.0
 
<h2>Project:</h2>
C:\Users\Kangzihan\Desktop\My_bot - 02\STM32F103\USER\LCD.uvprojx
Project File Date:  05/14/2022

<h2>Output:</h2>
*** Using Compiler 'V5.06 update 7 (build 960)', folder: 'C:\Keil_v5\ARM\ARMCC\Bin'
Rebuild target 'Target 1'
compiling stm32f10x_it.c...
compiling timer.c...
..\HARDWARE\timer.h(7): warning:  #1295-D: Deprecated declaration TIM5_Cap_GPIO_Init - give arg types
  void TIM5_Cap_GPIO_Init();
..\HARDWARE\timer.h(9): warning:  #1-D: last line of file ends without a newline
  #endif
..\HARDWARE\timer.c(70): warning:  #1-D: last line of file ends without a newline
  }
..\HARDWARE\timer.c: 3 warnings, 0 errors
compiling system_stm32f10x.c...
compiling mpuiic.c...
..\HARDWARE\mpuiic.c(66): warning:  #61-D: integer operation result is out of range
  	SDA_IN();      //SDA设置为输入  
..\HARDWARE\mpuiic.c(66): warning:  #68-D: integer conversion resulted in a change of sign
  	SDA_IN();      //SDA设置为输入  
..\HARDWARE\mpuiic.c(127): warning:  #61-D: integer operation result is out of range
  	SDA_IN();//SDA设置为输入
..\HARDWARE\mpuiic.c(127): warning:  #68-D: integer conversion resulted in a change of sign
  	SDA_IN();//SDA设置为输入
..\HARDWARE\mpuiic.c: 4 warnings, 0 errors
compiling mpu9250.c...
compiling main.c...
..\SYSTEM\LinuxUsart\LinuxUsart.h(18): warning:  #1-D: last line of file ends without a newline
  #endif
..\HARDWARE\timer.h(7): warning:  #1295-D: Deprecated declaration TIM5_Cap_GPIO_Init - give arg types
  void TIM5_Cap_GPIO_Init();
..\HARDWARE\timer.h(9): warning:  #1-D: last line of file ends without a newline
  #endif
..\HARDWARE\pid.h(32): warning:  #1-D: last line of file ends without a newline
  #endif
main.c(38): warning:  #177-D: variable "flag"  was declared but never referenced
   	int flag=0;  //判断校准数据是否已经保存					
main.c: 5 warnings, 0 errors
compiling stm32f10x_flash.c...
compiling pwm.c...
compiling myexti.c...
compiling motor.c...
compiling FLASH.c...
FLASH.c(27): warning:  #1-D: last line of file ends without a newline
  }
FLASH.c: 1 warning, 0 errors
compiling pid.c...
..\HARDWARE\pid.h(32): warning:  #1-D: last line of file ends without a newline
  #endif
..\HARDWARE\pid.c(119): warning:  #1-D: last line of file ends without a newline
  }
..\HARDWARE\pid.c: 2 warnings, 0 errors
compiling delay.c...
assembling startup_stm32f10x_hd.s...
compiling core_cm3.c...
compiling sys.c...
compiling usart.c...
..\SYSTEM\usart\usart.c(15): warning:  #940-D: missing return statement at end of non-void function "_sys_exit" 
  } 
..\SYSTEM\usart\usart.c: 1 warning, 0 errors
compiling LinuxUsart.c...
..\SYSTEM\LinuxUsart\LinuxUsart.h(18): warning:  #1-D: last line of file ends without a newline
  #endif
..\SYSTEM\LinuxUsart\LinuxUsart.c: 1 warning, 0 errors
compiling stm32f10x_gpio.c...
compiling stm32f10x_rcc.c...
compiling stm32f10x_usart.c...
compiling misc.c...
compiling stm32f10x_fsmc.c...
compiling data_builder.c...
compiling eMPL_outputs.c...
compiling hal_outputs.c...
compiling message_layer.c...
compiling stm32f10x_exti.c...
compiling stm32f10x_tim.c...
compiling ml_math_func.c...
compiling mlmath.c...
compiling mpl.c...
compiling results_holder.c...
compiling start_manager.c...
compiling log_stm32.c...
compiling storage_manager.c...
compiling inv_mpu_dmp_motion_driver.c...
compiling inv_mpu.c...
..\DMP\inv_mpu.c(3541): warning:  #550-D: variable "t"  was set but never used
  	u8 t;
..\DMP\inv_mpu.c: 1 warning, 0 errors
linking...
Program Size: Code=67002 RO-data=5318 RW-data=292 ZI-data=7388  
FromELF: creating hex file...
"..\OBJ\Mbot.axf" - 0 Error(s), 18 Warning(s).

<h2>Software Packages used:</h2>

Package Vendor: Keil
                http://www.keil.com/pack/Keil.STM32F1xx_DFP.2.3.0.pack
                Keil.STM32F1xx_DFP.2.3.0
                STMicroelectronics STM32F1 Series Device Support, Drivers and Examples

<h2>Collection of Component include folders:</h2>
  C:\Users\Kangzihan\AppData\Local\Arm\Packs\Keil\STM32F1xx_DFP\2.3.0\Device\Include

<h2>Collection of Component Files used:</h2>
Build Time Elapsed:  00:00:05
</pre>
</body>
</html>
