Component: ARM Compiler 5.06 update 7 (build 960) Tool: armlink [4d3601]

==============================================================================

Section Cross References

    main.o(i.USART1_IRQHandler) refers to stm32f10x_usart.o(i.USART_GetITStatus) for USART_GetITStatus
    main.o(i.USART1_IRQHandler) refers to stm32f10x_usart.o(i.USART_ClearITPendingBit) for USART_ClearITPendingBit
    main.o(i.USART1_IRQHandler) refers to linuxusart.o(i.usartReceiveOneData) for usartReceiveOneData
    main.o(i.USART1_IRQHandler) refers to main.o(.data) for testRece3
    main.o(i.main) refers to misc.o(i.NVIC_PriorityGroupConfig) for NVIC_PriorityGroupConfig
    main.o(i.main) refers to delay.o(i.delay_init) for delay_init
    main.o(i.main) refers to usart.o(i.usart_init) for usart_init
    main.o(i.main) refers to inv_mpu.o(i.mpu_dmp_init) for mpu_dmp_init
    main.o(i.main) refers to inv_mpu.o(i.mpu_mpl_get_data) for mpu_mpl_get_data
    main.o(i.main) refers to delay.o(i.delay_ms) for delay_ms
    main.o(i.main) refers to fmul.o(x$fpl$fmul) for __aeabi_fmul
    main.o(i.main) refers to ffix.o(x$fpl$ffix) for __aeabi_f2iz
    main.o(i.main) refers to linuxusart.o(i.UsartSendData) for UsartSendData
    main.o(i.main) refers to main.o(.data) for sCaliFlag
    system_stm32f10x.o(i.SetSysClock) refers to system_stm32f10x.o(i.SetSysClockTo72) for SetSysClockTo72
    system_stm32f10x.o(i.SystemCoreClockUpdate) refers to system_stm32f10x.o(.data) for SystemCoreClock
    system_stm32f10x.o(i.SystemInit) refers to system_stm32f10x.o(i.SetSysClock) for SetSysClock
    mpu9250.o(i.MPU9250_Init) refers to mpuiic.o(i.IIC_Init) for IIC_Init
    mpu9250.o(i.MPU9250_Init) refers to mpu9250.o(i.MPU_Write_Byte) for MPU_Write_Byte
    mpu9250.o(i.MPU9250_Init) refers to delay.o(i.delay_ms) for delay_ms
    mpu9250.o(i.MPU9250_Init) refers to mpu9250.o(i.MPU_Set_Gyro_Fsr) for MPU_Set_Gyro_Fsr
    mpu9250.o(i.MPU9250_Init) refers to mpu9250.o(i.MPU_Set_Accel_Fsr) for MPU_Set_Accel_Fsr
    mpu9250.o(i.MPU9250_Init) refers to mpu9250.o(i.MPU_Set_Rate) for MPU_Set_Rate
    mpu9250.o(i.MPU9250_Init) refers to mpu9250.o(i.MPU_Read_Byte) for MPU_Read_Byte
    mpu9250.o(i.MPU_Get_Accelerometer) refers to mpu9250.o(i.MPU_Read_Len) for MPU_Read_Len
    mpu9250.o(i.MPU_Get_Gyroscope) refers to mpu9250.o(i.MPU_Read_Len) for MPU_Read_Len
    mpu9250.o(i.MPU_Get_Magnetometer) refers to mpu9250.o(i.MPU_Read_Len) for MPU_Read_Len
    mpu9250.o(i.MPU_Get_Magnetometer) refers to mpu9250.o(i.MPU_Write_Byte) for MPU_Write_Byte
    mpu9250.o(i.MPU_Get_Temperature) refers to mpu9250.o(i.MPU_Read_Len) for MPU_Read_Len
    mpu9250.o(i.MPU_Get_Temperature) refers to dflt_clz.o(x$fpl$dflt) for __aeabi_i2d
    mpu9250.o(i.MPU_Get_Temperature) refers to ddiv.o(x$fpl$ddiv) for __aeabi_ddiv
    mpu9250.o(i.MPU_Get_Temperature) refers to daddsub_clz.o(x$fpl$dadd) for __aeabi_dadd
    mpu9250.o(i.MPU_Get_Temperature) refers to d2f.o(x$fpl$d2f) for __aeabi_d2f
    mpu9250.o(i.MPU_Get_Temperature) refers to fmul.o(x$fpl$fmul) for __aeabi_fmul
    mpu9250.o(i.MPU_Get_Temperature) refers to ffix.o(x$fpl$ffix) for __aeabi_f2iz
    mpu9250.o(i.MPU_Read_Byte) refers to mpuiic.o(i.IIC_Start) for IIC_Start
    mpu9250.o(i.MPU_Read_Byte) refers to mpuiic.o(i.IIC_Send_Byte) for IIC_Send_Byte
    mpu9250.o(i.MPU_Read_Byte) refers to mpuiic.o(i.IIC_Wait_Ack) for IIC_Wait_Ack
    mpu9250.o(i.MPU_Read_Byte) refers to mpuiic.o(i.IIC_Read_Byte) for IIC_Read_Byte
    mpu9250.o(i.MPU_Read_Byte) refers to mpuiic.o(i.IIC_Stop) for IIC_Stop
    mpu9250.o(i.MPU_Read_Len) refers to mpuiic.o(i.IIC_Start) for IIC_Start
    mpu9250.o(i.MPU_Read_Len) refers to mpuiic.o(i.IIC_Send_Byte) for IIC_Send_Byte
    mpu9250.o(i.MPU_Read_Len) refers to mpuiic.o(i.IIC_Wait_Ack) for IIC_Wait_Ack
    mpu9250.o(i.MPU_Read_Len) refers to mpuiic.o(i.IIC_Stop) for IIC_Stop
    mpu9250.o(i.MPU_Read_Len) refers to mpuiic.o(i.IIC_Read_Byte) for IIC_Read_Byte
    mpu9250.o(i.MPU_Set_Accel_Fsr) refers to mpu9250.o(i.MPU_Write_Byte) for MPU_Write_Byte
    mpu9250.o(i.MPU_Set_Gyro_Fsr) refers to mpu9250.o(i.MPU_Write_Byte) for MPU_Write_Byte
    mpu9250.o(i.MPU_Set_LPF) refers to mpu9250.o(i.MPU_Write_Byte) for MPU_Write_Byte
    mpu9250.o(i.MPU_Set_Rate) refers to mpu9250.o(i.MPU_Write_Byte) for MPU_Write_Byte
    mpu9250.o(i.MPU_Set_Rate) refers to mpu9250.o(i.MPU_Set_LPF) for MPU_Set_LPF
    mpu9250.o(i.MPU_Write_Byte) refers to mpuiic.o(i.IIC_Start) for IIC_Start
    mpu9250.o(i.MPU_Write_Byte) refers to mpuiic.o(i.IIC_Send_Byte) for IIC_Send_Byte
    mpu9250.o(i.MPU_Write_Byte) refers to mpuiic.o(i.IIC_Wait_Ack) for IIC_Wait_Ack
    mpu9250.o(i.MPU_Write_Byte) refers to mpuiic.o(i.IIC_Stop) for IIC_Stop
    mpu9250.o(i.MPU_Write_Len) refers to mpuiic.o(i.IIC_Start) for IIC_Start
    mpu9250.o(i.MPU_Write_Len) refers to mpuiic.o(i.IIC_Send_Byte) for IIC_Send_Byte
    mpu9250.o(i.MPU_Write_Len) refers to mpuiic.o(i.IIC_Wait_Ack) for IIC_Wait_Ack
[...]
    inv_get_compass_on                       0x0800abe5   Thumb Code    12  data_builder.o(i.inv_get_compass_on)
    inv_get_compass_soft_iron_output_data    0x0800abf5   Thumb Code    24  data_builder.o(i.inv_get_compass_soft_iron_output_data)
    inv_get_compass_state                    0x0800ac11   Thumb Code     6  results_holder.o(i.inv_get_compass_state)
    inv_get_gravity                          0x0800ac1d   Thumb Code    90  results_holder.o(i.inv_get_gravity)
    inv_get_gyro                             0x0800ac7d   Thumb Code    12  data_builder.o(i.inv_get_gyro)
    inv_get_gyro_accuracy                    0x0800ac8d   Thumb Code     6  data_builder.o(i.inv_get_gyro_accuracy)
    inv_get_gyro_bias                        0x0800ac99   Thumb Code    32  data_builder.o(i.inv_get_gyro_bias)
    inv_get_gyro_bias_tc_set                 0x0800acbd   Thumb Code    26  data_builder.o(i.inv_get_gyro_bias_tc_set)
    inv_get_gyro_on                          0x0800acdd   Thumb Code    10  data_builder.o(i.inv_get_gyro_on)
    inv_get_gyro_sum_of_sqr                  0x0800aced   Thumb Code    28  ml_math_func.o(i.inv_get_gyro_sum_of_sqr)
    inv_get_large_mag_field                  0x0800ad09   Thumb Code     6  results_holder.o(i.inv_get_large_mag_field)
    inv_get_last_timestamp                   0x0800ad15   Thumb Code    98  data_builder.o(i.inv_get_last_timestamp)
    inv_get_linear_accel                     0x0800ad7d   Thumb Code    60  results_holder.o(i.inv_get_linear_accel)
    inv_get_linear_accel_float               0x0800adb9   Thumb Code    56  results_holder.o(i.inv_get_linear_accel_float)
    inv_get_local_field                      0x0800adf1   Thumb Code    12  results_holder.o(i.inv_get_local_field)
    inv_get_mag_accuracy                     0x0800ae01   Thumb Code    20  data_builder.o(i.inv_get_mag_accuracy)
    inv_get_motion_state                     0x0800ae1d   Thumb Code    16  results_holder.o(i.inv_get_motion_state)
    inv_get_quaternion                       0x0800ae31   Thumb Code    54  results_holder.o(i.inv_get_quaternion)
    inv_get_quaternion_set                   0x0800ae6d   Thumb Code    68  results_holder.o(i.inv_get_quaternion_set)
    inv_get_sensor_type_euler                0x0800aeb1   Thumb Code   536  empl_outputs.o(i.inv_get_sensor_type_euler)
    inv_get_sensor_type_gravity              0x0800b0e1   Thumb Code    86  hal_outputs.o(i.inv_get_sensor_type_gravity)
    inv_got_compass_bias                     0x0800b141   Thumb Code     6  results_holder.o(i.inv_got_compass_bias)
    inv_init_data_builder                    0x0800b14d   Thumb Code    42  data_builder.o(i.inv_init_data_builder)
    inv_init_mpl                             0x0800b19d   Thumb Code   106  mpl.o(i.inv_init_mpl)
    inv_init_results_holder                  0x0800b21d   Thumb Code    46  results_holder.o(i.inv_init_results_holder)
    inv_init_start_manager                   0x0800b255   Thumb Code    14  start_manager.o(i.inv_init_start_manager)
    inv_init_storage_manager                 0x0800b269   Thumb Code    20  storage_manager.o(i.inv_init_storage_manager)
    inv_orientation_matrix_to_scalar         0x0800b281   Thumb Code    40  ml_math_func.o(i.inv_orientation_matrix_to_scalar)
    inv_q29_mult                             0x0800b2a9   Thumb Code    18  ml_math_func.o(i.inv_q29_mult)
    inv_q30_mult                             0x0800b2bb   Thumb Code    18  ml_math_func.o(i.inv_q30_mult)
    inv_q_add                                0x0800b2e3   Thumb Code    36  ml_math_func.o(i.inv_q_add)
    inv_q_addf                               0x0800b307   Thumb Code    50  ml_math_func.o(i.inv_q_addf)
    inv_q_invert                             0x0800b339   Thumb Code    24  ml_math_func.o(i.inv_q_invert)
    inv_q_invertf                            0x0800b351   Thumb Code    30  ml_math_func.o(i.inv_q_invertf)
    inv_q_mult                               0x0800b36f   Thumb Code   178  ml_math_func.o(i.inv_q_mult)
    inv_q_multf                              0x0800b421   Thumb Code   270  ml_math_func.o(i.inv_q_multf)
    inv_q_norm4                              0x0800b52f   Thumb Code   146  ml_math_func.o(i.inv_q_norm4)
    inv_q_normalizef                         0x0800b5c1   Thumb Code   366  ml_math_func.o(i.inv_q_normalizef)
    inv_q_rotate                             0x0800b72f   Thumb Code    66  ml_math_func.o(i.inv_q_rotate)
    inv_quaternion_to_rotation               0x0800b771   Thumb Code   218  ml_math_func.o(i.inv_quaternion_to_rotation)
    inv_register_data_cb                     0x0800b84d   Thumb Code   234  data_builder.o(i.inv_register_data_cb)
    inv_register_load_store                  0x0800b945   Thumb Code   138  storage_manager.o(i.inv_register_load_store)
    inv_register_mpl_start_notification      0x0800b9d5   Thumb Code    38  start_manager.o(i.inv_register_mpl_start_notification)
    inv_reset_compass_soft_iron_matrix       0x0800ba01   Thumb Code    70  data_builder.o(i.inv_reset_compass_soft_iron_matrix)
    inv_set_accel_accuracy                   0x0800ba9d   Thumb Code    26  data_builder.o(i.inv_set_accel_accuracy)
    inv_set_accel_bias_found                 0x0800bac1   Thumb Code     6  results_holder.o(i.inv_set_accel_bias_found)
    inv_set_accel_bias_mask                  0x0800bacd   Thumb Code    84  data_builder.o(i.inv_set_accel_bias_mask)
    inv_set_accel_orientation_and_scale      0x0800bb2d   Thumb Code    18  data_builder.o(i.inv_set_accel_orientation_and_scale)
    inv_set_accel_sample_rate                0x0800bb45   Thumb Code    36  data_builder.o(i.inv_set_accel_sample_rate)
    inv_set_compass_bias                     0x0800bb71   Thumb Code    66  data_builder.o(i.inv_set_compass_bias)
    inv_set_compass_bias_error               0x0800bbbd   Thumb Code    14  results_holder.o(i.inv_set_compass_bias_error)
    inv_set_compass_bias_found               0x0800bbd1   Thumb Code     6  results_holder.o(i.inv_set_compass_bias_found)
    inv_set_compass_correction               0x0800bbdd   Thumb Code    30  results_holder.o(i.inv_set_compass_correction)
    inv_set_compass_disturbance              0x0800bc01   Thumb Code     8  data_builder.o(i.inv_set_compass_disturbance)
    inv_set_compass_orientation_and_scale    0x0800bc0d   Thumb Code    18  data_builder.o(i.inv_set_compass_orientation_and_scale)
    inv_set_compass_sample_rate              0x0800bc25   Thumb Code    40  data_builder.o(i.inv_set_compass_sample_rate)
    inv_set_compass_soft_iron_input_data     0x0800bc55   Thumb Code    74  data_builder.o(i.inv_set_compass_soft_iron_input_data)
    inv_set_compass_state                    0x0800bca9   Thumb Code     6  results_holder.o(i.inv_set_compass_state)
    inv_set_gyro_bias                        0x0800bdd5   Thumb Code   102  data_builder.o(i.inv_set_gyro_bias)
    inv_set_gyro_orientation_and_scale       0x0800be49   Thumb Code    18  data_builder.o(i.inv_set_gyro_orientation_and_scale)
    inv_set_gyro_sample_rate                 0x0800be61   Thumb Code    32  data_builder.o(i.inv_set_gyro_sample_rate)
    inv_set_message                          0x0800be89   Thumb Code    24  message_layer.o(i.inv_set_message)
    inv_set_motion_state                     0x0800bea5   Thumb Code    74  results_holder.o(i.inv_set_motion_state)
    inv_start_mpl                            0x0800bf09   Thumb Code    38  mpl.o(i.inv_start_mpl)
    inv_start_results_holder                 0x0800bf45   Thumb Code    18  results_holder.o(i.inv_start_results_holder)
    inv_store_gaming_quaternion              0x0800bf5d   Thumb Code    30  results_holder.o(i.inv_store_gaming_quaternion)
    inv_unregister_data_cb                   0x0800bf81   Thumb Code    96  data_builder.o(i.inv_unregister_data_cb)
    inv_unregister_mpl_start_notification    0x0800bfe5   Thumb Code    92  start_manager.o(i.inv_unregister_mpl_start_notification)
    log                                      0x0800c045   Thumb Code   808  log.o(i.log)
    main                                     0x0800c3a1   Thumb Code   222  main.o(i.main)
    mget_ms                                  0x0800c4a1   Thumb Code     2  inv_mpu.o(i.mget_ms)
    mlMatrixVectorMult                       0x0800c4a3   Thumb Code    62  ml_math_func.o(i.mlMatrixVectorMult)
    mpu_configure_fifo                       0x0800c4e1   Thumb Code   106  inv_mpu.o(i.mpu_configure_fifo)
    mpu_dmp_init                             0x0800c551   Thumb Code   340  inv_mpu.o(i.mpu_dmp_init)
    mpu_get_accel_fsr                        0x0800c6b5   Thumb Code    72  inv_mpu.o(i.mpu_get_accel_fsr)
    mpu_get_accel_sens                       0x0800c701   Thumb Code    78  inv_mpu.o(i.mpu_get_accel_sens)
    mpu_get_compass_fsr                      0x0800c755   Thumb Code    14  inv_mpu.o(i.mpu_get_compass_fsr)
    mpu_get_compass_reg                      0x0800c769   Thumb Code   208  inv_mpu.o(i.mpu_get_compass_reg)
    mpu_get_fifo_config                      0x0800c83d   Thumb Code    12  inv_mpu.o(i.mpu_get_fifo_config)
    mpu_get_gyro_fsr                         0x0800c84d   Thumb Code    64  inv_mpu.o(i.mpu_get_gyro_fsr)
    mpu_get_gyro_sens                        0x0800c891   Thumb Code    58  inv_mpu.o(i.mpu_get_gyro_sens)
    mpu_get_lpf                              0x0800c8e1   Thumb Code    74  inv_mpu.o(i.mpu_get_lpf)
    mpu_get_sample_rate                      0x0800c931   Thumb Code    26  inv_mpu.o(i.mpu_get_sample_rate)
    mpu_get_temperature                      0x0800c951   Thumb Code   150  inv_mpu.o(i.mpu_get_temperature)
    mpu_init                                 0x0800c9f1   Thumb Code   294  inv_mpu.o(i.mpu_init)
    mpu_load_firmware                        0x0800cb1d   Thumb Code   180  inv_mpu.o(i.mpu_load_firmware)
    mpu_lp_accel_mode                        0x0800cbd5   Thumb Code   280  inv_mpu.o(i.mpu_lp_accel_mode)
    mpu_mpl_get_data                         0x0800ccf1   Thumb Code   288  inv_mpu.o(i.mpu_mpl_get_data)
    mpu_read_fifo_stream                     0x0800ce11   Thumb Code   186  inv_mpu.o(i.mpu_read_fifo_stream)
    mpu_read_mem                             0x0800ced1   Thumb Code   122  inv_mpu.o(i.mpu_read_mem)
    mpu_reset_fifo                           0x0800cf51   Thumb Code   450  inv_mpu.o(i.mpu_reset_fifo)
    mpu_run_6500_self_test                   0x0800d119   Thumb Code   384  inv_mpu.o(i.mpu_run_6500_self_test)
    mpu_set_accel_fsr                        0x0800d3b5   Thumb Code   126  inv_mpu.o(i.mpu_set_accel_fsr)
    mpu_set_bypass                           0x0800d439   Thumb Code   328  inv_mpu.o(i.mpu_set_bypass)
    mpu_set_compass_sample_rate              0x0800d585   Thumb Code    92  inv_mpu.o(i.mpu_set_compass_sample_rate)
    mpu_set_dmp_state                        0x0800d5e5   Thumb Code   138  inv_mpu.o(i.mpu_set_dmp_state)
    mpu_set_gyro_fsr                         0x0800d675   Thumb Code   132  inv_mpu.o(i.mpu_set_gyro_fsr)
    mpu_set_int_latched                      0x0800d6fd   Thumb Code   102  inv_mpu.o(i.mpu_set_int_latched)
    mpu_set_lpf                              0x0800d769   Thumb Code   126  inv_mpu.o(i.mpu_set_lpf)
    mpu_set_sample_rate                      0x0800d7ed   Thumb Code   174  inv_mpu.o(i.mpu_set_sample_rate)
    mpu_set_sensors                          0x0800d8a1   Thumb Code   354  inv_mpu.o(i.mpu_set_sensors)
    mpu_write_mem                            0x0800da09   Thumb Code   122  inv_mpu.o(i.mpu_write_mem)
    run_self_test                            0x0800da89   Thumb Code   150  inv_mpu.o(i.run_self_test)
    set_sensor_orientation_and_scale         0x0800dbb1   Thumb Code     6  data_builder.o(i.set_sensor_orientation_and_scale)
    sinf                                     0x0800de0d   Thumb Code   338  sinf.o(i.sinf)
    sqrt                                     0x0800df95   Thumb Code    76  sqrt.o(i.sqrt)
    sqrtf                                    0x0800dfe1   Thumb Code    44  sqrtf.o(i.sqrtf)
    usartReceiveOneData                      0x0800e00d   Thumb Code   424  linuxusart.o(i.usartReceiveOneData)
    usart_init                               0x0800e205   Thumb Code   152  usart.o(i.usart_init)
    _get_lc_numeric                          0x0800e2a5   Thumb Code    44  lc_numeric_c.o(locale$$code)
    _get_lc_ctype                            0x0800e2d1   Thumb Code    44  lc_ctype_c.o(locale$$code)
    __aeabi_d2f                              0x0800e2fd   Thumb Code     0  d2f.o(x$fpl$d2f)
    _d2f                                     0x0800e2fd   Thumb Code    98  d2f.o(x$fpl$d2f)
    __aeabi_dadd                             0x0800e361   Thumb Code     0  daddsub_clz.o(x$fpl$dadd)
    _dadd                                    0x0800e361   Thumb Code   332  daddsub_clz.o(x$fpl$dadd)
    __fpl_dcheck_NaN1                        0x0800e4b1   Thumb Code    10  dcheck1.o(x$fpl$dcheck1)
    __fpl_dcmp_Inf                           0x0800e4c1   Thumb Code    24  dcmpi.o(x$fpl$dcmpinf)
    __aeabi_ddiv                             0x0800e4d9   Thumb Code     0  ddiv.o(x$fpl$ddiv)
    _ddiv                                    0x0800e4d9   Thumb Code   552  ddiv.o(x$fpl$ddiv)
    __aeabi_cdcmpeq                          0x0800e789   Thumb Code     0  deqf.o(x$fpl$deqf)
    _dcmpeq                                  0x0800e789   Thumb Code   120  deqf.o(x$fpl$deqf)
    __aeabi_d2iz                             0x0800e801   Thumb Code     0  dfix.o(x$fpl$dfix)
    _dfix                                    0x0800e801   Thumb Code    94  dfix.o(x$fpl$dfix)
    __aeabi_i2d                              0x0800e85f   Thumb Code     0  dflt_clz.o(x$fpl$dflt)
    _dflt                                    0x0800e85f   Thumb Code    46  dflt_clz.o(x$fpl$dflt)
    __aeabi_ui2d                             0x0800e88d   Thumb Code     0  dflt_clz.o(x$fpl$dfltu)
    _dfltu                                   0x0800e88d   Thumb Code    38  dflt_clz.o(x$fpl$dfltu)
    __aeabi_cdcmple                          0x0800e8b5   Thumb Code     0  dleqf.o(x$fpl$dleqf)
    _dcmple                                  0x0800e8b5   Thumb Code   120  dleqf.o(x$fpl$dleqf)
    __fpl_dcmple_InfNaN                      0x0800e917   Thumb Code     0  dleqf.o(x$fpl$dleqf)
    __aeabi_dmul                             0x0800e92d   Thumb Code     0  dmul.o(x$fpl$dmul)
    _dmul                                    0x0800e92d   Thumb Code   332  dmul.o(x$fpl$dmul)
    __fpl_dnaninf                            0x0800ea81   Thumb Code   156  dnaninf.o(x$fpl$dnaninf)
    __fpl_dretinf                            0x0800eb1d   Thumb Code    12  dretinf.o(x$fpl$dretinf)
    __aeabi_cdrcmple                         0x0800eb29   Thumb Code     0  drleqf.o(x$fpl$drleqf)
    _drcmple                                 0x0800eb29   Thumb Code   108  drleqf.o(x$fpl$drleqf)
    __aeabi_drsub                            0x0800eb95   Thumb Code     0  daddsub_clz.o(x$fpl$drsb)
    _drsb                                    0x0800eb95   Thumb Code    22  daddsub_clz.o(x$fpl$drsb)
    _dsqrt                                   0x0800ebad   Thumb Code   456  dsqrt_noumaal.o(x$fpl$dsqrt)
    __aeabi_dsub                             0x0800ed79   Thumb Code     0  daddsub_clz.o(x$fpl$dsub)
    _dsub                                    0x0800ed79   Thumb Code   464  daddsub_clz.o(x$fpl$dsub)
    __aeabi_f2d                              0x0800ef4d   Thumb Code     0  f2d.o(x$fpl$f2d)
    _f2d                                     0x0800ef4d   Thumb Code    86  f2d.o(x$fpl$f2d)
    __aeabi_fadd                             0x0800efa5   Thumb Code     0  faddsub_clz.o(x$fpl$fadd)
    _fadd                                    0x0800efa5   Thumb Code   196  faddsub_clz.o(x$fpl$fadd)
    __fpl_fcheck_NaN1                        0x0800f069   Thumb Code     6  fcheck1.o(x$fpl$fcheck1)
    __fpl_fcmp_Inf                           0x0800f075   Thumb Code    24  fcmpi.o(x$fpl$fcmpinf)
    __aeabi_fdiv                             0x0800f08d   Thumb Code     0  fdiv.o(x$fpl$fdiv)
    _fdiv                                    0x0800f08d   Thumb Code   384  fdiv.o(x$fpl$fdiv)
    __aeabi_cfcmpeq                          0x0800f211   Thumb Code     0  feqf.o(x$fpl$feqf)
    _fcmpeq                                  0x0800f211   Thumb Code   104  feqf.o(x$fpl$feqf)
    __aeabi_f2iz                             0x0800f279   Thumb Code     0  ffix.o(x$fpl$ffix)
    _ffix                                    0x0800f279   Thumb Code    54  ffix.o(x$fpl$ffix)
    __aeabi_f2uiz                            0x0800f2b1   Thumb Code     0  ffixu.o(x$fpl$ffixu)
    _ffixu                                   0x0800f2b1   Thumb Code    62  ffixu.o(x$fpl$ffixu)
    __aeabi_i2f                              0x0800f2f1   Thumb Code     0  fflt_clz.o(x$fpl$fflt)
    _fflt                                    0x0800f2f1   Thumb Code    48  fflt_clz.o(x$fpl$fflt)
    __aeabi_ul2f                             0x0800f321   Thumb Code     0  ffltll_clz.o(x$fpl$ffltll)
    _ll_uto_f                                0x0800f321   Thumb Code     6  ffltll_clz.o(x$fpl$ffltll)
    __aeabi_l2f                              0x0800f327   Thumb Code     0  ffltll_clz.o(x$fpl$ffltll)
    _ll_sto_f                                0x0800f327   Thumb Code    90  ffltll_clz.o(x$fpl$ffltll)
    __aeabi_ui2f                             0x0800f381   Thumb Code     0  fflt_clz.o(x$fpl$ffltu)
    _ffltu                                   0x0800f381   Thumb Code    38  fflt_clz.o(x$fpl$ffltu)
    __aeabi_cfcmple                          0x0800f3a9   Thumb Code     0  fleqf.o(x$fpl$fleqf)
    _fcmple                                  0x0800f3a9   Thumb Code   104  fleqf.o(x$fpl$fleqf)
    __fpl_fcmple_InfNaN                      0x0800f3fb   Thumb Code     0  fleqf.o(x$fpl$fleqf)
    __aeabi_fmul                             0x0800f411   Thumb Code     0  fmul.o(x$fpl$fmul)
    _fmul                                    0x0800f411   Thumb Code   258  fmul.o(x$fpl$fmul)
    __fpl_fnaninf                            0x0800f513   Thumb Code   140  fnaninf.o(x$fpl$fnaninf)
    __fpl_fretinf                            0x0800f59f   Thumb Code    10  fretinf.o(x$fpl$fretinf)
    __aeabi_cfrcmple                         0x0800f5a9   Thumb Code     0  frleqf.o(x$fpl$frleqf)
    _frcmple                                 0x0800f5a9   Thumb Code    98  frleqf.o(x$fpl$frleqf)
    _frnd                                    0x0800f60d   Thumb Code    96  frnd.o(x$fpl$frnd)
    __aeabi_frsub                            0x0800f66d   Thumb Code     0  faddsub_clz.o(x$fpl$frsb)
    _frsb                                    0x0800f66d   Thumb Code    20  faddsub_clz.o(x$fpl$frsb)
    _fsqrt                                   0x0800f681   Thumb Code   272  fsqrt.o(x$fpl$fsqrt)
    __aeabi_fsub                             0x0800f791   Thumb Code     0  faddsub_clz.o(x$fpl$fsub)
    _fsub                                    0x0800f791   Thumb Code   234  faddsub_clz.o(x$fpl$fsub)
    __aeabi_f2lz                             0x0800f87d   Thumb Code     0  ffixll.o(x$fpl$llsfromf)
    _ll_sfrom_f                              0x0800f87d   Thumb Code   134  ffixll.o(x$fpl$llsfromf)
    _printf_fp_dec                           0x0800f903   Thumb Code     4  printf1.o(x$fpl$printf1)
    _printf_fp_hex                           0x0800f907   Thumb Code     4  printf2.o(x$fpl$printf2)
    __fpl_return_NaN                         0x0800f90b   Thumb Code   100  retnan.o(x$fpl$retnan)
    __ARM_scalbn                             0x0800f96f   Thumb Code    92  scalbn.o(x$fpl$scalbn)
    __ARM_scalbnf                            0x0800f9cb   Thumb Code    76  scalbnf.o(x$fpl$scalbnf)
    __fpl_cmpreturn                          0x0800fa17   Thumb Code    48  trapv.o(x$fpl$trapveneer)
    __I$use$fp                               0x0800fa46   Number         0  usenofp.o(x$fpl$usenofp)
    header                                   0x0800fa46   Data           2  linuxusart.o(.constdata)
    ender                                    0x0800fa48   Data           2  linuxusart.o(.constdata)
    reg                                      0x0800fa4c   Data          42  inv_mpu.o(.constdata)
    hw                                       0x0800fa76   Data          14  inv_mpu.o(.constdata)
    test                                     0x0800fa84   Data          48  inv_mpu.o(.constdata)
    ml_ver                                   0x080108aa   Data          20  mpl.o(.constdata)
    __mathlib_zero                           0x08010988   Data           8  qnan.o(.constdata)
    Region$$Table$$Base                      0x08010bac   Number         0  anon$$obj.o(Region$$Table)
    Region$$Table$$Limit                     0x08010bcc   Number         0  anon$$obj.o(Region$$Table)
    __ctype                                  0x08010bf5   Data           0  lc_ctype_c.o(locale$$data)
    leftSpeedSet                             0x20000000   Data           4  main.o(.data)
    rightSpeedSet                            0x20000004   Data           4  main.o(.data)
    testRece3                                0x20000008   Data           1  main.o(.data)
    pitch                                    0x2000000c   Data           4  main.o(.data)
    roll                                     0x20000010   Data           4  main.o(.data)
    yaw                                      0x20000014   Data           4  main.o(.data)
    sCaliFlag                                0x20000018   Data           2  main.o(.data)
    sAcc                                     0x2000001a   Data           6  main.o(.data)
    sGyro                                    0x20000020   Data           6  main.o(.data)
    sMag                                     0x20000026   Data           6  main.o(.data)
    temp                                     0x2000002c   Data           2  main.o(.data)
    SystemCoreClock                          0x20000030   Data           4  system_stm32f10x.o(.data)
    AHBPrescTable                            0x20000034   Data          16  system_stm32f10x.o(.data)
    __stdout                                 0x20000048   Data           4  usart.o(.data)
    Yaw0                                     0x2000004c   Data           2  linuxusart.o(.data)
    Roll0                                    0x2000004e   Data           2  linuxusart.o(.data)
    Pitch0                                   0x20000050   Data           2  linuxusart.o(.data)
    Accx                                     0x20000052   Data           2  linuxusart.o(.data)
    Accy                                     0x20000054   Data           2  linuxusart.o(.data)
    Accz                                     0x20000056   Data           2  linuxusart.o(.data)
    Gyrox                                    0x20000058   Data           2  linuxusart.o(.data)
    Gyroy                                    0x2000005a   Data           2  linuxusart.o(.data)
    Gyroz                                    0x2000005c   Data           2  linuxusart.o(.data)
    Magx                                     0x2000005e   Data           2  linuxusart.o(.data)
    Magy                                     0x20000060   Data           2  linuxusart.o(.data)
    Magz                                     0x20000062   Data           2  linuxusart.o(.data)
    sFlag                                    0x20000064   Data           2  linuxusart.o(.data)
    Yaw1                                     0x20000068   Data           4  linuxusart.o(.data)
    Roll1                                    0x2000006c   Data           4  linuxusart.o(.data)
    Pitch1                                   0x20000070   Data           4  linuxusart.o(.data)
    leftVelSet                               0x20000074   Data           2  linuxusart.o(.data)
    rightVelSet                              0x20000076   Data           2  linuxusart.o(.data)
    mpl_key                                  0x2000009c   Data           4  inv_mpu.o(.data)
    receiveBuff                              0x20000100   Data          16  linuxusart.o(.bss)
    cb                                       0x20000758   Data         232  compass_vec_cal.o(.bss)
    cb_test                                  0x20000840   Data         232  compass_vec_cal.o(.bss)
    cb_sim                                   0x20000928   Data         232  compass_vec_cal.o(.bss)
    vc                                       0x20000a10   Data         424  compass_vec_cal.o(.bss)
    fnm                                      0x20000bb8   Data         608  fast_no_motion.o(.bss)
    s9axis                                   0x20000e58   Data         312  fusion_9axis.o(.bss)
    mag_disturb                              0x20001678   Data         184  mag_disturb.o(.bss)
    __libspace_start                         0x20001730   Data          96  libspace.o(.bss)
    __temporary_stack_top$libspace           0x20001790   Data           0  libspace.o(.bss)



==============================================================================

Memory Map of the image

  Image Entry point : 0x08000131

  Load Region LR_IROM1 (Base: 0x08000000, Size: 0x00010df8, Max: 0x00080000, ABSOLUTE)

    Execution Region ER_IROM1 (Exec base: 0x08000000, Load base: 0x08000000, Size: 0x00010cf8, Max: 0x00080000, ABSOLUTE)

    Exec Addr    Load Addr    Size         Type   Attr      Idx    E Section Name        Object

    0x08000000   0x08000000   0x00000130   Data   RO          559    RESET               startup_stm32f10x_hd.o
    0x08000130   0x08000130   0x00000008   Code   RO         4175  * !!!main             c_w.l(__main.o)
    0x08000138   0x08000138   0x00000034   Code   RO         4758    !!!scatter          c_w.l(__scatter.o)
    0x0800016c   0x0800016c   0x0000001a   Code   RO         4760    !!handler_copy      c_w.l(__scatter_copy.o)
    0x08000186   0x08000186   0x00000002   PAD
    0x08000188   0x08000188   0x0000001c   Code   RO         4762    !!handler_zi        c_w.l(__scatter_zi.o)
    0x080001a4   0x080001a4   0x00000000   Code   RO         4158    .ARM.Collect$$_printf_percent$$00000000  c_w.l(_printf_percent.o)
    0x080001a4   0x080001a4   0x00000006   Code   RO         4427    .ARM.Collect$$_printf_percent$$00000001  c_w.l(_printf_n.o)
    0x080001aa   0x080001aa   0x00000006   Code   RO         4428    .ARM.Collect$$_printf_percent$$00000002  c_w.l(_printf_p.o)
    0x080001b0   0x080001b0   0x00000006   Code   RO         4157    .ARM.Collect$$_printf_percent$$00000003  c_w.l(_printf_f.o)
    0x080001b6   0x080001b6   0x00000006   Code   RO         4432    .ARM.Collect$$_printf_percent$$00000004  c_w.l(_printf_e.o)
    0x080001bc   0x080001bc   0x00000006   Code   RO         4433    .ARM.Collect$$_printf_percent$$00000005  c_w.l(_printf_g.o)
    0x080001c2   0x080001c2   0x00000006   Code   RO         4434    .ARM.Collect$$_printf_percent$$00000006  c_w.l(_printf_a.o)
    0x080001c8   0x080001c8   0x0000000a   Code   RO         4439    .ARM.Collect$$_printf_percent$$00000007  c_w.l(_printf_ll.o)
    0x080001d2   0x080001d2   0x00000006   Code   RO         4430    .ARM.Collect$$_printf_percent$$00000008  c_w.l(_printf_i.o)
    0x080001d8   0x080001d8   0x00000006   Code   RO         4156    .ARM.Collect$$_printf_percent$$00000009  c_w.l(_printf_d.o)
    0x080001de   0x080001de   0x00000006   Code   RO         4431    .ARM.Collect$$_printf_percent$$0000000A  c_w.l(_printf_u.o)
    0x080001e4   0x080001e4   0x00000006   Code   RO         4429    .ARM.Collect$$_printf_percent$$0000000B  c_w.l(_printf_o.o)
    0x080001ea   0x080001ea   0x00000006   Code   RO         4155    .ARM.Collect$$_printf_percent$$0000000C  c_w.l(_printf_x.o)
    0x080001f0   0x080001f0   0x00000006   Code   RO         4436    .ARM.Collect$$_printf_percent$$0000000D  c_w.l(_printf_lli.o)
    0x080001f6   0x080001f6   0x00000006   Code   RO         4437    .ARM.Collect$$_printf_percent$$0000000E  c_w.l(_printf_lld.o)
    0x080001fc   0x080001fc   0x00000006   Code   RO         4438    .ARM.Collect$$_printf_percent$$0000000F  c_w.l(_printf_llu.o)
    0x08000202   0x08000202   0x00000006   Code   RO         4443    .ARM.Collect$$_printf_percent$$00000010  c_w.l(_printf_llo.o)
    0x08000208   0x08000208   0x00000006   Code   RO         4444    .ARM.Collect$$_printf_percent$$00000011  c_w.l(_printf_llx.o)
    0x0800020e   0x0800020e   0x0000000a   Code   RO         4440    .ARM.Collect$$_printf_percent$$00000012  c_w.l(_printf_l.o)
    0x08000218   0x08000218   0x00000006   Code   RO         4425    .ARM.Collect$$_printf_percent$$00000013  c_w.l(_printf_c.o)
    0x0800021e   0x0800021e   0x00000006   Code   RO         4426    .ARM.Collect$$_printf_percent$$00000014  c_w.l(_printf_s.o)
    0x08000224   0x08000224   0x00000006   Code   RO         4441    .ARM.Collect$$_printf_percent$$00000015  c_w.l(_printf_lc.o)
    0x0800022a   0x0800022a   0x00000006   Code   RO         4442    .ARM.Collect$$_printf_percent$$00000016  c_w.l(_printf_ls.o)
    0x08000230   0x08000230   0x00000004   Code   RO         4435    .ARM.Collect$$_printf_percent$$00000017  c_w.l(_printf_percent_end.o)
    0x08000234   0x08000234   0x00000002   Code   RO         4624    .ARM.Collect$$libinit$$00000000  c_w.l(libinit.o)
    0x08000236   0x08000236   0x00000000   Code   RO         4626    .ARM.Collect$$libinit$$00000002  c_w.l(libinit2.o)
    0x08000236   0x08000236   0x00000000   Code   RO         4628    .ARM.Collect$$libinit$$00000004  c_w.l(libinit2.o)
    0x08000236   0x08000236   0x00000000   Code   RO         4631    .ARM.Collect$$libinit$$0000000A  c_w.l(libinit2.o)
    0x08000236   0x08000236   0x00000000   Code   RO         4633    .ARM.Collect$$libinit$$0000000C  c_w.l(libinit2.o)
    0x08000236   0x08000236   0x00000000   Code   RO         4635    .ARM.Collect$$libinit$$0000000E  c_w.l(libinit2.o)
    0x08000236   0x08000236   0x00000006   Code   RO         4636    .ARM.Collect$$libinit$$0000000F  c_w.l(libinit2.o)
    0x0800023c   0x0800023c   0x00000000   Code   RO         4638    .ARM.Collect$$libinit$$00000011  c_w.l(libinit2.o)
    0x0800023c   0x0800023c   0x0000000c   Code   RO         4639    .ARM.Collect$$libinit$$00000012  c_w.l(libinit2.o)
    0x08000248   0x08000248   0x00000000   Code   RO         4640    .ARM.Collect$$libinit$$00000013  c_w.l(libinit2.o)
    0x08000248   0x08000248   0x00000000   Code   RO         4642    .ARM.Collect$$libinit$$00000015  c_w.l(libinit2.o)
    0x08000248   0x08000248   0x0000000a   Code   RO         4643    .ARM.Collect$$libinit$$00000016  c_w.l(libinit2.o)
    0x08000252   0x08000252   0x00000000   Code   RO         4644    .ARM.Collect$$libinit$$00000017  c_w.l(libinit2.o)
    0x08000252   0x08000252   0x00000000   Code   RO         4646    .ARM.Collect$$libinit$$00000019  c_w.l(libinit2.o)
    0x08000252   0x08000252   0x00000000   Code   RO         4648    .ARM.Collect$$libinit$$0000001B  c_w.l(libinit2.o)
    0x08000252   0x08000252   0x00000000   Code   RO         4650    .ARM.Collect$$libinit$$0000001D  c_w.l(libinit2.o)
    0x08000252   0x08000252   0x00000000   Code   RO         4652    .ARM.Collect$$libinit$$0000001F  c_w.l(libinit2.o)
    0x08000252   0x08000252   0x00000000   Code   RO         4654    .ARM.Collect$$libinit$$00000021  c_w.l(libinit2.o)
    0x08000252   0x08000252   0x00000000   Code   RO         4656    .ARM.Collect$$libinit$$00000023  c_w.l(libinit2.o)
    0x08000252   0x08000252   0x00000000   Code   RO         4658    .ARM.Collect$$libinit$$00000025  c_w.l(libinit2.o)
    0x08000252   0x08000252   0x00000000   Code   RO         4662    .ARM.Collect$$libinit$$0000002C  c_w.l(libinit2.o)
    0x08000252   0x08000252   0x00000000   Code   RO         4664    .ARM.Collect$$libinit$$0000002E  c_w.l(libinit2.o)
    0x08000252   0x08000252   0x00000000   Code   RO         4666    .ARM.Collect$$libinit$$00000030  c_w.l(libinit2.o)
    0x08000252   0x08000252   0x00000000   Code   RO         4668    .ARM.Collect$$libinit$$00000032  c_w.l(libinit2.o)
    0x08000252   0x08000252   0x00000002   Code   RO         4669    .ARM.Collect$$libinit$$00000033  c_w.l(libinit2.o)
    0x08000254   0x08000254   0x00000002   Code   RO         4716    .ARM.Collect$$libshutdown$$00000000  c_w.l(libshutdown.o)
    0x08000256   0x08000256   0x00000000   Code   RO         4725    .ARM.Collect$$libshutdown$$00000002  c_w.l(libshutdown2.o)
    0x08000256   0x08000256   0x00000000   Code   RO         4727    .ARM.Collect$$libshutdown$$00000004  c_w.l(libshutdown2.o)
    0x08000256   0x08000256   0x00000000   Code   RO         4729    .ARM.Collect$$libshutdown$$00000006  c_w.l(libshutdown2.o)
    0x08000256   0x08000256   0x00000000   Code   RO         4732    .ARM.Collect$$libshutdown$$00000009  c_w.l(libshutdown2.o)
    0x08000256   0x08000256   0x00000000   Code   RO         4735    .ARM.Collect$$libshutdown$$0000000C  c_w.l(libshutdown2.o)
    0x08000256   0x08000256   0x00000000   Code   RO         4737    .ARM.Collect$$libshutdown$$0000000E  c_w.l(libshutdown2.o)
    0x08000256   0x08000256   0x00000000   Code   RO         4740    .ARM.Collect$$libshutdown$$00000011  c_w.l(libshutdown2.o)
    0x08000256   0x08000256   0x00000002   Code   RO         4741    .ARM.Collect$$libshutdown$$00000012  c_w.l(libshutdown2.o)
    0x08000258   0x08000258   0x00000000   Code   RO         4393    .ARM.Collect$$rtentry$$00000000  c_w.l(__rtentry.o)
    0x08000258   0x08000258   0x00000000   Code   RO         4527    .ARM.Collect$$rtentry$$00000002  c_w.l(__rtentry2.o)
    0x08000258   0x08000258   0x00000006   Code   RO         4539    .ARM.Collect$$rtentry$$00000004  c_w.l(__rtentry4.o)
    0x0800025e   0x0800025e   0x00000000   Code   RO         4529    .ARM.Collect$$rtentry$$00000009  c_w.l(__rtentry2.o)
    0x0800025e   0x0800025e   0x00000004   Code   RO         4530    .ARM.Collect$$rtentry$$0000000A  c_w.l(__rtentry2.o)
    0x08000262   0x08000262   0x00000000   Code   RO         4532    .ARM.Collect$$rtentry$$0000000C  c_w.l(__rtentry2.o)
    0x08000262   0x08000262   0x00000008   Code   RO         4533    .ARM.Collect$$rtentry$$0000000D  c_w.l(__rtentry2.o)
    0x0800026a   0x0800026a   0x00000002   Code   RO         4672    .ARM.Collect$$rtexit$$00000000  c_w.l(rtexit.o)
    0x0800026c   0x0800026c   0x00000000   Code   RO         4686    .ARM.Collect$$rtexit$$00000002  c_w.l(rtexit2.o)
    0x0800026c   0x0800026c   0x00000004   Code   RO         4687    .ARM.Collect$$rtexit$$00000003  c_w.l(rtexit2.o)
    0x08000270   0x08000270   0x00000006   Code   RO         4688    .ARM.Collect$$rtexit$$00000004  c_w.l(rtexit2.o)
    0x08000276   0x08000276   0x00000002   PAD
    0x08000278   0x08000278   0x00000040   Code   RO          560    .text               startup_stm32f10x_hd.o
    0x080002b8   0x080002b8   0x00001e5c   Code   RO         3860    .text               libmpllib.lib(compass_vec_cal.o)
    0x08002114   0x08002114   0x000009f4   Code   RO         3950    .text               libmpllib.lib(fast_no_motion.o)
    0x08002b08   0x08002b08   0x0000065c   Code   RO         3983    .text               libmpllib.lib(fusion_9axis.o)
    0x08003164   0x08003164   0x000004bc   Code   RO         4005    .text               libmpllib.lib(gyro_tc.o)
    0x08003620   0x08003620   0x00000940   Code   RO         4023    .text               libmpllib.lib(quaternion_supervisor.o)
    0x08003f60   0x08003f60   0x00000aec   Code   RO         4041    .text               libmpllib.lib(accel_auto_cal.o)
    0x08004a4c   0x08004a4c   0x00000550   Code   RO         4070    .text               libmpllib.lib(mag_disturb.o)
    0x08004f9c   0x08004f9c   0x00000002   Code   RO         4094    .text               c_w.l(use_no_semi_2.o)
    0x08004f9e   0x08004f9e   0x00000026   Code   RO         4096    .text               c_w.l(llshl.o)
    0x08004fc4   0x08004fc4   0x00000026   Code   RO         4098    .text               c_w.l(llsshr.o)
    0x08004fea   0x08004fea   0x00000048   Code   RO         4100    .text               c_w.l(llsdiv.o)
    0x08005032   0x08005032   0x00000002   PAD
    0x08005034   0x08005034   0x00000024   Code   RO         4102    .text               c_w.l(vsprintf.o)
    0x08005058   0x08005058   0x00000018   Code   RO         4104    .text               c_w.l(__2printf.o)
    0x08005070   0x08005070   0x0000004e   Code   RO         4110    .text               c_w.l(_printf_pad.o)
    0x080050be   0x080050be   0x00000002   PAD
    0x080050c0   0x080050c0   0x00000078   Code   RO         4112    .text               c_w.l(_printf_dec.o)
    0x08005138   0x08005138   0x00000094   Code   RO         4132    .text               c_w.l(_printf_hex_int_ll_ptr.o)
    0x080051cc   0x080051cc   0x00000188   Code   RO         4152    .text               c_w.l(__printf_flags_ss_wp.o)
    0x08005354   0x08005354   0x00000058   Code   RO         4159    .text               c_w.l(memcmp.o)
    0x080053ac   0x080053ac   0x0000008a   Code   RO         4161    .text               c_w.l(rt_memcpy_v6.o)
    0x08005436   0x08005436   0x00000064   Code   RO         4163    .text               c_w.l(rt_memcpy_w.o)
    0x0800549a   0x0800549a   0x0000007a   Code   RO         4165    .text               c_w.l(rt_memmove_w.o)
    0x08005514   0x08005514   0x00000010   Code   RO         4167    .text               c_w.l(aeabi_memset.o)
    0x08005524   0x08005524   0x00000044   Code   RO         4169    .text               c_w.l(rt_memclr.o)
    0x08005568   0x08005568   0x0000004e   Code   RO         4171    .text               c_w.l(rt_memclr_w.o)
    0x080055b6   0x080055b6   0x00000006   Code   RO         4173    .text               c_w.l(heapauxi.o)
    0x080055bc   0x080055bc   0x00000002   Code   RO         4391    .text               c_w.l(use_no_semi.o)
    0x080055be   0x080055be   0x000000ee   Code   RO         4394    .text               c_w.l(lludivv7m.o)
    0x080056ac   0x080056ac   0x00000016   Code   RO         4396    .text               c_w.l(_rserrno.o)
    0x080056c2   0x080056c2   0x00000024   Code   RO         4398    .text               c_w.l(_printf_truncate.o)
    0x080056e6   0x080056e6   0x00000052   Code   RO         4400    .text               c_w.l(_printf_str.o)
    0x08005738   0x08005738   0x000000b2   Code   RO         4402    .text               c_w.l(_printf_intcommon.o)
    0x080057ea   0x080057ea   0x00000028   Code   RO         4404    .text               c_w.l(_printf_charcount.o)
    0x08005812   0x08005812   0x0000041e   Code   RO         4406    .text               c_w.l(_printf_fp_dec.o)
    0x08005c30   0x08005c30   0x00000030   Code   RO         4408    .text               c_w.l(_printf_char_common.o)
    0x08005c60   0x08005c60   0x0000000a   Code   RO         4410    .text               c_w.l(_sputc.o)
    0x08005c6a   0x08005c6a   0x00000002   PAD
    0x08005c6c   0x08005c6c   0x00000024   Code   RO         4412    .text               c_w.l(_printf_char_file.o)
    0x08005c90   0x08005c90   0x000000bc   Code   RO         4414    .text               c_w.l(_printf_wctomb.o)
    0x08005d4c   0x08005d4c   0x0000007c   Code   RO         4417    .text               c_w.l(_printf_longlong_dec.o)
    0x08005dc8   0x08005dc8   0x00000070   Code   RO         4423    .text               c_w.l(_printf_oct_int_ll.o)
    0x08005e38   0x08005e38   0x00000008   Code   RO         4548    .text               c_w.l(rt_locale_intlibspace.o)
    0x08005e40   0x08005e40   0x00000008   Code   RO         4553    .text               c_w.l(rt_errno_addr_intlibspace.o)
    0x08005e48   0x08005e48   0x0000008a   Code   RO         4555    .text               c_w.l(lludiv10.o)
    0x08005ed2   0x08005ed2   0x00000002   PAD
    0x08005ed4   0x08005ed4   0x000002fc   Code   RO         4557    .text               c_w.l(_printf_fp_hex.o)
    0x080061d0   0x080061d0   0x00000080   Code   RO         4560    .text               c_w.l(_printf_fp_infnan.o)
    0x08006250   0x08006250   0x0000002c   Code   RO         4564    .text               c_w.l(_printf_char.o)
    0x0800627c   0x0800627c   0x0000002c   Code   RO         4566    .text               c_w.l(_printf_wchar.o)
    0x080062a8   0x080062a8   0x000000e4   Code   RO         4568    .text               c_w.l(bigflt0.o)
    0x0800638c   0x0800638c   0x00000008   Code   RO         4593    .text               c_w.l(ferror.o)
    0x08006394   0x08006394   0x00000040   Code   RO         4597    .text               c_w.l(_wcrtomb.o)
    0x080063d4   0x080063d4   0x00000008   Code   RO         4606    .text               c_w.l(libspace.o)
    0x080063dc   0x080063dc   0x0000004a   Code   RO         4609    .text               c_w.l(sys_stackheap_outer.o)
    0x08006426   0x08006426   0x00000002   PAD
    0x08006428   0x08006428   0x00000010   Code   RO         4611    .text               c_w.l(rt_ctype_table.o)
    0x08006438   0x08006438   0x00000012   Code   RO         4615    .text               c_w.l(exit.o)
    0x0800644a   0x0800644a   0x00000002   PAD
    0x0800644c   0x0800644c   0x00000080   Code   RO         4617    .text               c_w.l(strcmpv7m.o)
    0x080064cc   0x080064cc   0x0000003e   Code   RO         4571    CL$$btod_d2e        c_w.l(btod.o)
    0x0800650a   0x0800650a   0x00000046   Code   RO         4573    CL$$btod_d2e_denorm_low  c_w.l(btod.o)
    0x08006550   0x08006550   0x00000060   Code   RO         4572    CL$$btod_d2e_norm_op1  c_w.l(btod.o)
    0x080065b0   0x080065b0   0x00000338   Code   RO         4581    CL$$btod_div_common  c_w.l(btod.o)
    0x080068e8   0x080068e8   0x000000dc   Code   RO         4578    CL$$btod_e2e        c_w.l(btod.o)
    0x080069c4   0x080069c4   0x0000002a   Code   RO         4575    CL$$btod_ediv       c_w.l(btod.o)
    0x080069ee   0x080069ee   0x0000002a   Code   RO         4574    CL$$btod_emul       c_w.l(btod.o)
    0x08006a18   0x08006a18   0x00000244   Code   RO         4580    CL$$btod_mult_common  c_w.l(btod.o)
    0x08006c5c   0x08006c5c   0x00000004   Code   RO          138    i.BusFault_Handler  stm32f10x_it.o
    0x08006c60   0x08006c60   0x00000002   Code   RO          139    i.DebugMon_Handler  stm32f10x_it.o
    0x08006c62   0x08006c62   0x00000116   Code   RO          570    i.GPIO_Init         stm32f10x_gpio.o
    0x08006d78   0x08006d78   0x00000004   Code   RO          578    i.GPIO_SetBits      stm32f10x_gpio.o
    0x08006d7c   0x08006d7c   0x00000004   Code   RO          140    i.HardFault_Handler  stm32f10x_it.o
    0x08006d80   0x08006d80   0x0000004c   Code   RO          348    i.IIC_Ack           mpuiic.o
    0x08006dcc   0x08006dcc   0x00000034   Code   RO          349    i.IIC_Init          mpuiic.o
    0x08006e00   0x08006e00   0x0000004c   Code   RO          350    i.IIC_NAck          mpuiic.o
    0x08006e4c   0x08006e4c   0x00000070   Code   RO          351    i.IIC_Read_Byte     mpuiic.o
    0x08006ebc   0x08006ebc   0x00000064   Code   RO          352    i.IIC_Send_Byte     mpuiic.o
    0x08006f20   0x08006f20   0x0000004c   Code   RO          353    i.IIC_Start         mpuiic.o
    0x08006f6c   0x08006f6c   0x0000004c   Code   RO          354    i.IIC_Stop          mpuiic.o
    0x08006fb8   0x08006fb8   0x00000064   Code   RO          355    i.IIC_Wait_Ack      mpuiic.o
    0x0800701c   0x0800701c   0x00000074   Code   RO          267    i.MPU_Read_Len      mpu9250.o
    0x08007090   0x08007090   0x00000060   Code   RO          273    i.MPU_Write_Len     mpu9250.o
    0x080070f0   0x080070f0   0x00000004   Code   RO          141    i.MemManage_Handler  stm32f10x_it.o
    0x080070f4   0x080070f4   0x00000002   Code   RO          142    i.NMI_Handler       stm32f10x_it.o
    0x080070f6   0x080070f6   0x00000002   PAD
    0x080070f8   0x080070f8   0x00000070   Code   RO         1058    i.NVIC_Init         misc.o
    0x08007168   0x08007168   0x00000014   Code   RO         1059    i.NVIC_PriorityGroupConfig  misc.o
    0x0800717c   0x0800717c   0x00000002   Code   RO          143    i.PendSV_Handler    stm32f10x_it.o
    0x0800717e   0x0800717e   0x00000002   PAD
    0x08007180   0x08007180   0x00000020   Code   RO          682    i.RCC_APB2PeriphClockCmd  stm32f10x_rcc.o
    0x080071a0   0x080071a0   0x000000d4   Code   RO          690    i.RCC_GetClocksFreq  stm32f10x_rcc.o
    0x08007274   0x08007274   0x00000002   Code   RO          144    i.SVC_Handler       stm32f10x_it.o
    0x08007276   0x08007276   0x00000008   Code   RO          227    i.SetSysClock       system_stm32f10x.o
    0x0800727e   0x0800727e   0x00000002   PAD
    0x08007280   0x08007280   0x000000e0   Code   RO          228    i.SetSysClockTo72   system_stm32f10x.o
    0x08007360   0x08007360   0x00000028   Code   RO         1062    i.SysTick_CLKSourceConfig  misc.o
    0x08007388   0x08007388   0x00000002   Code   RO          145    i.SysTick_Handler   stm32f10x_it.o
    0x0800738a   0x0800738a   0x00000002   PAD
    0x0800738c   0x0800738c   0x00000060   Code   RO          230    i.SystemInit        system_stm32f10x.o
    0x080073ec   0x080073ec   0x00000034   Code   RO            1    i.USART1_IRQHandler  main.o
    0x08007420   0x08007420   0x0000001e   Code   RO          879    i.USART_ClearITPendingBit  stm32f10x_usart.o
    0x0800743e   0x0800743e   0x00000018   Code   RO          882    i.USART_Cmd         stm32f10x_usart.o
    0x08007456   0x08007456   0x00000054   Code   RO          886    i.USART_GetITStatus  stm32f10x_usart.o
    0x080074aa   0x080074aa   0x0000004a   Code   RO          888    i.USART_ITConfig    stm32f10x_usart.o
    0x080074f4   0x080074f4   0x000000d8   Code   RO          889    i.USART_Init        stm32f10x_usart.o
    0x080075cc   0x080075cc   0x0000000a   Code   RO          896    i.USART_ReceiveData  stm32f10x_usart.o
    0x080075d6   0x080075d6   0x00000002   PAD
    0x080075d8   0x080075d8   0x0000003c   Code   RO          512    i.USART_Send_String  linuxusart.o
    0x08007614   0x08007614   0x00000004   Code   RO          146    i.UsageFault_Handler  stm32f10x_it.o
    0x08007618   0x08007618   0x00000180   Code   RO          513    i.UsartSendData     linuxusart.o
    0x08007798   0x08007798   0x000000ca   Code   RO         3105    i._MLPrintLog       log_stm32.o
    0x08007862   0x08007862   0x00000028   Code   RO         4491    i.__ARM_fpclassify  m_ws.l(fpclassify.o)
    0x0800788a   0x0800788a   0x00000026   Code   RO         4493    i.__ARM_fpclassifyf  m_ws.l(fpclassifyf.o)
    0x080078b0   0x080078b0   0x00000388   Code   RO         4512    i.__ieee754_rem_pio2  m_ws.l(rred.o)
    0x08007c38   0x08007c38   0x000000fc   Code   RO         4474    i.__kernel_cos      m_ws.l(cos_i.o)
    0x08007d34   0x08007d34   0x000000aa   Code   RO         4509    i.__kernel_poly     m_ws.l(poly.o)
    0x08007dde   0x08007dde   0x00000002   PAD
    0x08007de0   0x08007de0   0x000000ec   Code   RO         4520    i.__kernel_sin      m_ws.l(sin_i.o)
    0x08007ecc   0x08007ecc   0x00000010   Code   RO         4477    i.__mathlib_dbl_divzero  m_ws.l(dunder.o)
    0x08007edc   0x08007edc   0x00000006   Code   RO         4478    i.__mathlib_dbl_infnan  m_ws.l(dunder.o)
    0x08007ee2   0x08007ee2   0x0000000c   Code   RO         4480    i.__mathlib_dbl_invalid  m_ws.l(dunder.o)
    0x08007eee   0x08007eee   0x00000002   PAD
    0x08007ef0   0x08007ef0   0x00000010   Code   RO         4483    i.__mathlib_dbl_underflow  m_ws.l(dunder.o)
    0x08007f00   0x08007f00   0x00000006   Code   RO         4496    i.__mathlib_flt_infnan  m_ws.l(funder.o)
    0x08007f06   0x08007f06   0x00000004   Code   RO         4497    i.__mathlib_flt_infnan2  m_ws.l(funder.o)
    0x08007f0a   0x08007f0a   0x00000008   Code   RO         4498    i.__mathlib_flt_invalid  m_ws.l(funder.o)
    0x08007f12   0x08007f12   0x0000000a   Code   RO         4501    i.__mathlib_flt_underflow  m_ws.l(funder.o)
    0x08007f1c   0x08007f1c   0x00000168   Code   RO         4517    i.__mathlib_rredf2  m_ws.l(rredf.o)
    0x08008084   0x08008084   0x00000034   Code   RO         3512    i.__print_result_location  mpl.o
    0x080080b8   0x080080b8   0x0000000e   Code   RO         4145    i._is_digit         c_w.l(__printf_wp.o)
    0x080080c6   0x080080c6   0x00000006   Code   RO          481    i._sys_exit         usart.o
    0x080080cc   0x080080cc   0x0000053c   Code   RO         2501    i.accel_6500_self_test  inv_mpu.o
    0x08008608   0x08008608   0x0000011c   Code   RO         4264    i.acosf             m_ws.l(acosf.o)
    0x08008724   0x08008724   0x000002a4   Code   RO         4308    i.atan2f            m_ws.l(atan2f.o)
    0x080089c8   0x080089c8   0x0000014c   Code   RO         2502    i.compass_self_test  inv_mpu.o
    0x08008b14   0x08008b14   0x0000009c   Code   RO         4320    i.cos               m_ws.l(cos.o)
    0x08008bb0   0x08008bb0   0x0000017c   Code   RO         4328    i.cosf              m_ws.l(cosf.o)
    0x08008d2c   0x08008d2c   0x00000064   Code   RO         2923    i.decode_gesture    inv_mpu_dmp_motion_driver.o
    0x08008d90   0x08008d90   0x00000044   Code   RO          426    i.delay_init        delay.o
    0x08008dd4   0x08008dd4   0x0000004c   Code   RO          427    i.delay_ms          delay.o
    0x08008e20   0x08008e20   0x0000004c   Code   RO          428    i.delay_us          delay.o
    0x08008e6c   0x08008e6c   0x0000003c   Code   RO         2924    i.dmp_enable_6x_lp_quat  inv_mpu_dmp_motion_driver.o
    0x08008ea8   0x08008ea8   0x0000021c   Code   RO         2925    i.dmp_enable_feature  inv_mpu_dmp_motion_driver.o
    0x080090c4   0x080090c4   0x00000058   Code   RO         2926    i.dmp_enable_gyro_cal  inv_mpu_dmp_motion_driver.o
    0x0800911c   0x0800911c   0x0000003c   Code   RO         2927    i.dmp_enable_lp_quat  inv_mpu_dmp_motion_driver.o
    0x08009158   0x08009158   0x00000018   Code   RO         2932    i.dmp_load_motion_driver_firmware  inv_mpu_dmp_motion_driver.o
    0x08009170   0x08009170   0x000001cc   Code   RO         2933    i.dmp_read_fifo     inv_mpu_dmp_motion_driver.o
    0x0800933c   0x0800933c   0x00000130   Code   RO         2936    i.dmp_set_accel_bias  inv_mpu_dmp_motion_driver.o
    0x0800946c   0x0800946c   0x00000070   Code   RO         2937    i.dmp_set_fifo_rate  inv_mpu_dmp_motion_driver.o
    0x080094dc   0x080094dc   0x00000130   Code   RO         2938    i.dmp_set_gyro_bias  inv_mpu_dmp_motion_driver.o
    0x0800960c   0x0800960c   0x00000138   Code   RO         2940    i.dmp_set_orientation  inv_mpu_dmp_motion_driver.o
    0x08009744   0x08009744   0x00000038   Code   RO         2943    i.dmp_set_shake_reject_thresh  inv_mpu_dmp_motion_driver.o
    0x0800977c   0x0800977c   0x00000026   Code   RO         2944    i.dmp_set_shake_reject_time  inv_mpu_dmp_motion_driver.o
    0x080097a2   0x080097a2   0x00000026   Code   RO         2945    i.dmp_set_shake_reject_timeout  inv_mpu_dmp_motion_driver.o
    0x080097c8   0x080097c8   0x00000046   Code   RO         2946    i.dmp_set_tap_axes  inv_mpu_dmp_motion_driver.o
    0x0800980e   0x0800980e   0x00000026   Code   RO         2947    i.dmp_set_tap_count  inv_mpu_dmp_motion_driver.o
    0x08009834   0x08009834   0x000001a0   Code   RO         2948    i.dmp_set_tap_thresh  inv_mpu_dmp_motion_driver.o
    0x080099d4   0x080099d4   0x00000026   Code   RO         2949    i.dmp_set_tap_time  inv_mpu_dmp_motion_driver.o
    0x080099fa   0x080099fa   0x00000026   Code   RO         2950    i.dmp_set_tap_time_multi  inv_mpu_dmp_motion_driver.o
    0x08009a20   0x08009a20   0x0000001c   Code   RO          482    i.fputc             usart.o
    0x08009a3c   0x08009a3c   0x00000038   Code   RO          514    i.getCrc8           linuxusart.o
    0x08009a74   0x08009a74   0x0000064c   Code   RO         2503    i.get_st_6500_biases  inv_mpu.o
    0x0800a0c0   0x0800a0c0   0x000004e8   Code   RO         2505    i.gyro_6500_self_test  inv_mpu.o
    0x0800a5a8   0x0800a5a8   0x0000006a   Code   RO         1817    i.inv_apply_calibration  data_builder.o
    0x0800a612   0x0800a612   0x00000002   PAD
    0x0800a614   0x0800a614   0x0000008c   Code   RO         1818    i.inv_build_accel   data_builder.o
    0x0800a6a0   0x0800a6a0   0x000000b0   Code   RO         1819    i.inv_build_compass  data_builder.o
    0x0800a750   0x0800a750   0x00000038   Code   RO         1820    i.inv_build_gyro    data_builder.o
    0x0800a788   0x0800a788   0x0000002c   Code   RO         1822    i.inv_build_temp    data_builder.o
    0x0800a7b4   0x0800a7b4   0x000000a2   Code   RO         3155    i.inv_compass_angle  ml_math_func.o
    0x0800a856   0x0800a856   0x00000072   Code   RO         3157    i.inv_convert_to_body_with_scale  ml_math_func.o
    0x0800a8c8   0x0800a8c8   0x00000050   Code   RO         1824    i.inv_db_load_func  data_builder.o
    0x0800a918   0x0800a918   0x00000018   Code   RO         1825    i.inv_db_save_func  data_builder.o
    0x0800a930   0x0800a930   0x00000010   Code   RO         1826    i.inv_disable_compass_soft_iron_matrix  data_builder.o
    0x0800a940   0x0800a940   0x0000001c   Code   RO         2301    i.inv_enable_eMPL_outputs  empl_outputs.o
    0x0800a95c   0x0800a95c   0x00000020   Code   RO         3550    i.inv_enable_results_holder  results_holder.o
    0x0800a97c   0x0800a97c   0x0000002c   Code   RO         3785    i.inv_execute_mpl_start_notification  start_manager.o
    0x0800a9a8   0x0800a9a8   0x000000a0   Code   RO         1828    i.inv_execute_on_data  data_builder.o
    0x0800aa48   0x0800aa48   0x000000f0   Code   RO         2302    i.inv_generate_eMPL_outputs  empl_outputs.o
    0x0800ab38   0x0800ab38   0x00000010   Code   RO         3551    i.inv_generate_results  results_holder.o
    0x0800ab48   0x0800ab48   0x00000018   Code   RO         3552    i.inv_get_6axis_quaternion  results_holder.o
    0x0800ab60   0x0800ab60   0x0000000c   Code   RO         3553    i.inv_get_acc_state  results_holder.o
    0x0800ab6c   0x0800ab6c   0x0000000c   Code   RO         1829    i.inv_get_accel_accuracy  data_builder.o
    0x0800ab78   0x0800ab78   0x00000010   Code   RO         1831    i.inv_get_accel_on  data_builder.o
    0x0800ab88   0x0800ab88   0x0000002c   Code   RO         1835    i.inv_get_accel_set  data_builder.o
    0x0800abb4   0x0800abb4   0x00000018   Code   RO         1836    i.inv_get_compass_bias  data_builder.o
    0x0800abcc   0x0800abcc   0x00000018   Code   RO         3557    i.inv_get_compass_correction  results_holder.o
    0x0800abe4   0x0800abe4   0x00000010   Code   RO         1838    i.inv_get_compass_on  data_builder.o
    0x0800abf4   0x0800abf4   0x0000001c   Code   RO         1845    i.inv_get_compass_soft_iron_output_data  data_builder.o
    0x0800ac10   0x0800ac10   0x0000000c   Code   RO         3558    i.inv_get_compass_state  results_holder.o
    0x0800ac1c   0x0800ac1c   0x00000060   Code   RO         3559    i.inv_get_gravity   results_holder.o
    0x0800ac7c   0x0800ac7c   0x00000010   Code   RO         1846    i.inv_get_gyro      data_builder.o
    0x0800ac8c   0x0800ac8c   0x0000000c   Code   RO         1847    i.inv_get_gyro_accuracy  data_builder.o
    0x0800ac98   0x0800ac98   0x00000024   Code   RO         1848    i.inv_get_gyro_bias  data_builder.o
    0x0800acbc   0x0800acbc   0x00000020   Code   RO         1849    i.inv_get_gyro_bias_tc_set  data_builder.o
    0x0800acdc   0x0800acdc   0x00000010   Code   RO         1850    i.inv_get_gyro_on   data_builder.o
    0x0800acec   0x0800acec   0x0000001c   Code   RO         3161    i.inv_get_gyro_sum_of_sqr  ml_math_func.o
    0x0800ad08   0x0800ad08   0x0000000c   Code   RO         3562    i.inv_get_large_mag_field  results_holder.o
    0x0800ad14   0x0800ad14   0x00000068   Code   RO         1856    i.inv_get_last_timestamp  data_builder.o
    0x0800ad7c   0x0800ad7c   0x0000003c   Code   RO         3563    i.inv_get_linear_accel  results_holder.o
    0x0800adb8   0x0800adb8   0x00000038   Code   RO         3564    i.inv_get_linear_accel_float  results_holder.o
    0x0800adf0   0x0800adf0   0x00000010   Code   RO         3565    i.inv_get_local_field  results_holder.o
    0x0800ae00   0x0800ae00   0x0000001c   Code   RO         1857    i.inv_get_mag_accuracy  data_builder.o
    0x0800ae1c   0x0800ae1c   0x00000014   Code   RO         3567    i.inv_get_motion_state  results_holder.o
    0x0800ae30   0x0800ae30   0x0000003c   Code   RO         3568    i.inv_get_quaternion  results_holder.o
    0x0800ae6c   0x0800ae6c   0x00000044   Code   RO         3570    i.inv_get_quaternion_set  results_holder.o
    0x0800aeb0   0x0800aeb0   0x00000230   Code   RO         2305    i.inv_get_sensor_type_euler  empl_outputs.o
    0x0800b0e0   0x0800b0e0   0x00000060   Code   RO         2397    i.inv_get_sensor_type_gravity  hal_outputs.o
    0x0800b140   0x0800b140   0x0000000c   Code   RO         3572    i.inv_got_compass_bias  results_holder.o
    0x0800b14c   0x0800b14c   0x0000003c   Code   RO         1860    i.inv_init_data_builder  data_builder.o
    0x0800b188   0x0800b188   0x00000014   Code   RO         2310    i.inv_init_eMPL_outputs  empl_outputs.o
    0x0800b19c   0x0800b19c   0x00000080   Code   RO         3514    i.inv_init_mpl      mpl.o
    0x0800b21c   0x0800b21c   0x00000038   Code   RO         3573    i.inv_init_results_holder  results_holder.o
    0x0800b254   0x0800b254   0x00000014   Code   RO         3786    i.inv_init_start_manager  start_manager.o
    0x0800b268   0x0800b268   0x00000018   Code   RO         3819    i.inv_init_storage_manager  storage_manager.o
    0x0800b280   0x0800b280   0x00000028   Code   RO         3170    i.inv_orientation_matrix_to_scalar  ml_math_func.o
    0x0800b2a8   0x0800b2a8   0x00000012   Code   RO         3171    i.inv_q29_mult      ml_math_func.o
    0x0800b2ba   0x0800b2ba   0x00000012   Code   RO         3173    i.inv_q30_mult      ml_math_func.o
    0x0800b2cc   0x0800b2cc   0x00000016   Code   RO         3175    i.inv_q30_to_float  ml_math_func.o
    0x0800b2e2   0x0800b2e2   0x00000024   Code   RO         3176    i.inv_q_add         ml_math_func.o
    0x0800b306   0x0800b306   0x00000032   Code   RO         3177    i.inv_q_addf        ml_math_func.o
    0x0800b338   0x0800b338   0x00000018   Code   RO         3178    i.inv_q_invert      ml_math_func.o
    0x0800b350   0x0800b350   0x0000001e   Code   RO         3179    i.inv_q_invertf     ml_math_func.o
    0x0800b36e   0x0800b36e   0x000000b2   Code   RO         3180    i.inv_q_mult        ml_math_func.o
    0x0800b420   0x0800b420   0x0000010e   Code   RO         3181    i.inv_q_multf       ml_math_func.o
    0x0800b52e   0x0800b52e   0x00000092   Code   RO         3182    i.inv_q_norm4       ml_math_func.o
    0x0800b5c0   0x0800b5c0   0x0000016e   Code   RO         3184    i.inv_q_normalizef  ml_math_func.o
    0x0800b72e   0x0800b72e   0x00000042   Code   RO         3185    i.inv_q_rotate      ml_math_func.o
    0x0800b770   0x0800b770   0x000000da   Code   RO         3187    i.inv_quaternion_to_rotation  ml_math_func.o
    0x0800b84a   0x0800b84a   0x00000002   PAD
    0x0800b84c   0x0800b84c   0x000000f8   Code   RO         1863    i.inv_register_data_cb  data_builder.o
    0x0800b944   0x0800b944   0x00000090   Code   RO         3821    i.inv_register_load_store  storage_manager.o
    0x0800b9d4   0x0800b9d4   0x0000002c   Code   RO         3787    i.inv_register_mpl_start_notification  start_manager.o
    0x0800ba00   0x0800ba00   0x0000004c   Code   RO         1864    i.inv_reset_compass_soft_iron_matrix  data_builder.o
    0x0800ba4c   0x0800ba4c   0x0000004e   Code   RO         3189    i.inv_row_2_scale   ml_math_func.o
    0x0800ba9a   0x0800ba9a   0x00000002   PAD
    0x0800ba9c   0x0800ba9c   0x00000024   Code   RO         1865    i.inv_set_accel_accuracy  data_builder.o
    0x0800bac0   0x0800bac0   0x0000000c   Code   RO         3576    i.inv_set_accel_bias_found  results_holder.o
    0x0800bacc   0x0800bacc   0x00000060   Code   RO         1868    i.inv_set_accel_bias_mask  data_builder.o
    0x0800bb2c   0x0800bb2c   0x00000018   Code   RO         1869    i.inv_set_accel_orientation_and_scale  data_builder.o
    0x0800bb44   0x0800bb44   0x0000002c   Code   RO         1870    i.inv_set_accel_sample_rate  data_builder.o
    0x0800bb70   0x0800bb70   0x0000004c   Code   RO         1872    i.inv_set_compass_bias  data_builder.o
    0x0800bbbc   0x0800bbbc   0x00000014   Code   RO         3577    i.inv_set_compass_bias_error  results_holder.o
    0x0800bbd0   0x0800bbd0   0x0000000c   Code   RO         3578    i.inv_set_compass_bias_found  results_holder.o
    0x0800bbdc   0x0800bbdc   0x00000024   Code   RO         3579    i.inv_set_compass_correction  results_holder.o
    0x0800bc00   0x0800bc00   0x0000000c   Code   RO         1873    i.inv_set_compass_disturbance  data_builder.o
    0x0800bc0c   0x0800bc0c   0x00000018   Code   RO         1874    i.inv_set_compass_orientation_and_scale  data_builder.o
    0x0800bc24   0x0800bc24   0x00000030   Code   RO         1875    i.inv_set_compass_sample_rate  data_builder.o
    0x0800bc54   0x0800bc54   0x00000054   Code   RO         1876    i.inv_set_compass_soft_iron_input_data  data_builder.o
    0x0800bca8   0x0800bca8   0x0000000c   Code   RO         3580    i.inv_set_compass_state  results_holder.o
    0x0800bcb4   0x0800bcb4   0x00000120   Code   RO         1879    i.inv_set_contiguous  data_builder.o
    0x0800bdd4   0x0800bdd4   0x00000074   Code   RO         1881    i.inv_set_gyro_bias  data_builder.o
    0x0800be48   0x0800be48   0x00000018   Code   RO         1882    i.inv_set_gyro_orientation_and_scale  data_builder.o
    0x0800be60   0x0800be60   0x00000028   Code   RO         1883    i.inv_set_gyro_sample_rate  data_builder.o
    0x0800be88   0x0800be88   0x0000001c   Code   RO         3130    i.inv_set_message   message_layer.o
    0x0800bea4   0x0800bea4   0x00000050   Code   RO         3585    i.inv_set_motion_state  results_holder.o
    0x0800bef4   0x0800bef4   0x00000014   Code   RO         2311    i.inv_start_eMPL_outputs  empl_outputs.o
    0x0800bf08   0x0800bf08   0x0000003c   Code   RO         3515    i.inv_start_mpl     mpl.o
    0x0800bf44   0x0800bf44   0x00000018   Code   RO         3586    i.inv_start_results_holder  results_holder.o
    0x0800bf5c   0x0800bf5c   0x00000024   Code   RO         3587    i.inv_store_gaming_quaternion  results_holder.o
    0x0800bf80   0x0800bf80   0x00000064   Code   RO         1886    i.inv_unregister_data_cb  data_builder.o
    0x0800bfe4   0x0800bfe4   0x00000060   Code   RO         3788    i.inv_unregister_mpl_start_notification  start_manager.o
    0x0800c044   0x0800c044   0x0000035c   Code   RO         4340    i.log               m_ws.l(log.o)
    0x0800c3a0   0x0800c3a0   0x00000100   Code   RO            2    i.main              main.o
    0x0800c4a0   0x0800c4a0   0x00000002   Code   RO         2507    i.mget_ms           inv_mpu.o
    0x0800c4a2   0x0800c4a2   0x0000003e   Code   RO         3194    i.mlMatrixVectorMult  ml_math_func.o
    0x0800c4e0   0x0800c4e0   0x00000070   Code   RO         2508    i.mpu_configure_fifo  inv_mpu.o
    0x0800c550   0x0800c550   0x00000164   Code   RO         2510    i.mpu_dmp_init      inv_mpu.o
    0x0800c6b4   0x0800c6b4   0x0000004c   Code   RO         2511    i.mpu_get_accel_fsr  inv_mpu.o
    0x0800c700   0x0800c700   0x00000054   Code   RO         2513    i.mpu_get_accel_sens  inv_mpu.o
    0x0800c754   0x0800c754   0x00000014   Code   RO         2514    i.mpu_get_compass_fsr  inv_mpu.o
    0x0800c768   0x0800c768   0x000000d4   Code   RO         2515    i.mpu_get_compass_reg  inv_mpu.o
    0x0800c83c   0x0800c83c   0x00000010   Code   RO         2518    i.mpu_get_fifo_config  inv_mpu.o
    0x0800c84c   0x0800c84c   0x00000044   Code   RO         2519    i.mpu_get_gyro_fsr  inv_mpu.o
    0x0800c890   0x0800c890   0x00000050   Code   RO         2521    i.mpu_get_gyro_sens  inv_mpu.o
    0x0800c8e0   0x0800c8e0   0x00000050   Code   RO         2523    i.mpu_get_lpf       inv_mpu.o
    0x0800c930   0x0800c930   0x00000020   Code   RO         2525    i.mpu_get_sample_rate  inv_mpu.o
    0x0800c950   0x0800c950   0x000000a0   Code   RO         2526    i.mpu_get_temperature  inv_mpu.o
    0x0800c9f0   0x0800c9f0   0x0000012c   Code   RO         2527    i.mpu_init          inv_mpu.o
    0x0800cb1c   0x0800cb1c   0x000000b8   Code   RO         2528    i.mpu_load_firmware  inv_mpu.o
    0x0800cbd4   0x0800cbd4   0x0000011c   Code   RO         2529    i.mpu_lp_accel_mode  inv_mpu.o
    0x0800ccf0   0x0800ccf0   0x00000120   Code   RO         2531    i.mpu_mpl_get_data  inv_mpu.o
    0x0800ce10   0x0800ce10   0x000000c0   Code   RO         2536    i.mpu_read_fifo_stream  inv_mpu.o
    0x0800ced0   0x0800ced0   0x00000080   Code   RO         2537    i.mpu_read_mem      inv_mpu.o
    0x0800cf50   0x0800cf50   0x000001c8   Code   RO         2540    i.mpu_reset_fifo    inv_mpu.o
    0x0800d118   0x0800d118   0x0000029c   Code   RO         2541    i.mpu_run_6500_self_test  inv_mpu.o
    0x0800d3b4   0x0800d3b4   0x00000084   Code   RO         2545    i.mpu_set_accel_fsr  inv_mpu.o
    0x0800d438   0x0800d438   0x0000014c   Code   RO         2546    i.mpu_set_bypass    inv_mpu.o
    0x0800d584   0x0800d584   0x00000060   Code   RO         2547    i.mpu_set_compass_sample_rate  inv_mpu.o
    0x0800d5e4   0x0800d5e4   0x00000090   Code   RO         2548    i.mpu_set_dmp_state  inv_mpu.o
    0x0800d674   0x0800d674   0x00000088   Code   RO         2550    i.mpu_set_gyro_fsr  inv_mpu.o
    0x0800d6fc   0x0800d6fc   0x0000006c   Code   RO         2551    i.mpu_set_int_latched  inv_mpu.o
    0x0800d768   0x0800d768   0x00000084   Code   RO         2553    i.mpu_set_lpf       inv_mpu.o
    0x0800d7ec   0x0800d7ec   0x000000b4   Code   RO         2554    i.mpu_set_sample_rate  inv_mpu.o
    0x0800d8a0   0x0800d8a0   0x00000168   Code   RO         2555    i.mpu_set_sensors   inv_mpu.o
    0x0800da08   0x0800da08   0x00000080   Code   RO         2556    i.mpu_write_mem     inv_mpu.o
    0x0800da88   0x0800da88   0x00000096   Code   RO         2557    i.run_self_test     inv_mpu.o
    0x0800db1e   0x0800db1e   0x00000002   PAD
    0x0800db20   0x0800db20   0x00000090   Code   RO         2558    i.set_int_enable    inv_mpu.o
    0x0800dbb0   0x0800dbb0   0x00000006   Code   RO         1887    i.set_sensor_orientation_and_scale  data_builder.o
    0x0800dbb6   0x0800dbb6   0x00000002   PAD
    0x0800dbb8   0x0800dbb8   0x00000254   Code   RO         2559    i.setup_compass     inv_mpu.o
    0x0800de0c   0x0800de0c   0x00000188   Code   RO         4368    i.sinf              m_ws.l(sinf.o)
    0x0800df94   0x0800df94   0x0000004c   Code   RO         4376    i.sqrt              m_ws.l(sqrt.o)
    0x0800dfe0   0x0800dfe0   0x0000002c   Code   RO         4384    i.sqrtf             m_ws.l(sqrtf.o)
    0x0800e00c   0x0800e00c   0x000001f8   Code   RO          515    i.usartReceiveOneData  linuxusart.o
    0x0800e204   0x0800e204   0x000000a0   Code   RO          483    i.usart_init        usart.o
    0x0800e2a4   0x0800e2a4   0x0000002c   Code   RO         4600    locale$$code        c_w.l(lc_numeric_c.o)
    0x0800e2d0   0x0800e2d0   0x0000002c   Code   RO         4675    locale$$code        c_w.l(lc_ctype_c.o)
    0x0800e2fc   0x0800e2fc   0x00000062   Code   RO         4177    x$fpl$d2f           fz_ws.l(d2f.o)
    0x0800e35e   0x0800e35e   0x00000002   PAD
    0x0800e360   0x0800e360   0x00000150   Code   RO         4179    x$fpl$dadd          fz_ws.l(daddsub_clz.o)
    0x0800e4b0   0x0800e4b0   0x00000010   Code   RO         4445    x$fpl$dcheck1       fz_ws.l(dcheck1.o)
    0x0800e4c0   0x0800e4c0   0x00000018   Code   RO         4447    x$fpl$dcmpinf       fz_ws.l(dcmpi.o)
    0x0800e4d8   0x0800e4d8   0x000002b0   Code   RO         4186    x$fpl$ddiv          fz_ws.l(ddiv.o)
    0x0800e788   0x0800e788   0x00000078   Code   RO         4189    x$fpl$deqf          fz_ws.l(deqf.o)
    0x0800e800   0x0800e800   0x0000005e   Code   RO         4191    x$fpl$dfix          fz_ws.l(dfix.o)
    0x0800e85e   0x0800e85e   0x0000002e   Code   RO         4196    x$fpl$dflt          fz_ws.l(dflt_clz.o)
    0x0800e88c   0x0800e88c   0x00000026   Code   RO         4195    x$fpl$dfltu         fz_ws.l(dflt_clz.o)
    0x0800e8b2   0x0800e8b2   0x00000002   PAD
    0x0800e8b4   0x0800e8b4   0x00000078   Code   RO         4201    x$fpl$dleqf         fz_ws.l(dleqf.o)
    0x0800e92c   0x0800e92c   0x00000154   Code   RO         4203    x$fpl$dmul          fz_ws.l(dmul.o)
    0x0800ea80   0x0800ea80   0x0000009c   Code   RO         4449    x$fpl$dnaninf       fz_ws.l(dnaninf.o)
    0x0800eb1c   0x0800eb1c   0x0000000c   Code   RO         4451    x$fpl$dretinf       fz_ws.l(dretinf.o)
    0x0800eb28   0x0800eb28   0x0000006c   Code   RO         4205    x$fpl$drleqf        fz_ws.l(drleqf.o)
    0x0800eb94   0x0800eb94   0x00000016   Code   RO         4180    x$fpl$drsb          fz_ws.l(daddsub_clz.o)
    0x0800ebaa   0x0800ebaa   0x00000002   PAD
    0x0800ebac   0x0800ebac   0x000001cc   Code   RO         4453    x$fpl$dsqrt         fz_ws.l(dsqrt_noumaal.o)
    0x0800ed78   0x0800ed78   0x000001d4   Code   RO         4181    x$fpl$dsub          fz_ws.l(daddsub_clz.o)
    0x0800ef4c   0x0800ef4c   0x00000056   Code   RO         4207    x$fpl$f2d           fz_ws.l(f2d.o)
    0x0800efa2   0x0800efa2   0x00000002   PAD
    0x0800efa4   0x0800efa4   0x000000c4   Code   RO         4209    x$fpl$fadd          fz_ws.l(faddsub_clz.o)
    0x0800f068   0x0800f068   0x0000000c   Code   RO         4455    x$fpl$fcheck1       fz_ws.l(fcheck1.o)
    0x0800f074   0x0800f074   0x00000018   Code   RO         4457    x$fpl$fcmpinf       fz_ws.l(fcmpi.o)
    0x0800f08c   0x0800f08c   0x00000184   Code   RO         4216    x$fpl$fdiv          fz_ws.l(fdiv.o)
    0x0800f210   0x0800f210   0x00000068   Code   RO         4219    x$fpl$feqf          fz_ws.l(feqf.o)
    0x0800f278   0x0800f278   0x00000036   Code   RO         4221    x$fpl$ffix          fz_ws.l(ffix.o)
    0x0800f2ae   0x0800f2ae   0x00000002   PAD
    0x0800f2b0   0x0800f2b0   0x0000003e   Code   RO         4229    x$fpl$ffixu         fz_ws.l(ffixu.o)
    0x0800f2ee   0x0800f2ee   0x00000002   PAD
    0x0800f2f0   0x0800f2f0   0x00000030   Code   RO         4234    x$fpl$fflt          fz_ws.l(fflt_clz.o)
    0x0800f320   0x0800f320   0x00000060   Code   RO         4239    x$fpl$ffltll        fz_ws.l(ffltll_clz.o)
    0x0800f380   0x0800f380   0x00000026   Code   RO         4233    x$fpl$ffltu         fz_ws.l(fflt_clz.o)
    0x0800f3a6   0x0800f3a6   0x00000002   PAD
    0x0800f3a8   0x0800f3a8   0x00000068   Code   RO         4241    x$fpl$fleqf         fz_ws.l(fleqf.o)
    0x0800f410   0x0800f410   0x00000102   Code   RO         4243    x$fpl$fmul          fz_ws.l(fmul.o)
    0x0800f512   0x0800f512   0x0000008c   Code   RO         4459    x$fpl$fnaninf       fz_ws.l(fnaninf.o)
    0x0800f59e   0x0800f59e   0x0000000a   Code   RO         4461    x$fpl$fretinf       fz_ws.l(fretinf.o)
    0x0800f5a8   0x0800f5a8   0x00000062   Code   RO         4245    x$fpl$frleqf        fz_ws.l(frleqf.o)
    0x0800f60a   0x0800f60a   0x00000002   PAD
    0x0800f60c   0x0800f60c   0x00000060   Code   RO         4463    x$fpl$frnd          fz_ws.l(frnd.o)
    0x0800f66c   0x0800f66c   0x00000014   Code   RO         4210    x$fpl$frsb          fz_ws.l(faddsub_clz.o)
    0x0800f680   0x0800f680   0x00000110   Code   RO         4465    x$fpl$fsqrt         fz_ws.l(fsqrt.o)
    0x0800f790   0x0800f790   0x000000ea   Code   RO         4211    x$fpl$fsub          fz_ws.l(faddsub_clz.o)
    0x0800f87a   0x0800f87a   0x00000002   PAD
    0x0800f87c   0x0800f87c   0x00000086   Code   RO         4225    x$fpl$llsfromf      fz_ws.l(ffixll.o)
    0x0800f902   0x0800f902   0x00000004   Code   RO         4247    x$fpl$printf1       fz_ws.l(printf1.o)
    0x0800f906   0x0800f906   0x00000004   Code   RO         4467    x$fpl$printf2       fz_ws.l(printf2.o)
    0x0800f90a   0x0800f90a   0x00000064   Code   RO         4604    x$fpl$retnan        fz_ws.l(retnan.o)
    0x0800f96e   0x0800f96e   0x0000005c   Code   RO         4249    x$fpl$scalbn        fz_ws.l(scalbn.o)
    0x0800f9ca   0x0800f9ca   0x0000004c   Code   RO         4251    x$fpl$scalbnf       fz_ws.l(scalbnf.o)
    0x0800fa16   0x0800fa16   0x00000030   Code   RO         4670    x$fpl$trapveneer    fz_ws.l(trapv.o)
    0x0800fa46   0x0800fa46   0x00000000   Code   RO         4473    x$fpl$usenofp       fz_ws.l(usenofp.o)
    0x0800fa46   0x0800fa46   0x00000004   Data   RO          517    .constdata          linuxusart.o
    0x0800fa4a   0x0800fa4a   0x00000002   PAD
    0x0800fa4c   0x0800fa4c   0x00000268   Data   RO         2560    .constdata          inv_mpu.o
    0x0800fcb4   0x0800fcb4   0x00000bf6   Data   RO         2952    .constdata          inv_mpu_dmp_motion_driver.o
    0x080108aa   0x080108aa   0x0000002f   Data   RO         3516    .constdata          mpl.o
    0x080108d9   0x080108d9   0x00000028   Data   RO         4133    .constdata          c_w.l(_printf_hex_int_ll_ptr.o)
    0x08010901   0x08010901   0x00000011   Data   RO         4153    .constdata          c_w.l(__printf_flags_ss_wp.o)
    0x08010912   0x08010912   0x00000006   PAD
    0x08010918   0x08010918   0x00000038   Data   RO         4341    .constdata          m_ws.l(log.o)
    0x08010950   0x08010950   0x00000008   Data   RO         4415    .constdata          c_w.l(_printf_wctomb.o)
    0x08010958   0x08010958   0x00000030   Data   RO         4475    .constdata          m_ws.l(cos_i.o)
    0x08010988   0x08010988   0x00000008   Data   RO         4511    .constdata          m_ws.l(qnan.o)
    0x08010990   0x08010990   0x000000c8   Data   RO         4514    .constdata          m_ws.l(rred.o)
    0x08010a58   0x08010a58   0x00000020   Data   RO         4518    .constdata          m_ws.l(rredf.o)
    0x08010a78   0x08010a78   0x00000028   Data   RO         4521    .constdata          m_ws.l(sin_i.o)
    0x08010aa0   0x08010aa0   0x00000026   Data   RO         4558    .constdata          c_w.l(_printf_fp_hex.o)
    0x08010ac6   0x08010ac6   0x00000002   PAD
    0x08010ac8   0x08010ac8   0x00000094   Data   RO         4569    .constdata          c_w.l(bigflt0.o)
    0x08010b5c   0x08010b5c   0x00000044   Data   RO         1889    .conststring        data_builder.o
    0x08010ba0   0x08010ba0   0x00000009   Data   RO         2561    .conststring        inv_mpu.o
    0x08010ba9   0x08010ba9   0x00000003   PAD
    0x08010bac   0x08010bac   0x00000020   Data   RO         4756    Region$$Table       anon$$obj.o
    0x08010bcc   0x08010bcc   0x0000001c   Data   RO         4599    locale$$data        c_w.l(lc_numeric_c.o)
    0x08010be8   0x08010be8   0x00000110   Data   RO         4674    locale$$data        c_w.l(lc_ctype_c.o)


    Execution Region RW_IRAM1 (Exec base: 0x20000000, Load base: 0x08010cf8, Size: 0x00001d90, Max: 0x00010000, ABSOLUTE)

    Exec Addr    Load Addr    Size         Type   Attr      Idx    E Section Name        Object

    0x20000000   0x08010cf8   0x0000002e   Data   RW            3    .data               main.o
    0x2000002e   0x08010d26   0x00000002   PAD
    0x20000030   0x08010d28   0x00000014   Data   RW          231    .data               system_stm32f10x.o
    0x20000044   0x08010d3c   0x00000004   Data   RW          429    .data               delay.o
    0x20000048   0x08010d40   0x00000004   Data   RW          484    .data               usart.o
    0x2000004c   0x08010d44   0x0000003c   Data   RW          518    .data               linuxusart.o
    0x20000088   0x08010d80   0x00000014   Data   RW          710    .data               stm32f10x_rcc.o
    0x2000009c   0x08010d94   0x0000004e   Data   RW         2562    .data               inv_mpu.o
    0x200000ea   0x08010de2   0x00000002   PAD
    0x200000ec   0x08010de4   0x00000004   Data   RW         3131    .data               message_layer.o
    0x200000f0   0x08010de8   0x00000010   Data   RW         3862    .data               libmpllib.lib(compass_vec_cal.o)
    0x20000100        -       0x00000010   Zero   RW          516    .bss                linuxusart.o
    0x20000110        -       0x000002d8   Zero   RW         1888    .bss                data_builder.o
    0x200003e8        -       0x00000028   Zero   RW         2313    .bss                empl_outputs.o
    0x20000410        -       0x000000c4   Zero   RW         2407    .bss                hal_outputs.o
    0x200004d4        -       0x00000010   Zero   RW         2951    .bss                inv_mpu_dmp_motion_driver.o
    0x200004e4        -       0x00000088   Zero   RW         3588    .bss                results_holder.o
    0x2000056c        -       0x00000054   Zero   RW         3789    .bss                start_manager.o
    0x200005c0        -       0x00000198   Zero   RW         3823    .bss                storage_manager.o
    0x20000758        -       0x00000460   Zero   RW         3861    .bss                libmpllib.lib(compass_vec_cal.o)
    0x20000bb8        -       0x000002a0   Zero   RW         3951    .bss                libmpllib.lib(fast_no_motion.o)
    0x20000e58        -       0x00000138   Zero   RW         3984    .bss                libmpllib.lib(fusion_9axis.o)
    0x20000f90        -       0x000001c4   Zero   RW         4006    .bss                libmpllib.lib(gyro_tc.o)
    0x20001154        -       0x0000006c   Zero   RW         4024    .bss                libmpllib.lib(quaternion_supervisor.o)
    0x200011c0        -       0x000004b8   Zero   RW         4042    .bss                libmpllib.lib(accel_auto_cal.o)
    0x20001678        -       0x000000b8   Zero   RW         4071    .bss                libmpllib.lib(mag_disturb.o)
    0x20001730        -       0x00000060   Zero   RW         4607    .bss                c_w.l(libspace.o)
    0x20001790        -       0x00000200   Zero   RW          558    HEAP                startup_stm32f10x_hd.o
    0x20001990        -       0x00000400   Zero   RW          557    STACK               startup_stm32f10x_hd.o


==============================================================================

Image component sizes


      Code (inc. data)   RO Data    RW Data    ZI Data      Debug   Object Name

      2588        284         68          0        728      30264   data_builder.o
       220         26          0          4          0       1655   delay.o
       868         44          0          0         40       4882   empl_outputs.o
        96         10          0          0        196       1894   hal_outputs.o
     10976       1514        625         78          0      36764   inv_mpu.o
      3096        122       3062          0         16      19614   inv_mpu_dmp_motion_driver.o
      1004        150          4         60         16       4988   linuxusart.o
       202         10          0          0          0       1070   log_stm32.o
       308         50          0         46          0     235280   main.o
        28          4          0          4          0       1070   message_layer.o
       172         22          0          0          0       1985   misc.o
      1926          0          0          0          0      12949   ml_math_func.o
       240         68         47          0          0       2260   mpl.o
       212          0          0          0          0       1875   mpu9250.o
       668         98          0          0          0       4054   mpuiic.o
       808        122          0          0        136      14013   results_holder.o
       204         20          0          0         84       2968   start_manager.o
        64         26        304          0       1536        788   startup_stm32f10x_hd.o
       282          0          0          0          0       2447   stm32f10x_gpio.o
        26          0          0          0          0       3550   stm32f10x_it.o
       244         26          0         20          0       3797   stm32f10x_rcc.o
       438          6          0          0          0       5524   stm32f10x_usart.o
       168         10          0          0        408       2253   storage_manager.o
         0          0          0          0          0         32   sys.o
       328         28          0         20          0       1997   system_stm32f10x.o
       194         12          0          4          0       3395   usart.o

    ----------------------------------------------------------------------
     25380       2652       4147        240       3160     401368   Object Totals
         0          0         32          0          0          0   (incl. Generated)
        20          0          5          4          0          0   (incl. Padding)

    ----------------------------------------------------------------------

      Code (inc. data)   RO Data    RW Data    ZI Data      Debug   Library Member Name

        24          4          0          0          0         84   __2printf.o
         8          0          0          0          0         68   __main.o
       392          4         17          0          0         92   __printf_flags_ss_wp.o
        14          0          0          0          0         68   __printf_wp.o
         0          0          0          0          0          0   __rtentry.o
        12          0          0          0          0          0   __rtentry2.o
         6          0          0          0          0          0   __rtentry4.o
        52          8          0          0          0          0   __scatter.o
        26          0          0          0          0          0   __scatter_copy.o
        28          0          0          0          0          0   __scatter_zi.o
         6          0          0          0          0          0   _printf_a.o
         6          0          0          0          0          0   _printf_c.o
        44          0          0          0          0        108   _printf_char.o
        48          6          0          0          0         96   _printf_char_common.o
        36          4          0          0          0         80   _printf_char_file.o
        40          0          0          0          0         68   _printf_charcount.o
         6          0          0          0          0          0   _printf_d.o
       120         16          0          0          0         92   _printf_dec.o
         6          0          0          0          0          0   _printf_e.o
         6          0          0          0          0          0   _printf_f.o
      1054          0          0          0          0        216   _printf_fp_dec.o
       764          8         38          0          0        100   _printf_fp_hex.o
       128         16          0          0          0         84   _printf_fp_infnan.o
         6          0          0          0          0          0   _printf_g.o
       148          4         40          0          0        160   _printf_hex_int_ll_ptr.o
         6          0          0          0          0          0   _printf_i.o
       178          0          0          0          0         88   _printf_intcommon.o
        10          0          0          0          0          0   _printf_l.o
         6          0          0          0          0          0   _printf_lc.o
        10          0          0          0          0          0   _printf_ll.o
         6          0          0          0          0          0   _printf_lld.o
         6          0          0          0          0          0   _printf_lli.o
         6          0          0          0          0          0   _printf_llo.o
         6          0          0          0          0          0   _printf_llu.o
         6          0          0          0          0          0   _printf_llx.o
       124         16          0          0          0         92   _printf_longlong_dec.o
         6          0          0          0          0          0   _printf_ls.o
         6          0          0          0          0          0   _printf_n.o
         6          0          0          0          0          0   _printf_o.o
       112         10          0          0          0        124   _printf_oct_int_ll.o
         6          0          0          0          0          0   _printf_p.o
        78          0          0          0          0        108   _printf_pad.o
         0          0          0          0          0          0   _printf_percent.o
         4          0          0          0          0          0   _printf_percent_end.o
         6          0          0          0          0          0   _printf_s.o
        82          0          0          0          0         80   _printf_str.o
        36          0          0          0          0         84   _printf_truncate.o
         6          0          0          0          0          0   _printf_u.o
        44          0          0          0          0        108   _printf_wchar.o
       188          6          8          0          0         92   _printf_wctomb.o
         6          0          0          0          0          0   _printf_x.o
        22          0          0          0          0        100   _rserrno.o
        10          0          0          0          0         68   _sputc.o
        64          0          0          0          0         92   _wcrtomb.o
        16          0          0          0          0         68   aeabi_memset.o
       228          4        148          0          0         96   bigflt0.o
      1936        128          0          0          0        672   btod.o
        18          0          0          0          0         80   exit.o
         8          0          0          0          0         68   ferror.o
         6          0          0          0          0        152   heapauxi.o
        44         10        272          0          0         76   lc_ctype_c.o
        44         10         28          0          0         76   lc_numeric_c.o
         2          0          0          0          0          0   libinit.o
        30          0          0          0          0          0   libinit2.o
         2          0          0          0          0          0   libshutdown.o
         2          0          0          0          0          0   libshutdown2.o
         8          4          0          0         96         68   libspace.o
        72          0          0          0          0         76   llsdiv.o
        38          0          0          0          0         68   llshl.o
        38          0          0          0          0         68   llsshr.o
       138          0          0          0          0         80   lludiv10.o
       238          0          0          0          0        100   lludivv7m.o
        88          0          0          0          0         76   memcmp.o
        16          4          0          0          0         76   rt_ctype_table.o
         8          4          0          0          0         68   rt_errno_addr_intlibspace.o
         8          4          0          0          0         68   rt_locale_intlibspace.o
        68          0          0          0          0         68   rt_memclr.o
        78          0          0          0          0         80   rt_memclr_w.o
       138          0          0          0          0         68   rt_memcpy_v6.o
       100          0          0          0          0         80   rt_memcpy_w.o
       122          0          0          0          0         80   rt_memmove_w.o
         2          0          0          0          0          0   rtexit.o
        10          0          0          0          0          0   rtexit2.o
       128          0          0          0          0         68   strcmpv7m.o
        74          0          0          0          0         80   sys_stackheap_outer.o
         2          0          0          0          0         68   use_no_semi.o
         2          0          0          0          0         68   use_no_semi_2.o
        36          4          0          0          0         76   vsprintf.o
        98          4          0          0          0         92   d2f.o
       826         16          0          0          0        348   daddsub_clz.o
        16          4          0          0          0         68   dcheck1.o
        24          0          0          0          0         68   dcmpi.o
       688        140          0          0          0        208   ddiv.o
       120          4          0          0          0         92   deqf.o
        94          4          0          0          0         92   dfix.o
        84          0          0          0          0        136   dflt_clz.o
       120          4          0          0          0         92   dleqf.o
       340         12          0          0          0        104   dmul.o
       156          4          0          0          0         92   dnaninf.o
        12          0          0          0          0         68   dretinf.o
       108          0          0          0          0         80   drleqf.o
       460         56          0          0          0        120   dsqrt_noumaal.o
        86          4          0          0          0         84   f2d.o
       450          8          0          0          0        236   faddsub_clz.o
        12          4          0          0          0         68   fcheck1.o
        24          0          0          0          0         68   fcmpi.o
       388         76          0          0          0         96   fdiv.o
       104          4          0          0          0         84   feqf.o
        54          4          0          0          0         84   ffix.o
       134          4          0          0          0         84   ffixll.o
        62          4          0          0          0         84   ffixu.o
        86          0          0          0          0        136   fflt_clz.o
        96          0          0          0          0         84   ffltll_clz.o
       104          4          0          0          0         84   fleqf.o
       258          4          0          0          0         84   fmul.o
       140          4          0          0          0         84   fnaninf.o
        10          0          0          0          0         68   fretinf.o
        98          0          0          0          0         68   frleqf.o
        96          4          0          0          0         76   frnd.o
       272        100          0          0          0         88   fsqrt.o
         4          0          0          0          0         68   printf1.o
         4          0          0          0          0         68   printf2.o
       100          0          0          0          0         68   retnan.o
        92          0          0          0          0         68   scalbn.o
        76          0          0          0          0         68   scalbnf.o
        48          0          0          0          0         68   trapv.o
         0          0          0          0          0          0   usenofp.o
      2796        150          0          0       1208       9108   accel_auto_cal.o
      7772        154          0         16       1120      19264   compass_vec_cal.o
      2548         42          0          0        672      13408   fast_no_motion.o
      1628         54          0          0        312       5308   fusion_9axis.o
      1212         30          0          0        452       5515   gyro_tc.o
      1360         46          0          0        184       7270   mag_disturb.o
      2368        102          0          0        108       5409   quaternion_supervisor.o
       284         42          0          0          0        120   acosf.o
       676         78          0          0          0        116   atan2f.o
       156          8          0          0          0        104   cos.o
       252         22         48          0          0        124   cos_i.o
       380         52          0          0          0        124   cosf.o
        50         10          0          0          0        272   dunder.o
        40          0          0          0          0         68   fpclassify.o
        38          0          0          0          0         68   fpclassifyf.o
        28          0          0          0          0        272   funder.o
       860         52         56          0          0        256   log.o
       170          0          0          0          0         96   poly.o
         0          0          8          0          0          0   qnan.o
       904         76        200          0          0        140   rred.o
       360         16         32          0          0         88   rredf.o
       236         12         40          0          0        128   sin_i.o
       392         54          0          0          0        124   sinf.o
        76          0          0          0          0         84   sqrt.o
        44          0          0          0          0         80   sqrtf.o

    ----------------------------------------------------------------------
     38386       1746        943         16       4152      76398   Library Totals
        38          0          8          0          0          0   (incl. Padding)

    ----------------------------------------------------------------------

      Code (inc. data)   RO Data    RW Data    ZI Data      Debug   Library Name

      7774        274        551          0         96       5124   c_w.l
      5944        472          0          0          0       3728   fz_ws.l
     19684        578          0         16       4056      65282   libmpllib.lib
      4946        422        384          0          0       2264   m_ws.l

    ----------------------------------------------------------------------
     38386       1746        943         16       4152      76398   Library Totals

    ----------------------------------------------------------------------

==============================================================================


      Code (inc. data)   RO Data    RW Data    ZI Data      Debug   

     63766       4398       5090        256       7312     460030   Grand Totals
     63766       4398       5090        256       7312     460030   ELF Image Totals
     63766       4398       5090        256          0          0   ROM Totals

==============================================================================

    Total RO  Size (Code + RO Data)                68856 (  67.24kB)
    Total RW  Size (RW Data + ZI Data)              7568 (   7.39kB)
    Total ROM Size (Code + RO Data + RW Data)      69112 (  67.49kB)

==============================================================================

