Component: ARM Compiler 5.06 update 7 (build 960) Tool: armlink [4d3601]

==============================================================================

Section Cross References

    main.o(i.TIM5_IRQHandler) refers to stm32f10x_tim.o(i.TIM_GetITStatus) for TIM_GetITStatus
    main.o(i.TIM5_IRQHandler) refers to stm32f10x_tim.o(i.TIM_ClearITPendingBit) for TIM_ClearITPendingBit
    main.o(i.TIM5_IRQHandler) refers to timer.o(i.GetSpeedInfo) for GetSpeedInfo
    main.o(i.TIM5_IRQHandler) refers to pid.o(i.Pid_Ctrl) for Pid_Ctrl
    main.o(i.TIM5_IRQHandler) refers to motor.o(i.Set_Pwm) for Set_Pwm
    main.o(i.TIM5_IRQHandler) refers to stm32f10x_gpio.o(i.GPIO_ReadInputDataBit) for GPIO_ReadInputDataBit
    main.o(i.TIM5_IRQHandler) refers to main.o(.data) for left_dir
    main.o(i.TIM5_IRQHandler) refers to pid.o(.bss) for pid_Task_Left
    main.o(i.TIM5_IRQHandler) refers to motor.o(.data) for motorRight
    main.o(i.USART1_IRQHandler) refers to stm32f10x_usart.o(i.USART_GetITStatus) for USART_GetITStatus
    main.o(i.USART1_IRQHandler) refers to stm32f10x_usart.o(i.USART_ClearITPendingBit) for USART_ClearITPendingBit
    main.o(i.USART1_IRQHandler) refers to linuxusart.o(i.usartReceiveOneData) for usartReceiveOneData
    main.o(i.USART1_IRQHandler) refers to main.o(.data) for testRece3
    main.o(i.main) refers to misc.o(i.NVIC_PriorityGroupConfig) for NVIC_PriorityGroupConfig
    main.o(i.main) refers to delay.o(i.delay_init) for delay_init
    main.o(i.main) refers to usart.o(i.usart_init) for usart_init
    main.o(i.main) refers to pwm.o(i.Motor_Init) for Motor_Init
    main.o(i.main) refers to pid.o(i.PID_Init) for PID_Init
    main.o(i.main) refers to timer.o(i.TIM5_Cap_Init) for TIM5_Cap_Init
    main.o(i.main) refers to timer.o(i.TIM5_Cap_GPIO_Init) for TIM5_Cap_GPIO_Init
    main.o(i.main) refers to inv_mpu.o(i.mpu_dmp_init) for mpu_dmp_init
    main.o(i.main) refers to inv_mpu.o(i.mpu_dmp_get_data) for mpu_dmp_get_data
    main.o(i.main) refers to ffix.o(x$fpl$ffix) for __aeabi_f2iz
    main.o(i.main) refers to fflt_clz.o(x$fpl$fflt) for __aeabi_i2f
    main.o(i.main) refers to inv_mpu.o(i.mpu_dmp_get_data_) for mpu_dmp_get_data_
    main.o(i.main) refers to fmul.o(x$fpl$fmul) for __aeabi_fmul
    main.o(i.main) refers to linuxusart.o(i.UsartSendData) for UsartSendData
    main.o(i.main) refers to main.o(.data) for yaw
    system_stm32f10x.o(i.SetSysClock) refers to system_stm32f10x.o(i.SetSysClockTo72) for SetSysClockTo72
    system_stm32f10x.o(i.SystemCoreClockUpdate) refers to system_stm32f10x.o(.data) for SystemCoreClock
    system_stm32f10x.o(i.SystemInit) refers to system_stm32f10x.o(i.SetSysClock) for SetSysClock
    stm32f10x_flash.o(i.FLASH_EnableWriteProtection) refers to stm32f10x_flash.o(i.FLASH_WaitForLastOperation) for FLASH_WaitForLastOperation
    stm32f10x_flash.o(i.FLASH_EraseAllBank1Pages) refers to stm32f10x_flash.o(i.FLASH_WaitForLastBank1Operation) for FLASH_WaitForLastBank1Operation
    stm32f10x_flash.o(i.FLASH_EraseAllPages) refers to stm32f10x_flash.o(i.FLASH_WaitForLastOperation) for FLASH_WaitForLastOperation
    stm32f10x_flash.o(i.FLASH_EraseOptionBytes) refers to stm32f10x_flash.o(i.FLASH_GetReadOutProtectionStatus) for FLASH_GetReadOutProtectionStatus
    stm32f10x_flash.o(i.FLASH_EraseOptionBytes) refers to stm32f10x_flash.o(i.FLASH_WaitForLastOperation) for FLASH_WaitForLastOperation
    stm32f10x_flash.o(i.FLASH_ErasePage) refers to stm32f10x_flash.o(i.FLASH_WaitForLastOperation) for FLASH_WaitForLastOperation
    stm32f10x_flash.o(i.FLASH_ProgramHalfWord) refers to stm32f10x_flash.o(i.FLASH_WaitForLastOperation) for FLASH_WaitForLastOperation
    stm32f10x_flash.o(i.FLASH_ProgramOptionByteData) refers to stm32f10x_flash.o(i.FLASH_WaitForLastOperation) for FLASH_WaitForLastOperation
    stm32f10x_flash.o(i.FLASH_ProgramWord) refers to stm32f10x_flash.o(i.FLASH_WaitForLastOperation) for FLASH_WaitForLastOperation
    stm32f10x_flash.o(i.FLASH_ReadOutProtection) refers to stm32f10x_flash.o(i.FLASH_WaitForLastOperation) for FLASH_WaitForLastOperation
    stm32f10x_flash.o(i.FLASH_UserOptionByteConfig) refers to stm32f10x_flash.o(i.FLASH_WaitForLastOperation) for FLASH_WaitForLastOperation
    stm32f10x_flash.o(i.FLASH_WaitForLastBank1Operation) refers to stm32f10x_flash.o(i.FLASH_GetBank1Status) for FLASH_GetBank1Status
    stm32f10x_flash.o(i.FLASH_WaitForLastOperation) refers to stm32f10x_flash.o(i.FLASH_GetBank1Status) for FLASH_GetBank1Status
    mpu9250.o(i.MPU9250_Init) refers to mpuiic.o(i.IIC_Init) for IIC_Init
    mpu9250.o(i.MPU9250_Init) refers to mpu9250.o(i.MPU_Write_Byte) for MPU_Write_Byte
    mpu9250.o(i.MPU9250_Init) refers to delay.o(i.delay_ms) for delay_ms
    mpu9250.o(i.MPU9250_Init) refers to mpu9250.o(i.MPU_Set_Gyro_Fsr) for MPU_Set_Gyro_Fsr
    mpu9250.o(i.MPU9250_Init) refers to mpu9250.o(i.MPU_Set_Accel_Fsr) for MPU_Set_Accel_Fsr
    mpu9250.o(i.MPU9250_Init) refers to mpu9250.o(i.MPU_Set_Rate) for MPU_Set_Rate
[...]
    inv_reset_compass_soft_iron_matrix       0x0800c679   Thumb Code    70  data_builder.o(i.inv_reset_compass_soft_iron_matrix)
    inv_set_accel_accuracy                   0x0800c715   Thumb Code    26  data_builder.o(i.inv_set_accel_accuracy)
    inv_set_accel_bias_found                 0x0800c739   Thumb Code     6  results_holder.o(i.inv_set_accel_bias_found)
    inv_set_accel_bias_mask                  0x0800c745   Thumb Code    84  data_builder.o(i.inv_set_accel_bias_mask)
    inv_set_accel_orientation_and_scale      0x0800c7a5   Thumb Code    18  data_builder.o(i.inv_set_accel_orientation_and_scale)
    inv_set_accel_sample_rate                0x0800c7bd   Thumb Code    36  data_builder.o(i.inv_set_accel_sample_rate)
    inv_set_compass_bias                     0x0800c7e9   Thumb Code    66  data_builder.o(i.inv_set_compass_bias)
    inv_set_compass_bias_error               0x0800c835   Thumb Code    14  results_holder.o(i.inv_set_compass_bias_error)
    inv_set_compass_bias_found               0x0800c849   Thumb Code     6  results_holder.o(i.inv_set_compass_bias_found)
    inv_set_compass_correction               0x0800c855   Thumb Code    30  results_holder.o(i.inv_set_compass_correction)
    inv_set_compass_disturbance              0x0800c879   Thumb Code     8  data_builder.o(i.inv_set_compass_disturbance)
    inv_set_compass_orientation_and_scale    0x0800c885   Thumb Code    18  data_builder.o(i.inv_set_compass_orientation_and_scale)
    inv_set_compass_sample_rate              0x0800c89d   Thumb Code    40  data_builder.o(i.inv_set_compass_sample_rate)
    inv_set_compass_state                    0x0800c8cd   Thumb Code     6  results_holder.o(i.inv_set_compass_state)
    inv_set_gyro_bias                        0x0800c8d9   Thumb Code   102  data_builder.o(i.inv_set_gyro_bias)
    inv_set_gyro_orientation_and_scale       0x0800c94d   Thumb Code    18  data_builder.o(i.inv_set_gyro_orientation_and_scale)
    inv_set_gyro_sample_rate                 0x0800c965   Thumb Code    32  data_builder.o(i.inv_set_gyro_sample_rate)
    inv_set_message                          0x0800c98d   Thumb Code    24  message_layer.o(i.inv_set_message)
    inv_set_motion_state                     0x0800c9a9   Thumb Code    74  results_holder.o(i.inv_set_motion_state)
    inv_start_mpl                            0x0800ca0d   Thumb Code    38  mpl.o(i.inv_start_mpl)
    inv_start_results_holder                 0x0800ca49   Thumb Code    18  results_holder.o(i.inv_start_results_holder)
    inv_store_gaming_quaternion              0x0800ca61   Thumb Code    30  results_holder.o(i.inv_store_gaming_quaternion)
    inv_unregister_data_cb                   0x0800ca85   Thumb Code    96  data_builder.o(i.inv_unregister_data_cb)
    inv_unregister_mpl_start_notification    0x0800cae9   Thumb Code    92  start_manager.o(i.inv_unregister_mpl_start_notification)
    log                                      0x0800cb49   Thumb Code   808  log.o(i.log)
    main                                     0x0800cea5   Thumb Code   176  main.o(i.main)
    mget_ms                                  0x0800cf71   Thumb Code     2  inv_mpu.o(i.mget_ms)
    mpu_configure_fifo                       0x0800cf75   Thumb Code   106  inv_mpu.o(i.mpu_configure_fifo)
    mpu_dmp_get_data                         0x0800cfe5   Thumb Code   544  inv_mpu.o(i.mpu_dmp_get_data)
    mpu_dmp_get_data_                        0x0800d209   Thumb Code   604  inv_mpu.o(i.mpu_dmp_get_data_)
    mpu_dmp_init                             0x0800d471   Thumb Code   340  inv_mpu.o(i.mpu_dmp_init)
    mpu_get_accel_fsr                        0x0800d5d5   Thumb Code    72  inv_mpu.o(i.mpu_get_accel_fsr)
    mpu_get_accel_sens                       0x0800d621   Thumb Code    78  inv_mpu.o(i.mpu_get_accel_sens)
    mpu_get_compass_fsr                      0x0800d675   Thumb Code    14  inv_mpu.o(i.mpu_get_compass_fsr)
    mpu_get_fifo_config                      0x0800d689   Thumb Code    12  inv_mpu.o(i.mpu_get_fifo_config)
    mpu_get_gyro_fsr                         0x0800d699   Thumb Code    64  inv_mpu.o(i.mpu_get_gyro_fsr)
    mpu_get_gyro_sens                        0x0800d6dd   Thumb Code    58  inv_mpu.o(i.mpu_get_gyro_sens)
    mpu_get_lpf                              0x0800d72d   Thumb Code    74  inv_mpu.o(i.mpu_get_lpf)
    mpu_get_sample_rate                      0x0800d77d   Thumb Code    26  inv_mpu.o(i.mpu_get_sample_rate)
    mpu_init                                 0x0800d79d   Thumb Code   294  inv_mpu.o(i.mpu_init)
    mpu_load_firmware                        0x0800d8c9   Thumb Code   180  inv_mpu.o(i.mpu_load_firmware)
    mpu_lp_accel_mode                        0x0800d981   Thumb Code   280  inv_mpu.o(i.mpu_lp_accel_mode)
    mpu_read_fifo_stream                     0x0800da9d   Thumb Code   186  inv_mpu.o(i.mpu_read_fifo_stream)
    mpu_read_mem                             0x0800db5d   Thumb Code   122  inv_mpu.o(i.mpu_read_mem)
    mpu_reset_fifo                           0x0800dbdd   Thumb Code   450  inv_mpu.o(i.mpu_reset_fifo)
    mpu_run_6500_self_test                   0x0800dda5   Thumb Code   384  inv_mpu.o(i.mpu_run_6500_self_test)
    mpu_set_accel_fsr                        0x0800e041   Thumb Code   126  inv_mpu.o(i.mpu_set_accel_fsr)
    mpu_set_bypass                           0x0800e0c5   Thumb Code   328  inv_mpu.o(i.mpu_set_bypass)
    mpu_set_compass_sample_rate              0x0800e211   Thumb Code    92  inv_mpu.o(i.mpu_set_compass_sample_rate)
    mpu_set_dmp_state                        0x0800e271   Thumb Code   138  inv_mpu.o(i.mpu_set_dmp_state)
    mpu_set_gyro_fsr                         0x0800e301   Thumb Code   132  inv_mpu.o(i.mpu_set_gyro_fsr)
    mpu_set_int_latched                      0x0800e389   Thumb Code   102  inv_mpu.o(i.mpu_set_int_latched)
    mpu_set_lpf                              0x0800e3f5   Thumb Code   126  inv_mpu.o(i.mpu_set_lpf)
    mpu_set_sample_rate                      0x0800e479   Thumb Code   174  inv_mpu.o(i.mpu_set_sample_rate)
    mpu_set_sensors                          0x0800e52d   Thumb Code   354  inv_mpu.o(i.mpu_set_sensors)
    mpu_write_mem                            0x0800e695   Thumb Code   122  inv_mpu.o(i.mpu_write_mem)
    myabs                                    0x0800e715   Thumb Code    14  motor.o(i.myabs)
    reset_Uk                                 0x0800e723   Thumb Code    10  pid.o(i.reset_Uk)
    run_self_test                            0x0800e72d   Thumb Code   150  inv_mpu.o(i.run_self_test)
    set_sensor_orientation_and_scale         0x0800e855   Thumb Code     6  data_builder.o(i.set_sensor_orientation_and_scale)
    sinf                                     0x0800eab1   Thumb Code   338  sinf.o(i.sinf)
    sqrt                                     0x0800ec39   Thumb Code    76  sqrt.o(i.sqrt)
    sqrtf                                    0x0800ec85   Thumb Code    44  sqrtf.o(i.sqrtf)
    usartReceiveOneData                      0x0800ecb1   Thumb Code   424  linuxusart.o(i.usartReceiveOneData)
    usart_init                               0x0800eea9   Thumb Code   152  usart.o(i.usart_init)
    _get_lc_numeric                          0x0800ef49   Thumb Code    44  lc_numeric_c.o(locale$$code)
    _get_lc_ctype                            0x0800ef75   Thumb Code    44  lc_ctype_c.o(locale$$code)
    __aeabi_d2f                              0x0800efa1   Thumb Code     0  d2f.o(x$fpl$d2f)
    _d2f                                     0x0800efa1   Thumb Code    98  d2f.o(x$fpl$d2f)
    __aeabi_dadd                             0x0800f005   Thumb Code     0  daddsub_clz.o(x$fpl$dadd)
    _dadd                                    0x0800f005   Thumb Code   332  daddsub_clz.o(x$fpl$dadd)
    __fpl_dcheck_NaN1                        0x0800f155   Thumb Code    10  dcheck1.o(x$fpl$dcheck1)
    __fpl_dcmp_Inf                           0x0800f165   Thumb Code    24  dcmpi.o(x$fpl$dcmpinf)
    __aeabi_ddiv                             0x0800f17d   Thumb Code     0  ddiv.o(x$fpl$ddiv)
    _ddiv                                    0x0800f17d   Thumb Code   552  ddiv.o(x$fpl$ddiv)
    __aeabi_cdcmpeq                          0x0800f42d   Thumb Code     0  deqf.o(x$fpl$deqf)
    _dcmpeq                                  0x0800f42d   Thumb Code   120  deqf.o(x$fpl$deqf)
    __aeabi_d2iz                             0x0800f4a5   Thumb Code     0  dfix.o(x$fpl$dfix)
    _dfix                                    0x0800f4a5   Thumb Code    94  dfix.o(x$fpl$dfix)
    __aeabi_i2d                              0x0800f503   Thumb Code     0  dflt_clz.o(x$fpl$dflt)
    _dflt                                    0x0800f503   Thumb Code    46  dflt_clz.o(x$fpl$dflt)
    __aeabi_ui2d                             0x0800f531   Thumb Code     0  dflt_clz.o(x$fpl$dfltu)
    _dfltu                                   0x0800f531   Thumb Code    38  dflt_clz.o(x$fpl$dfltu)
    __aeabi_cdcmple                          0x0800f559   Thumb Code     0  dleqf.o(x$fpl$dleqf)
    _dcmple                                  0x0800f559   Thumb Code   120  dleqf.o(x$fpl$dleqf)
    __fpl_dcmple_InfNaN                      0x0800f5bb   Thumb Code     0  dleqf.o(x$fpl$dleqf)
    __aeabi_dmul                             0x0800f5d1   Thumb Code     0  dmul.o(x$fpl$dmul)
    _dmul                                    0x0800f5d1   Thumb Code   332  dmul.o(x$fpl$dmul)
    __fpl_dnaninf                            0x0800f725   Thumb Code   156  dnaninf.o(x$fpl$dnaninf)
    __fpl_dretinf                            0x0800f7c1   Thumb Code    12  dretinf.o(x$fpl$dretinf)
    __aeabi_cdrcmple                         0x0800f7cd   Thumb Code     0  drleqf.o(x$fpl$drleqf)
    _drcmple                                 0x0800f7cd   Thumb Code   108  drleqf.o(x$fpl$drleqf)
    __aeabi_drsub                            0x0800f839   Thumb Code     0  daddsub_clz.o(x$fpl$drsb)
    _drsb                                    0x0800f839   Thumb Code    22  daddsub_clz.o(x$fpl$drsb)
    _dsqrt                                   0x0800f851   Thumb Code   456  dsqrt_noumaal.o(x$fpl$dsqrt)
    __aeabi_dsub                             0x0800fa1d   Thumb Code     0  daddsub_clz.o(x$fpl$dsub)
    _dsub                                    0x0800fa1d   Thumb Code   464  daddsub_clz.o(x$fpl$dsub)
    __aeabi_f2d                              0x0800fbf1   Thumb Code     0  f2d.o(x$fpl$f2d)
    _f2d                                     0x0800fbf1   Thumb Code    86  f2d.o(x$fpl$f2d)
    __aeabi_fadd                             0x0800fc49   Thumb Code     0  faddsub_clz.o(x$fpl$fadd)
    _fadd                                    0x0800fc49   Thumb Code   196  faddsub_clz.o(x$fpl$fadd)
    __fpl_fcheck_NaN1                        0x0800fd0d   Thumb Code     6  fcheck1.o(x$fpl$fcheck1)
    __fpl_fcmp_Inf                           0x0800fd19   Thumb Code    24  fcmpi.o(x$fpl$fcmpinf)
    __aeabi_fdiv                             0x0800fd31   Thumb Code     0  fdiv.o(x$fpl$fdiv)
    _fdiv                                    0x0800fd31   Thumb Code   384  fdiv.o(x$fpl$fdiv)
    __aeabi_cfcmpeq                          0x0800feb5   Thumb Code     0  feqf.o(x$fpl$feqf)
    _fcmpeq                                  0x0800feb5   Thumb Code   104  feqf.o(x$fpl$feqf)
    __aeabi_f2iz                             0x0800ff1d   Thumb Code     0  ffix.o(x$fpl$ffix)
    _ffix                                    0x0800ff1d   Thumb Code    54  ffix.o(x$fpl$ffix)
    __aeabi_f2uiz                            0x0800ff55   Thumb Code     0  ffixu.o(x$fpl$ffixu)
    _ffixu                                   0x0800ff55   Thumb Code    62  ffixu.o(x$fpl$ffixu)
    __aeabi_i2f                              0x0800ff95   Thumb Code     0  fflt_clz.o(x$fpl$fflt)
    _fflt                                    0x0800ff95   Thumb Code    48  fflt_clz.o(x$fpl$fflt)
    __aeabi_ul2f                             0x0800ffc5   Thumb Code     0  ffltll_clz.o(x$fpl$ffltll)
    _ll_uto_f                                0x0800ffc5   Thumb Code     6  ffltll_clz.o(x$fpl$ffltll)
    __aeabi_l2f                              0x0800ffcb   Thumb Code     0  ffltll_clz.o(x$fpl$ffltll)
    _ll_sto_f                                0x0800ffcb   Thumb Code    90  ffltll_clz.o(x$fpl$ffltll)
    __aeabi_ui2f                             0x08010025   Thumb Code     0  fflt_clz.o(x$fpl$ffltu)
    _ffltu                                   0x08010025   Thumb Code    38  fflt_clz.o(x$fpl$ffltu)
    __aeabi_cfcmple                          0x0801004d   Thumb Code     0  fleqf.o(x$fpl$fleqf)
    _fcmple                                  0x0801004d   Thumb Code   104  fleqf.o(x$fpl$fleqf)
    __fpl_fcmple_InfNaN                      0x0801009f   Thumb Code     0  fleqf.o(x$fpl$fleqf)
    __aeabi_fmul                             0x080100b5   Thumb Code     0  fmul.o(x$fpl$fmul)
    _fmul                                    0x080100b5   Thumb Code   258  fmul.o(x$fpl$fmul)
    __fpl_fnaninf                            0x080101b7   Thumb Code   140  fnaninf.o(x$fpl$fnaninf)
    __fpl_fretinf                            0x08010243   Thumb Code    10  fretinf.o(x$fpl$fretinf)
    __aeabi_cfrcmple                         0x0801024d   Thumb Code     0  frleqf.o(x$fpl$frleqf)
    _frcmple                                 0x0801024d   Thumb Code    98  frleqf.o(x$fpl$frleqf)
    _frnd                                    0x080102b1   Thumb Code    96  frnd.o(x$fpl$frnd)
    __aeabi_frsub                            0x08010311   Thumb Code     0  faddsub_clz.o(x$fpl$frsb)
    _frsb                                    0x08010311   Thumb Code    20  faddsub_clz.o(x$fpl$frsb)
    _fsqrt                                   0x08010325   Thumb Code   272  fsqrt.o(x$fpl$fsqrt)
    __aeabi_fsub                             0x08010435   Thumb Code     0  faddsub_clz.o(x$fpl$fsub)
    _fsub                                    0x08010435   Thumb Code   234  faddsub_clz.o(x$fpl$fsub)
    __aeabi_f2lz                             0x08010521   Thumb Code     0  ffixll.o(x$fpl$llsfromf)
    _ll_sfrom_f                              0x08010521   Thumb Code   134  ffixll.o(x$fpl$llsfromf)
    _printf_fp_dec                           0x080105a7   Thumb Code     4  printf1.o(x$fpl$printf1)
    _printf_fp_hex                           0x080105ab   Thumb Code     4  printf2.o(x$fpl$printf2)
    __fpl_return_NaN                         0x080105af   Thumb Code   100  retnan.o(x$fpl$retnan)
    __ARM_scalbn                             0x08010613   Thumb Code    92  scalbn.o(x$fpl$scalbn)
    __ARM_scalbnf                            0x0801066f   Thumb Code    76  scalbnf.o(x$fpl$scalbnf)
    __fpl_cmpreturn                          0x080106bb   Thumb Code    48  trapv.o(x$fpl$trapveneer)
    __I$use$fp                               0x080106ea   Number         0  usenofp.o(x$fpl$usenofp)
    header                                   0x080106ea   Data           2  linuxusart.o(.constdata)
    ender                                    0x080106ec   Data           2  linuxusart.o(.constdata)
    reg                                      0x080106f0   Data          42  inv_mpu.o(.constdata)
    hw                                       0x0801071a   Data          14  inv_mpu.o(.constdata)
    test                                     0x08010728   Data          48  inv_mpu.o(.constdata)
    ml_ver                                   0x0801154e   Data          20  mpl.o(.constdata)
    __mathlib_zero                           0x08011710   Data           8  qnan.o(.constdata)
    Region$$Table$$Base                      0x08011934   Number         0  anon$$obj.o(Region$$Table)
    Region$$Table$$Limit                     0x08011954   Number         0  anon$$obj.o(Region$$Table)
    __ctype                                  0x0801197d   Data           0  lc_ctype_c.o(locale$$data)
    leftSpeedSet                             0x20000000   Data           4  main.o(.data)
    rightSpeedSet                            0x20000004   Data           4  main.o(.data)
    yaw_                                     0x20000008   Data           4  main.o(.data)
    leftSpeedNow                             0x2000000c   Data           4  main.o(.data)
    rightSpeedNow                            0x20000010   Data           4  main.o(.data)
    testRece3                                0x20000014   Data           1  main.o(.data)
    pitch                                    0x20000018   Data           4  main.o(.data)
    roll                                     0x2000001c   Data           4  main.o(.data)
    yaw                                      0x20000020   Data           4  main.o(.data)
    sAcc                                     0x20000024   Data           6  main.o(.data)
    sGyro                                    0x2000002a   Data           6  main.o(.data)
    sMag                                     0x20000030   Data           6  main.o(.data)
    temp                                     0x20000036   Data           2  main.o(.data)
    left_dir                                 0x20000038   Data           4  main.o(.data)
    right_dir                                0x2000003c   Data           4  main.o(.data)
    left_speed_count                         0x20000040   Data           4  main.o(.data)
    right_speed_count                        0x20000044   Data           4  main.o(.data)
    SystemCoreClock                          0x20000048   Data           4  system_stm32f10x.o(.data)
    AHBPrescTable                            0x2000004c   Data          16  system_stm32f10x.o(.data)
    motorLeft                                0x2000005c   Data           4  motor.o(.data)
    motorRight                               0x20000060   Data           4  motor.o(.data)
    __stdout                                 0x20000068   Data           4  usart.o(.data)
    Yaw0                                     0x2000006c   Data           2  linuxusart.o(.data)
    Roll0                                    0x2000006e   Data           2  linuxusart.o(.data)
    Pitch0                                   0x20000070   Data           2  linuxusart.o(.data)
    Accx                                     0x20000072   Data           2  linuxusart.o(.data)
    Accy                                     0x20000074   Data           2  linuxusart.o(.data)
    Accz                                     0x20000076   Data           2  linuxusart.o(.data)
    Gyrox                                    0x20000078   Data           2  linuxusart.o(.data)
    Gyroy                                    0x2000007a   Data           2  linuxusart.o(.data)
    Gyroz                                    0x2000007c   Data           2  linuxusart.o(.data)
    Magx                                     0x2000007e   Data           2  linuxusart.o(.data)
    Magy                                     0x20000080   Data           2  linuxusart.o(.data)
    Magz                                     0x20000082   Data           2  linuxusart.o(.data)
    sFlag                                    0x20000084   Data           2  linuxusart.o(.data)
    Yaw                                      0x20000088   Data           4  linuxusart.o(.data)
    Left_Speed                               0x2000008c   Data           4  linuxusart.o(.data)
    Right_Speed                              0x20000090   Data           4  linuxusart.o(.data)
    Flag                                     0x20000094   Data           4  linuxusart.o(.data)
    leftVelSet                               0x20000098   Data           2  linuxusart.o(.data)
    rightVelSet                              0x2000009a   Data           2  linuxusart.o(.data)
    mpl_key                                  0x200000c0   Data           4  inv_mpu.o(.data)
    pid_Task_Left                            0x20000124   Data          36  pid.o(.bss)
    pid_Task_Right                           0x20000148   Data          36  pid.o(.bss)
    receiveBuff                              0x2000016c   Data          16  linuxusart.o(.bss)
    cb                                       0x200007c8   Data         232  compass_vec_cal.o(.bss)
    cb_test                                  0x200008b0   Data         232  compass_vec_cal.o(.bss)
    cb_sim                                   0x20000998   Data         232  compass_vec_cal.o(.bss)
    vc                                       0x20000a80   Data         424  compass_vec_cal.o(.bss)
    fnm                                      0x20000c28   Data         608  fast_no_motion.o(.bss)
    s9axis                                   0x20000ec8   Data         312  fusion_9axis.o(.bss)
    mag_disturb                              0x200016e8   Data         184  mag_disturb.o(.bss)
    __libspace_start                         0x200017a0   Data          96  libspace.o(.bss)
    __temporary_stack_top$libspace           0x20001800   Data           0  libspace.o(.bss)



==============================================================================

Memory Map of the image

  Image Entry point : 0x08000131

  Load Region LR_IROM1 (Base: 0x08000000, Size: 0x00011ba4, Max: 0x00080000, ABSOLUTE)

    Execution Region ER_IROM1 (Exec base: 0x08000000, Load base: 0x08000000, Size: 0x00011a80, Max: 0x00080000, ABSOLUTE)

    Exec Addr    Load Addr    Size         Type   Attr      Idx    E Section Name        Object

    0x08000000   0x08000000   0x00000130   Data   RO          883    RESET               startup_stm32f10x_hd.o
    0x08000130   0x08000130   0x00000008   Code   RO         4487  * !!!main             c_w.l(__main.o)
    0x08000138   0x08000138   0x00000034   Code   RO         5070    !!!scatter          c_w.l(__scatter.o)
    0x0800016c   0x0800016c   0x0000001a   Code   RO         5072    !!handler_copy      c_w.l(__scatter_copy.o)
    0x08000186   0x08000186   0x00000002   PAD
    0x08000188   0x08000188   0x0000001c   Code   RO         5074    !!handler_zi        c_w.l(__scatter_zi.o)
    0x080001a4   0x080001a4   0x00000000   Code   RO         4470    .ARM.Collect$$_printf_percent$$00000000  c_w.l(_printf_percent.o)
    0x080001a4   0x080001a4   0x00000006   Code   RO         4739    .ARM.Collect$$_printf_percent$$00000001  c_w.l(_printf_n.o)
    0x080001aa   0x080001aa   0x00000006   Code   RO         4740    .ARM.Collect$$_printf_percent$$00000002  c_w.l(_printf_p.o)
    0x080001b0   0x080001b0   0x00000006   Code   RO         4469    .ARM.Collect$$_printf_percent$$00000003  c_w.l(_printf_f.o)
    0x080001b6   0x080001b6   0x00000006   Code   RO         4744    .ARM.Collect$$_printf_percent$$00000004  c_w.l(_printf_e.o)
    0x080001bc   0x080001bc   0x00000006   Code   RO         4745    .ARM.Collect$$_printf_percent$$00000005  c_w.l(_printf_g.o)
    0x080001c2   0x080001c2   0x00000006   Code   RO         4746    .ARM.Collect$$_printf_percent$$00000006  c_w.l(_printf_a.o)
    0x080001c8   0x080001c8   0x0000000a   Code   RO         4751    .ARM.Collect$$_printf_percent$$00000007  c_w.l(_printf_ll.o)
    0x080001d2   0x080001d2   0x00000006   Code   RO         4742    .ARM.Collect$$_printf_percent$$00000008  c_w.l(_printf_i.o)
    0x080001d8   0x080001d8   0x00000006   Code   RO         4468    .ARM.Collect$$_printf_percent$$00000009  c_w.l(_printf_d.o)
    0x080001de   0x080001de   0x00000006   Code   RO         4743    .ARM.Collect$$_printf_percent$$0000000A  c_w.l(_printf_u.o)
    0x080001e4   0x080001e4   0x00000006   Code   RO         4741    .ARM.Collect$$_printf_percent$$0000000B  c_w.l(_printf_o.o)
    0x080001ea   0x080001ea   0x00000006   Code   RO         4467    .ARM.Collect$$_printf_percent$$0000000C  c_w.l(_printf_x.o)
    0x080001f0   0x080001f0   0x00000006   Code   RO         4748    .ARM.Collect$$_printf_percent$$0000000D  c_w.l(_printf_lli.o)
    0x080001f6   0x080001f6   0x00000006   Code   RO         4749    .ARM.Collect$$_printf_percent$$0000000E  c_w.l(_printf_lld.o)
    0x080001fc   0x080001fc   0x00000006   Code   RO         4750    .ARM.Collect$$_printf_percent$$0000000F  c_w.l(_printf_llu.o)
    0x08000202   0x08000202   0x00000006   Code   RO         4755    .ARM.Collect$$_printf_percent$$00000010  c_w.l(_printf_llo.o)
    0x08000208   0x08000208   0x00000006   Code   RO         4756    .ARM.Collect$$_printf_percent$$00000011  c_w.l(_printf_llx.o)
    0x0800020e   0x0800020e   0x0000000a   Code   RO         4752    .ARM.Collect$$_printf_percent$$00000012  c_w.l(_printf_l.o)
    0x08000218   0x08000218   0x00000006   Code   RO         4737    .ARM.Collect$$_printf_percent$$00000013  c_w.l(_printf_c.o)
    0x0800021e   0x0800021e   0x00000006   Code   RO         4738    .ARM.Collect$$_printf_percent$$00000014  c_w.l(_printf_s.o)
    0x08000224   0x08000224   0x00000006   Code   RO         4753    .ARM.Collect$$_printf_percent$$00000015  c_w.l(_printf_lc.o)
    0x0800022a   0x0800022a   0x00000006   Code   RO         4754    .ARM.Collect$$_printf_percent$$00000016  c_w.l(_printf_ls.o)
    0x08000230   0x08000230   0x00000004   Code   RO         4747    .ARM.Collect$$_printf_percent$$00000017  c_w.l(_printf_percent_end.o)
    0x08000234   0x08000234   0x00000002   Code   RO         4936    .ARM.Collect$$libinit$$00000000  c_w.l(libinit.o)
    0x08000236   0x08000236   0x00000000   Code   RO         4938    .ARM.Collect$$libinit$$00000002  c_w.l(libinit2.o)
    0x08000236   0x08000236   0x00000000   Code   RO         4940    .ARM.Collect$$libinit$$00000004  c_w.l(libinit2.o)
    0x08000236   0x08000236   0x00000000   Code   RO         4943    .ARM.Collect$$libinit$$0000000A  c_w.l(libinit2.o)
    0x08000236   0x08000236   0x00000000   Code   RO         4945    .ARM.Collect$$libinit$$0000000C  c_w.l(libinit2.o)
    0x08000236   0x08000236   0x00000000   Code   RO         4947    .ARM.Collect$$libinit$$0000000E  c_w.l(libinit2.o)
    0x08000236   0x08000236   0x00000006   Code   RO         4948    .ARM.Collect$$libinit$$0000000F  c_w.l(libinit2.o)
    0x0800023c   0x0800023c   0x00000000   Code   RO         4950    .ARM.Collect$$libinit$$00000011  c_w.l(libinit2.o)
    0x0800023c   0x0800023c   0x0000000c   Code   RO         4951    .ARM.Collect$$libinit$$00000012  c_w.l(libinit2.o)
    0x08000248   0x08000248   0x00000000   Code   RO         4952    .ARM.Collect$$libinit$$00000013  c_w.l(libinit2.o)
    0x08000248   0x08000248   0x00000000   Code   RO         4954    .ARM.Collect$$libinit$$00000015  c_w.l(libinit2.o)
    0x08000248   0x08000248   0x0000000a   Code   RO         4955    .ARM.Collect$$libinit$$00000016  c_w.l(libinit2.o)
    0x08000252   0x08000252   0x00000000   Code   RO         4956    .ARM.Collect$$libinit$$00000017  c_w.l(libinit2.o)
    0x08000252   0x08000252   0x00000000   Code   RO         4958    .ARM.Collect$$libinit$$00000019  c_w.l(libinit2.o)
    0x08000252   0x08000252   0x00000000   Code   RO         4960    .ARM.Collect$$libinit$$0000001B  c_w.l(libinit2.o)
    0x08000252   0x08000252   0x00000000   Code   RO         4962    .ARM.Collect$$libinit$$0000001D  c_w.l(libinit2.o)
    0x08000252   0x08000252   0x00000000   Code   RO         4964    .ARM.Collect$$libinit$$0000001F  c_w.l(libinit2.o)
    0x08000252   0x08000252   0x00000000   Code   RO         4966    .ARM.Collect$$libinit$$00000021  c_w.l(libinit2.o)
    0x08000252   0x08000252   0x00000000   Code   RO         4968    .ARM.Collect$$libinit$$00000023  c_w.l(libinit2.o)
    0x08000252   0x08000252   0x00000000   Code   RO         4970    .ARM.Collect$$libinit$$00000025  c_w.l(libinit2.o)
    0x08000252   0x08000252   0x00000000   Code   RO         4974    .ARM.Collect$$libinit$$0000002C  c_w.l(libinit2.o)
    0x08000252   0x08000252   0x00000000   Code   RO         4976    .ARM.Collect$$libinit$$0000002E  c_w.l(libinit2.o)
    0x08000252   0x08000252   0x00000000   Code   RO         4978    .ARM.Collect$$libinit$$00000030  c_w.l(libinit2.o)
    0x08000252   0x08000252   0x00000000   Code   RO         4980    .ARM.Collect$$libinit$$00000032  c_w.l(libinit2.o)
    0x08000252   0x08000252   0x00000002   Code   RO         4981    .ARM.Collect$$libinit$$00000033  c_w.l(libinit2.o)
    0x08000254   0x08000254   0x00000002   Code   RO         5028    .ARM.Collect$$libshutdown$$00000000  c_w.l(libshutdown.o)
    0x08000256   0x08000256   0x00000000   Code   RO         5037    .ARM.Collect$$libshutdown$$00000002  c_w.l(libshutdown2.o)
    0x08000256   0x08000256   0x00000000   Code   RO         5039    .ARM.Collect$$libshutdown$$00000004  c_w.l(libshutdown2.o)
    0x08000256   0x08000256   0x00000000   Code   RO         5041    .ARM.Collect$$libshutdown$$00000006  c_w.l(libshutdown2.o)
    0x08000256   0x08000256   0x00000000   Code   RO         5044    .ARM.Collect$$libshutdown$$00000009  c_w.l(libshutdown2.o)
    0x08000256   0x08000256   0x00000000   Code   RO         5047    .ARM.Collect$$libshutdown$$0000000C  c_w.l(libshutdown2.o)
    0x08000256   0x08000256   0x00000000   Code   RO         5049    .ARM.Collect$$libshutdown$$0000000E  c_w.l(libshutdown2.o)
    0x08000256   0x08000256   0x00000000   Code   RO         5052    .ARM.Collect$$libshutdown$$00000011  c_w.l(libshutdown2.o)
    0x08000256   0x08000256   0x00000002   Code   RO         5053    .ARM.Collect$$libshutdown$$00000012  c_w.l(libshutdown2.o)
    0x08000258   0x08000258   0x00000000   Code   RO         4705    .ARM.Collect$$rtentry$$00000000  c_w.l(__rtentry.o)
    0x08000258   0x08000258   0x00000000   Code   RO         4839    .ARM.Collect$$rtentry$$00000002  c_w.l(__rtentry2.o)
    0x08000258   0x08000258   0x00000006   Code   RO         4851    .ARM.Collect$$rtentry$$00000004  c_w.l(__rtentry4.o)
    0x0800025e   0x0800025e   0x00000000   Code   RO         4841    .ARM.Collect$$rtentry$$00000009  c_w.l(__rtentry2.o)
    0x0800025e   0x0800025e   0x00000004   Code   RO         4842    .ARM.Collect$$rtentry$$0000000A  c_w.l(__rtentry2.o)
    0x08000262   0x08000262   0x00000000   Code   RO         4844    .ARM.Collect$$rtentry$$0000000C  c_w.l(__rtentry2.o)
    0x08000262   0x08000262   0x00000008   Code   RO         4845    .ARM.Collect$$rtentry$$0000000D  c_w.l(__rtentry2.o)
    0x0800026a   0x0800026a   0x00000002   Code   RO         4984    .ARM.Collect$$rtexit$$00000000  c_w.l(rtexit.o)
    0x0800026c   0x0800026c   0x00000000   Code   RO         4998    .ARM.Collect$$rtexit$$00000002  c_w.l(rtexit2.o)
    0x0800026c   0x0800026c   0x00000004   Code   RO         4999    .ARM.Collect$$rtexit$$00000003  c_w.l(rtexit2.o)
    0x08000270   0x08000270   0x00000006   Code   RO         5000    .ARM.Collect$$rtexit$$00000004  c_w.l(rtexit2.o)
    0x08000276   0x08000276   0x00000002   PAD
    0x08000278   0x08000278   0x00000040   Code   RO          884    .text               startup_stm32f10x_hd.o
    0x080002b8   0x080002b8   0x00001e5c   Code   RO         4172    .text               libmpllib.lib(compass_vec_cal.o)
    0x08002114   0x08002114   0x000009f4   Code   RO         4262    .text               libmpllib.lib(fast_no_motion.o)
    0x08002b08   0x08002b08   0x0000065c   Code   RO         4295    .text               libmpllib.lib(fusion_9axis.o)
    0x08003164   0x08003164   0x000004bc   Code   RO         4317    .text               libmpllib.lib(gyro_tc.o)
    0x08003620   0x08003620   0x00000940   Code   RO         4335    .text               libmpllib.lib(quaternion_supervisor.o)
    0x08003f60   0x08003f60   0x00000aec   Code   RO         4353    .text               libmpllib.lib(accel_auto_cal.o)
    0x08004a4c   0x08004a4c   0x00000550   Code   RO         4382    .text               libmpllib.lib(mag_disturb.o)
    0x08004f9c   0x08004f9c   0x00000002   Code   RO         4406    .text               c_w.l(use_no_semi_2.o)
    0x08004f9e   0x08004f9e   0x00000026   Code   RO         4408    .text               c_w.l(llshl.o)
    0x08004fc4   0x08004fc4   0x00000026   Code   RO         4410    .text               c_w.l(llsshr.o)
    0x08004fea   0x08004fea   0x00000048   Code   RO         4412    .text               c_w.l(llsdiv.o)
    0x08005032   0x08005032   0x00000002   PAD
    0x08005034   0x08005034   0x00000024   Code   RO         4414    .text               c_w.l(vsprintf.o)
    0x08005058   0x08005058   0x00000018   Code   RO         4416    .text               c_w.l(__2printf.o)
    0x08005070   0x08005070   0x0000004e   Code   RO         4422    .text               c_w.l(_printf_pad.o)
    0x080050be   0x080050be   0x00000002   PAD
    0x080050c0   0x080050c0   0x00000078   Code   RO         4424    .text               c_w.l(_printf_dec.o)
    0x08005138   0x08005138   0x00000094   Code   RO         4444    .text               c_w.l(_printf_hex_int_ll_ptr.o)
    0x080051cc   0x080051cc   0x00000188   Code   RO         4464    .text               c_w.l(__printf_flags_ss_wp.o)
    0x08005354   0x08005354   0x00000058   Code   RO         4471    .text               c_w.l(memcmp.o)
    0x080053ac   0x080053ac   0x0000008a   Code   RO         4473    .text               c_w.l(rt_memcpy_v6.o)
    0x08005436   0x08005436   0x00000064   Code   RO         4475    .text               c_w.l(rt_memcpy_w.o)
    0x0800549a   0x0800549a   0x0000007a   Code   RO         4477    .text               c_w.l(rt_memmove_w.o)
    0x08005514   0x08005514   0x00000010   Code   RO         4479    .text               c_w.l(aeabi_memset.o)
    0x08005524   0x08005524   0x00000044   Code   RO         4481    .text               c_w.l(rt_memclr.o)
    0x08005568   0x08005568   0x0000004e   Code   RO         4483    .text               c_w.l(rt_memclr_w.o)
    0x080055b6   0x080055b6   0x00000006   Code   RO         4485    .text               c_w.l(heapauxi.o)
    0x080055bc   0x080055bc   0x00000002   Code   RO         4703    .text               c_w.l(use_no_semi.o)
    0x080055be   0x080055be   0x000000ee   Code   RO         4706    .text               c_w.l(lludivv7m.o)
    0x080056ac   0x080056ac   0x00000016   Code   RO         4708    .text               c_w.l(_rserrno.o)
    0x080056c2   0x080056c2   0x00000024   Code   RO         4710    .text               c_w.l(_printf_truncate.o)
    0x080056e6   0x080056e6   0x00000052   Code   RO         4712    .text               c_w.l(_printf_str.o)
    0x08005738   0x08005738   0x000000b2   Code   RO         4714    .text               c_w.l(_printf_intcommon.o)
    0x080057ea   0x080057ea   0x00000028   Code   RO         4716    .text               c_w.l(_printf_charcount.o)
    0x08005812   0x08005812   0x0000041e   Code   RO         4718    .text               c_w.l(_printf_fp_dec.o)
    0x08005c30   0x08005c30   0x00000030   Code   RO         4720    .text               c_w.l(_printf_char_common.o)
    0x08005c60   0x08005c60   0x0000000a   Code   RO         4722    .text               c_w.l(_sputc.o)
    0x08005c6a   0x08005c6a   0x00000002   PAD
    0x08005c6c   0x08005c6c   0x00000024   Code   RO         4724    .text               c_w.l(_printf_char_file.o)
    0x08005c90   0x08005c90   0x000000bc   Code   RO         4726    .text               c_w.l(_printf_wctomb.o)
    0x08005d4c   0x08005d4c   0x0000007c   Code   RO         4729    .text               c_w.l(_printf_longlong_dec.o)
    0x08005dc8   0x08005dc8   0x00000070   Code   RO         4735    .text               c_w.l(_printf_oct_int_ll.o)
    0x08005e38   0x08005e38   0x00000008   Code   RO         4860    .text               c_w.l(rt_locale_intlibspace.o)
    0x08005e40   0x08005e40   0x00000008   Code   RO         4865    .text               c_w.l(rt_errno_addr_intlibspace.o)
    0x08005e48   0x08005e48   0x0000008a   Code   RO         4867    .text               c_w.l(lludiv10.o)
    0x08005ed2   0x08005ed2   0x00000002   PAD
    0x08005ed4   0x08005ed4   0x000002fc   Code   RO         4869    .text               c_w.l(_printf_fp_hex.o)
    0x080061d0   0x080061d0   0x00000080   Code   RO         4872    .text               c_w.l(_printf_fp_infnan.o)
    0x08006250   0x08006250   0x0000002c   Code   RO         4876    .text               c_w.l(_printf_char.o)
    0x0800627c   0x0800627c   0x0000002c   Code   RO         4878    .text               c_w.l(_printf_wchar.o)
    0x080062a8   0x080062a8   0x000000e4   Code   RO         4880    .text               c_w.l(bigflt0.o)
    0x0800638c   0x0800638c   0x00000008   Code   RO         4905    .text               c_w.l(ferror.o)
    0x08006394   0x08006394   0x00000040   Code   RO         4909    .text               c_w.l(_wcrtomb.o)
    0x080063d4   0x080063d4   0x00000008   Code   RO         4918    .text               c_w.l(libspace.o)
    0x080063dc   0x080063dc   0x0000004a   Code   RO         4921    .text               c_w.l(sys_stackheap_outer.o)
    0x08006426   0x08006426   0x00000002   PAD
    0x08006428   0x08006428   0x00000010   Code   RO         4923    .text               c_w.l(rt_ctype_table.o)
    0x08006438   0x08006438   0x00000012   Code   RO         4927    .text               c_w.l(exit.o)
    0x0800644a   0x0800644a   0x00000002   PAD
    0x0800644c   0x0800644c   0x00000080   Code   RO         4929    .text               c_w.l(strcmpv7m.o)
    0x080064cc   0x080064cc   0x0000003e   Code   RO         4883    CL$$btod_d2e        c_w.l(btod.o)
    0x0800650a   0x0800650a   0x00000046   Code   RO         4885    CL$$btod_d2e_denorm_low  c_w.l(btod.o)
    0x08006550   0x08006550   0x00000060   Code   RO         4884    CL$$btod_d2e_norm_op1  c_w.l(btod.o)
    0x080065b0   0x080065b0   0x00000338   Code   RO         4893    CL$$btod_div_common  c_w.l(btod.o)
    0x080068e8   0x080068e8   0x000000dc   Code   RO         4890    CL$$btod_e2e        c_w.l(btod.o)
    0x080069c4   0x080069c4   0x0000002a   Code   RO         4887    CL$$btod_ediv       c_w.l(btod.o)
    0x080069ee   0x080069ee   0x0000002a   Code   RO         4886    CL$$btod_emul       c_w.l(btod.o)
    0x08006a18   0x08006a18   0x00000244   Code   RO         4892    CL$$btod_mult_common  c_w.l(btod.o)
    0x08006c5c   0x08006c5c   0x00000004   Code   RO          171    i.BusFault_Handler  stm32f10x_it.o
    0x08006c60   0x08006c60   0x00000002   Code   RO          172    i.DebugMon_Handler  stm32f10x_it.o
    0x08006c62   0x08006c62   0x00000116   Code   RO          894    i.GPIO_Init         stm32f10x_gpio.o
    0x08006d78   0x08006d78   0x00000012   Code   RO          898    i.GPIO_ReadInputDataBit  stm32f10x_gpio.o
    0x08006d8a   0x08006d8a   0x00000004   Code   RO          902    i.GPIO_SetBits      stm32f10x_gpio.o
    0x08006d8e   0x08006d8e   0x00000002   PAD
    0x08006d90   0x08006d90   0x00000098   Code   RO          609    i.GetSpeedInfo      timer.o
    0x08006e28   0x08006e28   0x00000004   Code   RO          173    i.HardFault_Handler  stm32f10x_it.o
    0x08006e2c   0x08006e2c   0x0000004c   Code   RO          555    i.IIC_Ack           mpuiic.o
    0x08006e78   0x08006e78   0x00000034   Code   RO          556    i.IIC_Init          mpuiic.o
    0x08006eac   0x08006eac   0x0000004c   Code   RO          557    i.IIC_NAck          mpuiic.o
    0x08006ef8   0x08006ef8   0x00000070   Code   RO          558    i.IIC_Read_Byte     mpuiic.o
    0x08006f68   0x08006f68   0x00000064   Code   RO          559    i.IIC_Send_Byte     mpuiic.o
    0x08006fcc   0x08006fcc   0x0000004c   Code   RO          560    i.IIC_Start         mpuiic.o
    0x08007018   0x08007018   0x0000004c   Code   RO          561    i.IIC_Stop          mpuiic.o
    0x08007064   0x08007064   0x00000064   Code   RO          562    i.IIC_Wait_Ack      mpuiic.o
    0x080070c8   0x080070c8   0x00000074   Code   RO          474    i.MPU_Read_Len      mpu9250.o
    0x0800713c   0x0800713c   0x00000060   Code   RO          480    i.MPU_Write_Len     mpu9250.o
    0x0800719c   0x0800719c   0x00000004   Code   RO          174    i.MemManage_Handler  stm32f10x_it.o
    0x080071a0   0x080071a0   0x00000060   Code   RO          648    i.Motor_Init        pwm.o
    0x08007200   0x08007200   0x00000002   Code   RO          175    i.NMI_Handler       stm32f10x_it.o
    0x08007202   0x08007202   0x00000002   PAD
    0x08007204   0x08007204   0x00000070   Code   RO         1382    i.NVIC_Init         misc.o
    0x08007274   0x08007274   0x00000014   Code   RO         1383    i.NVIC_PriorityGroupConfig  misc.o
    0x08007288   0x08007288   0x00000064   Code   RO          708    i.PID_Init          pid.o
    0x080072ec   0x080072ec   0x00000050   Code   RO          709    i.PID_common        pid.o
    0x0800733c   0x0800733c   0x000000a8   Code   RO          649    i.PWM_Init          pwm.o
    0x080073e4   0x080073e4   0x00000002   Code   RO          176    i.PendSV_Handler    stm32f10x_it.o
    0x080073e6   0x080073e6   0x00000002   PAD
    0x080073e8   0x080073e8   0x00000030   Code   RO          710    i.Pid_Ctrl          pid.o
    0x08007418   0x08007418   0x0000005c   Code   RO          711    i.Pid_Which         pid.o
    0x08007474   0x08007474   0x00000020   Code   RO         1004    i.RCC_APB1PeriphClockCmd  stm32f10x_rcc.o
    0x08007494   0x08007494   0x00000020   Code   RO         1006    i.RCC_APB2PeriphClockCmd  stm32f10x_rcc.o
    0x080074b4   0x080074b4   0x000000d4   Code   RO         1014    i.RCC_GetClocksFreq  stm32f10x_rcc.o
    0x08007588   0x08007588   0x00000002   Code   RO          177    i.SVC_Handler       stm32f10x_it.o
    0x0800758a   0x0800758a   0x00000008   Code   RO          260    i.SetSysClock       system_stm32f10x.o
    0x08007592   0x08007592   0x00000002   PAD
    0x08007594   0x08007594   0x000000e0   Code   RO          261    i.SetSysClockTo72   system_stm32f10x.o
    0x08007674   0x08007674   0x00000078   Code   RO          666    i.Set_Pwm           motor.o
    0x080076ec   0x080076ec   0x00000028   Code   RO         1386    i.SysTick_CLKSourceConfig  misc.o
    0x08007714   0x08007714   0x00000002   Code   RO          178    i.SysTick_Handler   stm32f10x_it.o
    0x08007716   0x08007716   0x00000002   PAD
    0x08007718   0x08007718   0x00000060   Code   RO          263    i.SystemInit        system_stm32f10x.o
    0x08007778   0x08007778   0x00000080   Code   RO         1538    i.TI1_Config        stm32f10x_tim.o
    0x080077f8   0x080077f8   0x00000098   Code   RO         1539    i.TI2_Config        stm32f10x_tim.o
    0x08007890   0x08007890   0x00000090   Code   RO         1540    i.TI3_Config        stm32f10x_tim.o
    0x08007920   0x08007920   0x00000098   Code   RO         1541    i.TI4_Config        stm32f10x_tim.o
    0x080079b8   0x080079b8   0x00000044   Code   RO          610    i.TIM5_Cap_GPIO_Init  timer.o
    0x080079fc   0x080079fc   0x000000cc   Code   RO          611    i.TIM5_Cap_Init     timer.o
    0x08007ac8   0x08007ac8   0x0000013c   Code   RO            1    i.TIM5_IRQHandler   main.o
    0x08007c04   0x08007c04   0x00000018   Code   RO         1542    i.TIM_ARRPreloadConfig  stm32f10x_tim.o
    0x08007c1c   0x08007c1c   0x00000006   Code   RO         1549    i.TIM_ClearITPendingBit  stm32f10x_tim.o
    0x08007c22   0x08007c22   0x00000018   Code   RO         1554    i.TIM_Cmd           stm32f10x_tim.o
    0x08007c3a   0x08007c3a   0x0000001e   Code   RO         1556    i.TIM_CtrlPWMOutputs  stm32f10x_tim.o
    0x08007c58   0x08007c58   0x00000022   Code   RO         1575    i.TIM_GetITStatus   stm32f10x_tim.o
    0x08007c7a   0x08007c7a   0x00000002   PAD
    0x08007c7c   0x08007c7c   0x000000ac   Code   RO         1577    i.TIM_ICInit        stm32f10x_tim.o
    0x08007d28   0x08007d28   0x00000012   Code   RO         1579    i.TIM_ITConfig      stm32f10x_tim.o
    0x08007d3a   0x08007d3a   0x00000002   PAD
    0x08007d3c   0x08007d3c   0x000000a0   Code   RO         1593    i.TIM_OC3Init       stm32f10x_tim.o
    0x08007ddc   0x08007ddc   0x00000012   Code   RO         1596    i.TIM_OC3PreloadConfig  stm32f10x_tim.o
    0x08007dee   0x08007dee   0x00000002   PAD
    0x08007df0   0x08007df0   0x0000007c   Code   RO         1598    i.TIM_OC4Init       stm32f10x_tim.o
    0x08007e6c   0x08007e6c   0x0000001a   Code   RO         1600    i.TIM_OC4PreloadConfig  stm32f10x_tim.o
    0x08007e86   0x08007e86   0x00000012   Code   RO         1620    i.TIM_SetIC1Prescaler  stm32f10x_tim.o
    0x08007e98   0x08007e98   0x0000001a   Code   RO         1621    i.TIM_SetIC2Prescaler  stm32f10x_tim.o
    0x08007eb2   0x08007eb2   0x00000012   Code   RO         1622    i.TIM_SetIC3Prescaler  stm32f10x_tim.o
    0x08007ec4   0x08007ec4   0x0000001a   Code   RO         1623    i.TIM_SetIC4Prescaler  stm32f10x_tim.o
    0x08007ede   0x08007ede   0x00000002   PAD
    0x08007ee0   0x08007ee0   0x000000a4   Code   RO         1625    i.TIM_TimeBaseInit  stm32f10x_tim.o
    0x08007f84   0x08007f84   0x00000034   Code   RO            2    i.USART1_IRQHandler  main.o
    0x08007fb8   0x08007fb8   0x0000001e   Code   RO         1203    i.USART_ClearITPendingBit  stm32f10x_usart.o
    0x08007fd6   0x08007fd6   0x00000018   Code   RO         1206    i.USART_Cmd         stm32f10x_usart.o
    0x08007fee   0x08007fee   0x00000054   Code   RO         1210    i.USART_GetITStatus  stm32f10x_usart.o
    0x08008042   0x08008042   0x0000004a   Code   RO         1212    i.USART_ITConfig    stm32f10x_usart.o
    0x0800808c   0x0800808c   0x000000d8   Code   RO         1213    i.USART_Init        stm32f10x_usart.o
    0x08008164   0x08008164   0x0000000a   Code   RO         1220    i.USART_ReceiveData  stm32f10x_usart.o
    0x0800816e   0x0800816e   0x00000002   PAD
    0x08008170   0x08008170   0x0000003c   Code   RO          836    i.USART_Send_String  linuxusart.o
    0x080081ac   0x080081ac   0x00000004   Code   RO          179    i.UsageFault_Handler  stm32f10x_it.o
    0x080081b0   0x080081b0   0x000000bc   Code   RO          837    i.UsartSendData     linuxusart.o
    0x0800826c   0x0800826c   0x000000ca   Code   RO         3417    i._MLPrintLog       log_stm32.o
    0x08008336   0x08008336   0x00000028   Code   RO         4803    i.__ARM_fpclassify  m_ws.l(fpclassify.o)
    0x0800835e   0x0800835e   0x00000026   Code   RO         4805    i.__ARM_fpclassifyf  m_ws.l(fpclassifyf.o)
    0x08008384   0x08008384   0x00000388   Code   RO         4824    i.__ieee754_rem_pio2  m_ws.l(rred.o)
    0x0800870c   0x0800870c   0x000000fc   Code   RO         4786    i.__kernel_cos      m_ws.l(cos_i.o)
    0x08008808   0x08008808   0x000000aa   Code   RO         4821    i.__kernel_poly     m_ws.l(poly.o)
    0x080088b2   0x080088b2   0x00000002   PAD
    0x080088b4   0x080088b4   0x000000ec   Code   RO         4832    i.__kernel_sin      m_ws.l(sin_i.o)
    0x080089a0   0x080089a0   0x00000010   Code   RO         4789    i.__mathlib_dbl_divzero  m_ws.l(dunder.o)
    0x080089b0   0x080089b0   0x00000006   Code   RO         4790    i.__mathlib_dbl_infnan  m_ws.l(dunder.o)
    0x080089b6   0x080089b6   0x00000004   Code   RO         4791    i.__mathlib_dbl_infnan2  m_ws.l(dunder.o)
    0x080089ba   0x080089ba   0x0000000c   Code   RO         4792    i.__mathlib_dbl_invalid  m_ws.l(dunder.o)
    0x080089c6   0x080089c6   0x00000002   PAD
    0x080089c8   0x080089c8   0x00000010   Code   RO         4795    i.__mathlib_dbl_underflow  m_ws.l(dunder.o)
    0x080089d8   0x080089d8   0x00000006   Code   RO         4808    i.__mathlib_flt_infnan  m_ws.l(funder.o)
    0x080089de   0x080089de   0x00000004   Code   RO         4809    i.__mathlib_flt_infnan2  m_ws.l(funder.o)
    0x080089e2   0x080089e2   0x00000008   Code   RO         4810    i.__mathlib_flt_invalid  m_ws.l(funder.o)
    0x080089ea   0x080089ea   0x0000000a   Code   RO         4813    i.__mathlib_flt_underflow  m_ws.l(funder.o)
    0x080089f4   0x080089f4   0x00000168   Code   RO         4829    i.__mathlib_rredf2  m_ws.l(rredf.o)
    0x08008b5c   0x08008b5c   0x00000034   Code   RO         3824    i.__print_result_location  mpl.o
    0x08008b90   0x08008b90   0x0000000e   Code   RO         4457    i._is_digit         c_w.l(__printf_wp.o)
    0x08008b9e   0x08008b9e   0x00000006   Code   RO          805    i._sys_exit         usart.o
    0x08008ba4   0x08008ba4   0x0000053c   Code   RO         2810    i.accel_6500_self_test  inv_mpu.o
    0x080090e0   0x080090e0   0x0000011c   Code   RO         4576    i.acosf             m_ws.l(acosf.o)
    0x080091fc   0x080091fc   0x00000270   Code   RO         4584    i.asin              m_ws.l(asin.o)
    0x0800946c   0x0800946c   0x00000220   Code   RO         4602    i.atan              m_ws.l(atan.o)
    0x0800968c   0x0800968c   0x0000019c   Code   RO         4612    i.atan2             m_ws.l(atan2.o)
    0x08009828   0x08009828   0x000002a4   Code   RO         4620    i.atan2f            m_ws.l(atan2f.o)
    0x08009acc   0x08009acc   0x0000014c   Code   RO         2811    i.compass_self_test  inv_mpu.o
    0x08009c18   0x08009c18   0x0000009c   Code   RO         4632    i.cos               m_ws.l(cos.o)
    0x08009cb4   0x08009cb4   0x0000017c   Code   RO         4640    i.cosf              m_ws.l(cosf.o)
    0x08009e30   0x08009e30   0x00000064   Code   RO         3235    i.decode_gesture    inv_mpu_dmp_motion_driver.o
    0x08009e94   0x08009e94   0x00000044   Code   RO          750    i.delay_init        delay.o
    0x08009ed8   0x08009ed8   0x0000004c   Code   RO          751    i.delay_ms          delay.o
    0x08009f24   0x08009f24   0x0000004c   Code   RO          752    i.delay_us          delay.o
    0x08009f70   0x08009f70   0x0000003c   Code   RO         3236    i.dmp_enable_6x_lp_quat  inv_mpu_dmp_motion_driver.o
    0x08009fac   0x08009fac   0x0000021c   Code   RO         3237    i.dmp_enable_feature  inv_mpu_dmp_motion_driver.o
    0x0800a1c8   0x0800a1c8   0x00000058   Code   RO         3238    i.dmp_enable_gyro_cal  inv_mpu_dmp_motion_driver.o
    0x0800a220   0x0800a220   0x0000003c   Code   RO         3239    i.dmp_enable_lp_quat  inv_mpu_dmp_motion_driver.o
    0x0800a25c   0x0800a25c   0x00000018   Code   RO         3244    i.dmp_load_motion_driver_firmware  inv_mpu_dmp_motion_driver.o
    0x0800a274   0x0800a274   0x000001cc   Code   RO         3245    i.dmp_read_fifo     inv_mpu_dmp_motion_driver.o
    0x0800a440   0x0800a440   0x00000130   Code   RO         3248    i.dmp_set_accel_bias  inv_mpu_dmp_motion_driver.o
    0x0800a570   0x0800a570   0x00000070   Code   RO         3249    i.dmp_set_fifo_rate  inv_mpu_dmp_motion_driver.o
    0x0800a5e0   0x0800a5e0   0x00000130   Code   RO         3250    i.dmp_set_gyro_bias  inv_mpu_dmp_motion_driver.o
    0x0800a710   0x0800a710   0x00000138   Code   RO         3252    i.dmp_set_orientation  inv_mpu_dmp_motion_driver.o
    0x0800a848   0x0800a848   0x00000038   Code   RO         3255    i.dmp_set_shake_reject_thresh  inv_mpu_dmp_motion_driver.o
    0x0800a880   0x0800a880   0x00000026   Code   RO         3256    i.dmp_set_shake_reject_time  inv_mpu_dmp_motion_driver.o
    0x0800a8a6   0x0800a8a6   0x00000026   Code   RO         3257    i.dmp_set_shake_reject_timeout  inv_mpu_dmp_motion_driver.o
    0x0800a8cc   0x0800a8cc   0x00000046   Code   RO         3258    i.dmp_set_tap_axes  inv_mpu_dmp_motion_driver.o
    0x0800a912   0x0800a912   0x00000026   Code   RO         3259    i.dmp_set_tap_count  inv_mpu_dmp_motion_driver.o
    0x0800a938   0x0800a938   0x000001a0   Code   RO         3260    i.dmp_set_tap_thresh  inv_mpu_dmp_motion_driver.o
    0x0800aad8   0x0800aad8   0x00000026   Code   RO         3261    i.dmp_set_tap_time  inv_mpu_dmp_motion_driver.o
    0x0800aafe   0x0800aafe   0x00000026   Code   RO         3262    i.dmp_set_tap_time_multi  inv_mpu_dmp_motion_driver.o
    0x0800ab24   0x0800ab24   0x0000001c   Code   RO          806    i.fputc             usart.o
    0x0800ab40   0x0800ab40   0x00000038   Code   RO          838    i.getCrc8           linuxusart.o
    0x0800ab78   0x0800ab78   0x0000064c   Code   RO         2812    i.get_st_6500_biases  inv_mpu.o
    0x0800b1c4   0x0800b1c4   0x000004e8   Code   RO         2814    i.gyro_6500_self_test  inv_mpu.o
    0x0800b6ac   0x0800b6ac   0x0000006a   Code   RO         2141    i.inv_apply_calibration  data_builder.o
    0x0800b716   0x0800b716   0x000000a2   Code   RO         3467    i.inv_compass_angle  ml_math_func.o
    0x0800b7b8   0x0800b7b8   0x00000072   Code   RO         3469    i.inv_convert_to_body_with_scale  ml_math_func.o
    0x0800b82a   0x0800b82a   0x00000002   PAD
    0x0800b82c   0x0800b82c   0x00000050   Code   RO         2148    i.inv_db_load_func  data_builder.o
    0x0800b87c   0x0800b87c   0x00000018   Code   RO         2149    i.inv_db_save_func  data_builder.o
    0x0800b894   0x0800b894   0x00000010   Code   RO         2150    i.inv_disable_compass_soft_iron_matrix  data_builder.o
    0x0800b8a4   0x0800b8a4   0x0000001c   Code   RO         2610    i.inv_enable_eMPL_outputs  empl_outputs.o
    0x0800b8c0   0x0800b8c0   0x00000020   Code   RO         3862    i.inv_enable_results_holder  results_holder.o
    0x0800b8e0   0x0800b8e0   0x0000002c   Code   RO         4097    i.inv_execute_mpl_start_notification  start_manager.o
    0x0800b90c   0x0800b90c   0x000000f0   Code   RO         2611    i.inv_generate_eMPL_outputs  empl_outputs.o
    0x0800b9fc   0x0800b9fc   0x00000010   Code   RO         3863    i.inv_generate_results  results_holder.o
    0x0800ba0c   0x0800ba0c   0x00000018   Code   RO         3864    i.inv_get_6axis_quaternion  results_holder.o
    0x0800ba24   0x0800ba24   0x0000000c   Code   RO         3865    i.inv_get_acc_state  results_holder.o
    0x0800ba30   0x0800ba30   0x0000000c   Code   RO         2153    i.inv_get_accel_accuracy  data_builder.o
    0x0800ba3c   0x0800ba3c   0x00000010   Code   RO         2155    i.inv_get_accel_on  data_builder.o
    0x0800ba4c   0x0800ba4c   0x0000002c   Code   RO         2159    i.inv_get_accel_set  data_builder.o
    0x0800ba78   0x0800ba78   0x00000018   Code   RO         2160    i.inv_get_compass_bias  data_builder.o
    0x0800ba90   0x0800ba90   0x00000018   Code   RO         3869    i.inv_get_compass_correction  results_holder.o
    0x0800baa8   0x0800baa8   0x00000010   Code   RO         2162    i.inv_get_compass_on  data_builder.o
    0x0800bab8   0x0800bab8   0x0000000c   Code   RO         3870    i.inv_get_compass_state  results_holder.o
    0x0800bac4   0x0800bac4   0x00000060   Code   RO         3871    i.inv_get_gravity   results_holder.o
    0x0800bb24   0x0800bb24   0x00000010   Code   RO         2170    i.inv_get_gyro      data_builder.o
    0x0800bb34   0x0800bb34   0x0000000c   Code   RO         2171    i.inv_get_gyro_accuracy  data_builder.o
    0x0800bb40   0x0800bb40   0x00000024   Code   RO         2172    i.inv_get_gyro_bias  data_builder.o
    0x0800bb64   0x0800bb64   0x00000020   Code   RO         2173    i.inv_get_gyro_bias_tc_set  data_builder.o
    0x0800bb84   0x0800bb84   0x00000010   Code   RO         2174    i.inv_get_gyro_on   data_builder.o
    0x0800bb94   0x0800bb94   0x0000001c   Code   RO         3473    i.inv_get_gyro_sum_of_sqr  ml_math_func.o
    0x0800bbb0   0x0800bbb0   0x0000000c   Code   RO         3874    i.inv_get_large_mag_field  results_holder.o
    0x0800bbbc   0x0800bbbc   0x00000068   Code   RO         2180    i.inv_get_last_timestamp  data_builder.o
    0x0800bc24   0x0800bc24   0x0000003c   Code   RO         3875    i.inv_get_linear_accel  results_holder.o
    0x0800bc60   0x0800bc60   0x00000038   Code   RO         3876    i.inv_get_linear_accel_float  results_holder.o
    0x0800bc98   0x0800bc98   0x00000010   Code   RO         3877    i.inv_get_local_field  results_holder.o
    0x0800bca8   0x0800bca8   0x0000001c   Code   RO         2181    i.inv_get_mag_accuracy  data_builder.o
    0x0800bcc4   0x0800bcc4   0x00000014   Code   RO         3879    i.inv_get_motion_state  results_holder.o
    0x0800bcd8   0x0800bcd8   0x0000003c   Code   RO         3880    i.inv_get_quaternion  results_holder.o
    0x0800bd14   0x0800bd14   0x00000044   Code   RO         3882    i.inv_get_quaternion_set  results_holder.o
    0x0800bd58   0x0800bd58   0x00000060   Code   RO         2706    i.inv_get_sensor_type_gravity  hal_outputs.o
    0x0800bdb8   0x0800bdb8   0x0000000c   Code   RO         3884    i.inv_got_compass_bias  results_holder.o
    0x0800bdc4   0x0800bdc4   0x0000003c   Code   RO         2184    i.inv_init_data_builder  data_builder.o
    0x0800be00   0x0800be00   0x00000014   Code   RO         2619    i.inv_init_eMPL_outputs  empl_outputs.o
    0x0800be14   0x0800be14   0x00000080   Code   RO         3826    i.inv_init_mpl      mpl.o
    0x0800be94   0x0800be94   0x00000038   Code   RO         3885    i.inv_init_results_holder  results_holder.o
    0x0800becc   0x0800becc   0x00000014   Code   RO         4098    i.inv_init_start_manager  start_manager.o
    0x0800bee0   0x0800bee0   0x00000018   Code   RO         4131    i.inv_init_storage_manager  storage_manager.o
    0x0800bef8   0x0800bef8   0x00000028   Code   RO         3482    i.inv_orientation_matrix_to_scalar  ml_math_func.o
    0x0800bf20   0x0800bf20   0x00000012   Code   RO         3483    i.inv_q29_mult      ml_math_func.o
    0x0800bf32   0x0800bf32   0x00000012   Code   RO         3485    i.inv_q30_mult      ml_math_func.o
    0x0800bf44   0x0800bf44   0x00000016   Code   RO         3487    i.inv_q30_to_float  ml_math_func.o
    0x0800bf5a   0x0800bf5a   0x00000024   Code   RO         3488    i.inv_q_add         ml_math_func.o
    0x0800bf7e   0x0800bf7e   0x00000032   Code   RO         3489    i.inv_q_addf        ml_math_func.o
    0x0800bfb0   0x0800bfb0   0x00000018   Code   RO         3490    i.inv_q_invert      ml_math_func.o
    0x0800bfc8   0x0800bfc8   0x0000001e   Code   RO         3491    i.inv_q_invertf     ml_math_func.o
    0x0800bfe6   0x0800bfe6   0x000000b2   Code   RO         3492    i.inv_q_mult        ml_math_func.o
    0x0800c098   0x0800c098   0x0000010e   Code   RO         3493    i.inv_q_multf       ml_math_func.o
    0x0800c1a6   0x0800c1a6   0x00000092   Code   RO         3494    i.inv_q_norm4       ml_math_func.o
    0x0800c238   0x0800c238   0x0000016e   Code   RO         3496    i.inv_q_normalizef  ml_math_func.o
    0x0800c3a6   0x0800c3a6   0x00000042   Code   RO         3497    i.inv_q_rotate      ml_math_func.o
    0x0800c3e8   0x0800c3e8   0x000000da   Code   RO         3499    i.inv_quaternion_to_rotation  ml_math_func.o
    0x0800c4c2   0x0800c4c2   0x00000002   PAD
    0x0800c4c4   0x0800c4c4   0x000000f8   Code   RO         2187    i.inv_register_data_cb  data_builder.o
    0x0800c5bc   0x0800c5bc   0x00000090   Code   RO         4133    i.inv_register_load_store  storage_manager.o
    0x0800c64c   0x0800c64c   0x0000002c   Code   RO         4099    i.inv_register_mpl_start_notification  start_manager.o
    0x0800c678   0x0800c678   0x0000004c   Code   RO         2188    i.inv_reset_compass_soft_iron_matrix  data_builder.o
    0x0800c6c4   0x0800c6c4   0x0000004e   Code   RO         3501    i.inv_row_2_scale   ml_math_func.o
    0x0800c712   0x0800c712   0x00000002   PAD
    0x0800c714   0x0800c714   0x00000024   Code   RO         2189    i.inv_set_accel_accuracy  data_builder.o
    0x0800c738   0x0800c738   0x0000000c   Code   RO         3888    i.inv_set_accel_bias_found  results_holder.o
    0x0800c744   0x0800c744   0x00000060   Code   RO         2192    i.inv_set_accel_bias_mask  data_builder.o
    0x0800c7a4   0x0800c7a4   0x00000018   Code   RO         2193    i.inv_set_accel_orientation_and_scale  data_builder.o
    0x0800c7bc   0x0800c7bc   0x0000002c   Code   RO         2194    i.inv_set_accel_sample_rate  data_builder.o
    0x0800c7e8   0x0800c7e8   0x0000004c   Code   RO         2196    i.inv_set_compass_bias  data_builder.o
    0x0800c834   0x0800c834   0x00000014   Code   RO         3889    i.inv_set_compass_bias_error  results_holder.o
    0x0800c848   0x0800c848   0x0000000c   Code   RO         3890    i.inv_set_compass_bias_found  results_holder.o
    0x0800c854   0x0800c854   0x00000024   Code   RO         3891    i.inv_set_compass_correction  results_holder.o
    0x0800c878   0x0800c878   0x0000000c   Code   RO         2197    i.inv_set_compass_disturbance  data_builder.o
    0x0800c884   0x0800c884   0x00000018   Code   RO         2198    i.inv_set_compass_orientation_and_scale  data_builder.o
    0x0800c89c   0x0800c89c   0x00000030   Code   RO         2199    i.inv_set_compass_sample_rate  data_builder.o
    0x0800c8cc   0x0800c8cc   0x0000000c   Code   RO         3892    i.inv_set_compass_state  results_holder.o
    0x0800c8d8   0x0800c8d8   0x00000074   Code   RO         2205    i.inv_set_gyro_bias  data_builder.o
    0x0800c94c   0x0800c94c   0x00000018   Code   RO         2206    i.inv_set_gyro_orientation_and_scale  data_builder.o
    0x0800c964   0x0800c964   0x00000028   Code   RO         2207    i.inv_set_gyro_sample_rate  data_builder.o
    0x0800c98c   0x0800c98c   0x0000001c   Code   RO         3442    i.inv_set_message   message_layer.o
    0x0800c9a8   0x0800c9a8   0x00000050   Code   RO         3897    i.inv_set_motion_state  results_holder.o
    0x0800c9f8   0x0800c9f8   0x00000014   Code   RO         2620    i.inv_start_eMPL_outputs  empl_outputs.o
    0x0800ca0c   0x0800ca0c   0x0000003c   Code   RO         3827    i.inv_start_mpl     mpl.o
    0x0800ca48   0x0800ca48   0x00000018   Code   RO         3898    i.inv_start_results_holder  results_holder.o
    0x0800ca60   0x0800ca60   0x00000024   Code   RO         3899    i.inv_store_gaming_quaternion  results_holder.o
    0x0800ca84   0x0800ca84   0x00000064   Code   RO         2210    i.inv_unregister_data_cb  data_builder.o
    0x0800cae8   0x0800cae8   0x00000060   Code   RO         4100    i.inv_unregister_mpl_start_notification  start_manager.o
    0x0800cb48   0x0800cb48   0x0000035c   Code   RO         4652    i.log               m_ws.l(log.o)
    0x0800cea4   0x0800cea4   0x000000cc   Code   RO            3    i.main              main.o
    0x0800cf70   0x0800cf70   0x00000002   Code   RO         2816    i.mget_ms           inv_mpu.o
    0x0800cf72   0x0800cf72   0x00000002   PAD
    0x0800cf74   0x0800cf74   0x00000070   Code   RO         2817    i.mpu_configure_fifo  inv_mpu.o
    0x0800cfe4   0x0800cfe4   0x00000224   Code   RO         2818    i.mpu_dmp_get_data  inv_mpu.o
    0x0800d208   0x0800d208   0x00000268   Code   RO         2819    i.mpu_dmp_get_data_  inv_mpu.o
    0x0800d470   0x0800d470   0x00000164   Code   RO         2820    i.mpu_dmp_init      inv_mpu.o
    0x0800d5d4   0x0800d5d4   0x0000004c   Code   RO         2821    i.mpu_get_accel_fsr  inv_mpu.o
    0x0800d620   0x0800d620   0x00000054   Code   RO         2823    i.mpu_get_accel_sens  inv_mpu.o
    0x0800d674   0x0800d674   0x00000014   Code   RO         2824    i.mpu_get_compass_fsr  inv_mpu.o
    0x0800d688   0x0800d688   0x00000010   Code   RO         2828    i.mpu_get_fifo_config  inv_mpu.o
    0x0800d698   0x0800d698   0x00000044   Code   RO         2829    i.mpu_get_gyro_fsr  inv_mpu.o
    0x0800d6dc   0x0800d6dc   0x00000050   Code   RO         2831    i.mpu_get_gyro_sens  inv_mpu.o
    0x0800d72c   0x0800d72c   0x00000050   Code   RO         2833    i.mpu_get_lpf       inv_mpu.o
    0x0800d77c   0x0800d77c   0x00000020   Code   RO         2835    i.mpu_get_sample_rate  inv_mpu.o
    0x0800d79c   0x0800d79c   0x0000012c   Code   RO         2837    i.mpu_init          inv_mpu.o
    0x0800d8c8   0x0800d8c8   0x000000b8   Code   RO         2838    i.mpu_load_firmware  inv_mpu.o
    0x0800d980   0x0800d980   0x0000011c   Code   RO         2839    i.mpu_lp_accel_mode  inv_mpu.o
    0x0800da9c   0x0800da9c   0x000000c0   Code   RO         2846    i.mpu_read_fifo_stream  inv_mpu.o
    0x0800db5c   0x0800db5c   0x00000080   Code   RO         2847    i.mpu_read_mem      inv_mpu.o
    0x0800dbdc   0x0800dbdc   0x000001c8   Code   RO         2850    i.mpu_reset_fifo    inv_mpu.o
    0x0800dda4   0x0800dda4   0x0000029c   Code   RO         2851    i.mpu_run_6500_self_test  inv_mpu.o
    0x0800e040   0x0800e040   0x00000084   Code   RO         2855    i.mpu_set_accel_fsr  inv_mpu.o
    0x0800e0c4   0x0800e0c4   0x0000014c   Code   RO         2856    i.mpu_set_bypass    inv_mpu.o
    0x0800e210   0x0800e210   0x00000060   Code   RO         2857    i.mpu_set_compass_sample_rate  inv_mpu.o
    0x0800e270   0x0800e270   0x00000090   Code   RO         2858    i.mpu_set_dmp_state  inv_mpu.o
    0x0800e300   0x0800e300   0x00000088   Code   RO         2860    i.mpu_set_gyro_fsr  inv_mpu.o
    0x0800e388   0x0800e388   0x0000006c   Code   RO         2861    i.mpu_set_int_latched  inv_mpu.o
    0x0800e3f4   0x0800e3f4   0x00000084   Code   RO         2863    i.mpu_set_lpf       inv_mpu.o
    0x0800e478   0x0800e478   0x000000b4   Code   RO         2864    i.mpu_set_sample_rate  inv_mpu.o
    0x0800e52c   0x0800e52c   0x00000168   Code   RO         2865    i.mpu_set_sensors   inv_mpu.o
    0x0800e694   0x0800e694   0x00000080   Code   RO         2866    i.mpu_write_mem     inv_mpu.o
    0x0800e714   0x0800e714   0x0000000e   Code   RO          667    i.myabs             motor.o
    0x0800e722   0x0800e722   0x0000000a   Code   RO          712    i.reset_Uk          pid.o
    0x0800e72c   0x0800e72c   0x00000096   Code   RO         2867    i.run_self_test     inv_mpu.o
    0x0800e7c2   0x0800e7c2   0x00000002   PAD
    0x0800e7c4   0x0800e7c4   0x00000090   Code   RO         2868    i.set_int_enable    inv_mpu.o
    0x0800e854   0x0800e854   0x00000006   Code   RO         2211    i.set_sensor_orientation_and_scale  data_builder.o
    0x0800e85a   0x0800e85a   0x00000002   PAD
    0x0800e85c   0x0800e85c   0x00000254   Code   RO         2869    i.setup_compass     inv_mpu.o
    0x0800eab0   0x0800eab0   0x00000188   Code   RO         4680    i.sinf              m_ws.l(sinf.o)
    0x0800ec38   0x0800ec38   0x0000004c   Code   RO         4688    i.sqrt              m_ws.l(sqrt.o)
    0x0800ec84   0x0800ec84   0x0000002c   Code   RO         4696    i.sqrtf             m_ws.l(sqrtf.o)
    0x0800ecb0   0x0800ecb0   0x000001f8   Code   RO          839    i.usartReceiveOneData  linuxusart.o
    0x0800eea8   0x0800eea8   0x000000a0   Code   RO          807    i.usart_init        usart.o
    0x0800ef48   0x0800ef48   0x0000002c   Code   RO         4912    locale$$code        c_w.l(lc_numeric_c.o)
    0x0800ef74   0x0800ef74   0x0000002c   Code   RO         4987    locale$$code        c_w.l(lc_ctype_c.o)
    0x0800efa0   0x0800efa0   0x00000062   Code   RO         4489    x$fpl$d2f           fz_ws.l(d2f.o)
    0x0800f002   0x0800f002   0x00000002   PAD
    0x0800f004   0x0800f004   0x00000150   Code   RO         4491    x$fpl$dadd          fz_ws.l(daddsub_clz.o)
    0x0800f154   0x0800f154   0x00000010   Code   RO         4757    x$fpl$dcheck1       fz_ws.l(dcheck1.o)
    0x0800f164   0x0800f164   0x00000018   Code   RO         4759    x$fpl$dcmpinf       fz_ws.l(dcmpi.o)
    0x0800f17c   0x0800f17c   0x000002b0   Code   RO         4498    x$fpl$ddiv          fz_ws.l(ddiv.o)
    0x0800f42c   0x0800f42c   0x00000078   Code   RO         4501    x$fpl$deqf          fz_ws.l(deqf.o)
    0x0800f4a4   0x0800f4a4   0x0000005e   Code   RO         4503    x$fpl$dfix          fz_ws.l(dfix.o)
    0x0800f502   0x0800f502   0x0000002e   Code   RO         4508    x$fpl$dflt          fz_ws.l(dflt_clz.o)
    0x0800f530   0x0800f530   0x00000026   Code   RO         4507    x$fpl$dfltu         fz_ws.l(dflt_clz.o)
    0x0800f556   0x0800f556   0x00000002   PAD
    0x0800f558   0x0800f558   0x00000078   Code   RO         4513    x$fpl$dleqf         fz_ws.l(dleqf.o)
    0x0800f5d0   0x0800f5d0   0x00000154   Code   RO         4515    x$fpl$dmul          fz_ws.l(dmul.o)
    0x0800f724   0x0800f724   0x0000009c   Code   RO         4761    x$fpl$dnaninf       fz_ws.l(dnaninf.o)
    0x0800f7c0   0x0800f7c0   0x0000000c   Code   RO         4763    x$fpl$dretinf       fz_ws.l(dretinf.o)
    0x0800f7cc   0x0800f7cc   0x0000006c   Code   RO         4517    x$fpl$drleqf        fz_ws.l(drleqf.o)
    0x0800f838   0x0800f838   0x00000016   Code   RO         4492    x$fpl$drsb          fz_ws.l(daddsub_clz.o)
    0x0800f84e   0x0800f84e   0x00000002   PAD
    0x0800f850   0x0800f850   0x000001cc   Code   RO         4765    x$fpl$dsqrt         fz_ws.l(dsqrt_noumaal.o)
    0x0800fa1c   0x0800fa1c   0x000001d4   Code   RO         4493    x$fpl$dsub          fz_ws.l(daddsub_clz.o)
    0x0800fbf0   0x0800fbf0   0x00000056   Code   RO         4519    x$fpl$f2d           fz_ws.l(f2d.o)
    0x0800fc46   0x0800fc46   0x00000002   PAD
    0x0800fc48   0x0800fc48   0x000000c4   Code   RO         4521    x$fpl$fadd          fz_ws.l(faddsub_clz.o)
    0x0800fd0c   0x0800fd0c   0x0000000c   Code   RO         4767    x$fpl$fcheck1       fz_ws.l(fcheck1.o)
    0x0800fd18   0x0800fd18   0x00000018   Code   RO         4769    x$fpl$fcmpinf       fz_ws.l(fcmpi.o)
    0x0800fd30   0x0800fd30   0x00000184   Code   RO         4528    x$fpl$fdiv          fz_ws.l(fdiv.o)
    0x0800feb4   0x0800feb4   0x00000068   Code   RO         4531    x$fpl$feqf          fz_ws.l(feqf.o)
    0x0800ff1c   0x0800ff1c   0x00000036   Code   RO         4533    x$fpl$ffix          fz_ws.l(ffix.o)
    0x0800ff52   0x0800ff52   0x00000002   PAD
    0x0800ff54   0x0800ff54   0x0000003e   Code   RO         4541    x$fpl$ffixu         fz_ws.l(ffixu.o)
    0x0800ff92   0x0800ff92   0x00000002   PAD
    0x0800ff94   0x0800ff94   0x00000030   Code   RO         4546    x$fpl$fflt          fz_ws.l(fflt_clz.o)
    0x0800ffc4   0x0800ffc4   0x00000060   Code   RO         4551    x$fpl$ffltll        fz_ws.l(ffltll_clz.o)
    0x08010024   0x08010024   0x00000026   Code   RO         4545    x$fpl$ffltu         fz_ws.l(fflt_clz.o)
    0x0801004a   0x0801004a   0x00000002   PAD
    0x0801004c   0x0801004c   0x00000068   Code   RO         4553    x$fpl$fleqf         fz_ws.l(fleqf.o)
    0x080100b4   0x080100b4   0x00000102   Code   RO         4555    x$fpl$fmul          fz_ws.l(fmul.o)
    0x080101b6   0x080101b6   0x0000008c   Code   RO         4771    x$fpl$fnaninf       fz_ws.l(fnaninf.o)
    0x08010242   0x08010242   0x0000000a   Code   RO         4773    x$fpl$fretinf       fz_ws.l(fretinf.o)
    0x0801024c   0x0801024c   0x00000062   Code   RO         4557    x$fpl$frleqf        fz_ws.l(frleqf.o)
    0x080102ae   0x080102ae   0x00000002   PAD
    0x080102b0   0x080102b0   0x00000060   Code   RO         4775    x$fpl$frnd          fz_ws.l(frnd.o)
    0x08010310   0x08010310   0x00000014   Code   RO         4522    x$fpl$frsb          fz_ws.l(faddsub_clz.o)
    0x08010324   0x08010324   0x00000110   Code   RO         4777    x$fpl$fsqrt         fz_ws.l(fsqrt.o)
    0x08010434   0x08010434   0x000000ea   Code   RO         4523    x$fpl$fsub          fz_ws.l(faddsub_clz.o)
    0x0801051e   0x0801051e   0x00000002   PAD
    0x08010520   0x08010520   0x00000086   Code   RO         4537    x$fpl$llsfromf      fz_ws.l(ffixll.o)
    0x080105a6   0x080105a6   0x00000004   Code   RO         4559    x$fpl$printf1       fz_ws.l(printf1.o)
    0x080105aa   0x080105aa   0x00000004   Code   RO         4779    x$fpl$printf2       fz_ws.l(printf2.o)
    0x080105ae   0x080105ae   0x00000064   Code   RO         4916    x$fpl$retnan        fz_ws.l(retnan.o)
    0x08010612   0x08010612   0x0000005c   Code   RO         4561    x$fpl$scalbn        fz_ws.l(scalbn.o)
    0x0801066e   0x0801066e   0x0000004c   Code   RO         4563    x$fpl$scalbnf       fz_ws.l(scalbnf.o)
    0x080106ba   0x080106ba   0x00000030   Code   RO         4982    x$fpl$trapveneer    fz_ws.l(trapv.o)
    0x080106ea   0x080106ea   0x00000000   Code   RO         4785    x$fpl$usenofp       fz_ws.l(usenofp.o)
    0x080106ea   0x080106ea   0x00000004   Data   RO          841    .constdata          linuxusart.o
    0x080106ee   0x080106ee   0x00000002   PAD
    0x080106f0   0x080106f0   0x00000268   Data   RO         2870    .constdata          inv_mpu.o
    0x08010958   0x08010958   0x00000bf6   Data   RO         3264    .constdata          inv_mpu_dmp_motion_driver.o
    0x0801154e   0x0801154e   0x0000002f   Data   RO         3828    .constdata          mpl.o
    0x0801157d   0x0801157d   0x00000028   Data   RO         4445    .constdata          c_w.l(_printf_hex_int_ll_ptr.o)
    0x080115a5   0x080115a5   0x00000011   Data   RO         4465    .constdata          c_w.l(__printf_flags_ss_wp.o)
    0x080115b6   0x080115b6   0x00000002   PAD
    0x080115b8   0x080115b8   0x00000050   Data   RO         4585    .constdata          m_ws.l(asin.o)
    0x08011608   0x08011608   0x00000098   Data   RO         4603    .constdata          m_ws.l(atan.o)
    0x080116a0   0x080116a0   0x00000038   Data   RO         4653    .constdata          m_ws.l(log.o)
    0x080116d8   0x080116d8   0x00000008   Data   RO         4727    .constdata          c_w.l(_printf_wctomb.o)
    0x080116e0   0x080116e0   0x00000030   Data   RO         4787    .constdata          m_ws.l(cos_i.o)
    0x08011710   0x08011710   0x00000008   Data   RO         4823    .constdata          m_ws.l(qnan.o)
    0x08011718   0x08011718   0x000000c8   Data   RO         4826    .constdata          m_ws.l(rred.o)
    0x080117e0   0x080117e0   0x00000020   Data   RO         4830    .constdata          m_ws.l(rredf.o)
    0x08011800   0x08011800   0x00000028   Data   RO         4833    .constdata          m_ws.l(sin_i.o)
    0x08011828   0x08011828   0x00000026   Data   RO         4870    .constdata          c_w.l(_printf_fp_hex.o)
    0x0801184e   0x0801184e   0x00000002   PAD
    0x08011850   0x08011850   0x00000094   Data   RO         4881    .constdata          c_w.l(bigflt0.o)
    0x080118e4   0x080118e4   0x00000044   Data   RO         2213    .conststring        data_builder.o
    0x08011928   0x08011928   0x00000009   Data   RO         2871    .conststring        inv_mpu.o
    0x08011931   0x08011931   0x00000003   PAD
    0x08011934   0x08011934   0x00000020   Data   RO         5068    Region$$Table       anon$$obj.o
    0x08011954   0x08011954   0x0000001c   Data   RO         4911    locale$$data        c_w.l(lc_numeric_c.o)
    0x08011970   0x08011970   0x00000110   Data   RO         4986    locale$$data        c_w.l(lc_ctype_c.o)


    Execution Region RW_IRAM1 (Exec base: 0x20000000, Load base: 0x08011a80, Size: 0x00001e00, Max: 0x00010000, ABSOLUTE)

    Exec Addr    Load Addr    Size         Type   Attr      Idx    E Section Name        Object

    0x20000000   0x08011a80   0x00000048   Data   RW            5    .data               main.o
    0x20000048   0x08011ac8   0x00000014   Data   RW          264    .data               system_stm32f10x.o
    0x2000005c   0x08011adc   0x00000008   Data   RW          668    .data               motor.o
    0x20000064   0x08011ae4   0x00000004   Data   RW          753    .data               delay.o
    0x20000068   0x08011ae8   0x00000004   Data   RW          808    .data               usart.o
    0x2000006c   0x08011aec   0x00000040   Data   RW          842    .data               linuxusart.o
    0x200000ac   0x08011b2c   0x00000014   Data   RW         1034    .data               stm32f10x_rcc.o
    0x200000c0   0x08011b40   0x0000004e   Data   RW         2872    .data               inv_mpu.o
    0x2000010e   0x08011b8e   0x00000002   PAD
    0x20000110   0x08011b90   0x00000004   Data   RW         3443    .data               message_layer.o
    0x20000114   0x08011b94   0x00000010   Data   RW         4174    .data               libmpllib.lib(compass_vec_cal.o)
    0x20000124        -       0x00000048   Zero   RW          713    .bss                pid.o
    0x2000016c        -       0x00000010   Zero   RW          840    .bss                linuxusart.o
    0x2000017c        -       0x000002d8   Zero   RW         2212    .bss                data_builder.o
    0x20000454        -       0x00000028   Zero   RW         2622    .bss                empl_outputs.o
    0x2000047c        -       0x000000c4   Zero   RW         2716    .bss                hal_outputs.o
    0x20000540        -       0x00000010   Zero   RW         3263    .bss                inv_mpu_dmp_motion_driver.o
    0x20000550        -       0x00000088   Zero   RW         3900    .bss                results_holder.o
    0x200005d8        -       0x00000054   Zero   RW         4101    .bss                start_manager.o
    0x2000062c        -       0x00000198   Zero   RW         4135    .bss                storage_manager.o
    0x200007c4   0x08011ba4   0x00000004   PAD
    0x200007c8        -       0x00000460   Zero   RW         4173    .bss                libmpllib.lib(compass_vec_cal.o)
    0x20000c28        -       0x000002a0   Zero   RW         4263    .bss                libmpllib.lib(fast_no_motion.o)
    0x20000ec8        -       0x00000138   Zero   RW         4296    .bss                libmpllib.lib(fusion_9axis.o)
    0x20001000        -       0x000001c4   Zero   RW         4318    .bss                libmpllib.lib(gyro_tc.o)
    0x200011c4        -       0x0000006c   Zero   RW         4336    .bss                libmpllib.lib(quaternion_supervisor.o)
    0x20001230        -       0x000004b8   Zero   RW         4354    .bss                libmpllib.lib(accel_auto_cal.o)
    0x200016e8        -       0x000000b8   Zero   RW         4383    .bss                libmpllib.lib(mag_disturb.o)
    0x200017a0        -       0x00000060   Zero   RW         4919    .bss                c_w.l(libspace.o)
    0x20001800        -       0x00000200   Zero   RW          882    HEAP                startup_stm32f10x_hd.o
    0x20001a00        -       0x00000400   Zero   RW          881    STACK               startup_stm32f10x_hd.o


==============================================================================

Image component sizes


      Code (inc. data)   RO Data    RW Data    ZI Data      Debug   Object Name

      1612        220         68          0        728      22155   data_builder.o
       220         26          0          4          0       1675   delay.o
       308         20          0          0         40       3882   empl_outputs.o
        96         10          0          0        196       1910   hal_outputs.o
     11480       1516        625         78          0      36384   inv_mpu.o
      3096        122       3062          0         16      19718   inv_mpu_dmp_motion_driver.o
       808        114          4         64         16       4674   linuxusart.o
       202         10          0          0          0       1074   log_stm32.o
       572        106          0         72          0     259981   main.o
        28          4          0          4          0       1082   message_layer.o
       172         22          0          0          0       2009   misc.o
      1864          0          0          0          0      12340   ml_math_func.o
       134         22          0          8          0       1337   motor.o
       240         68         47          0          0       2284   mpl.o
       212          0          0          0          0       1887   mpu9250.o
       668         98          0          0          0       4094   mpuiic.o
       330         16          0          0         72       3645   pid.o
       264         18          0          0          0       1328   pwm.o
       808        122          0          0        136      14137   results_holder.o
       204         20          0          0         84       3000   start_manager.o
        64         26        304          0       1536        792   startup_stm32f10x_hd.o
       300          0          0          0          0       3075   stm32f10x_gpio.o
        26          0          0          0          0       3594   stm32f10x_it.o
       276         32          0         20          0       4370   stm32f10x_rcc.o
      1464        170          0          0          0      12961   stm32f10x_tim.o
       438          6          0          0          0       5556   stm32f10x_usart.o
       168         10          0          0        408       2273   storage_manager.o
         0          0          0          0          0         32   sys.o
       328         28          0         20          0       2025   system_stm32f10x.o
       424         38          0          0          0       1916   timer.o
       194         12          0          4          0       3423   usart.o

    ----------------------------------------------------------------------
     27032       2856       4147        276       3236     438613   Object Totals
         0          0         32          0          0          0   (incl. Generated)
        32          0          5          2          4          0   (incl. Padding)

    ----------------------------------------------------------------------

      Code (inc. data)   RO Data    RW Data    ZI Data      Debug   Library Member Name

        24          4          0          0          0         84   __2printf.o
         8          0          0          0          0         68   __main.o
       392          4         17          0          0         92   __printf_flags_ss_wp.o
        14          0          0          0          0         68   __printf_wp.o
         0          0          0          0          0          0   __rtentry.o
        12          0          0          0          0          0   __rtentry2.o
         6          0          0          0          0          0   __rtentry4.o
        52          8          0          0          0          0   __scatter.o
        26          0          0          0          0          0   __scatter_copy.o
        28          0          0          0          0          0   __scatter_zi.o
         6          0          0          0          0          0   _printf_a.o
         6          0          0          0          0          0   _printf_c.o
        44          0          0          0          0        108   _printf_char.o
        48          6          0          0          0         96   _printf_char_common.o
        36          4          0          0          0         80   _printf_char_file.o
        40          0          0          0          0         68   _printf_charcount.o
         6          0          0          0          0          0   _printf_d.o
       120         16          0          0          0         92   _printf_dec.o
         6          0          0          0          0          0   _printf_e.o
         6          0          0          0          0          0   _printf_f.o
      1054          0          0          0          0        216   _printf_fp_dec.o
       764          8         38          0          0        100   _printf_fp_hex.o
       128         16          0          0          0         84   _printf_fp_infnan.o
         6          0          0          0          0          0   _printf_g.o
       148          4         40          0          0        160   _printf_hex_int_ll_ptr.o
         6          0          0          0          0          0   _printf_i.o
       178          0          0          0          0         88   _printf_intcommon.o
        10          0          0          0          0          0   _printf_l.o
         6          0          0          0          0          0   _printf_lc.o
        10          0          0          0          0          0   _printf_ll.o
         6          0          0          0          0          0   _printf_lld.o
         6          0          0          0          0          0   _printf_lli.o
         6          0          0          0          0          0   _printf_llo.o
         6          0          0          0          0          0   _printf_llu.o
         6          0          0          0          0          0   _printf_llx.o
       124         16          0          0          0         92   _printf_longlong_dec.o
         6          0          0          0          0          0   _printf_ls.o
         6          0          0          0          0          0   _printf_n.o
         6          0          0          0          0          0   _printf_o.o
       112         10          0          0          0        124   _printf_oct_int_ll.o
         6          0          0          0          0          0   _printf_p.o
        78          0          0          0          0        108   _printf_pad.o
         0          0          0          0          0          0   _printf_percent.o
         4          0          0          0          0          0   _printf_percent_end.o
         6          0          0          0          0          0   _printf_s.o
        82          0          0          0          0         80   _printf_str.o
        36          0          0          0          0         84   _printf_truncate.o
         6          0          0          0          0          0   _printf_u.o
        44          0          0          0          0        108   _printf_wchar.o
       188          6          8          0          0         92   _printf_wctomb.o
         6          0          0          0          0          0   _printf_x.o
        22          0          0          0          0        100   _rserrno.o
        10          0          0          0          0         68   _sputc.o
        64          0          0          0          0         92   _wcrtomb.o
        16          0          0          0          0         68   aeabi_memset.o
       228          4        148          0          0         96   bigflt0.o
      1936        128          0          0          0        672   btod.o
        18          0          0          0          0         80   exit.o
         8          0          0          0          0         68   ferror.o
         6          0          0          0          0        152   heapauxi.o
        44         10        272          0          0         76   lc_ctype_c.o
        44         10         28          0          0         76   lc_numeric_c.o
         2          0          0          0          0          0   libinit.o
        30          0          0          0          0          0   libinit2.o
         2          0          0          0          0          0   libshutdown.o
         2          0          0          0          0          0   libshutdown2.o
         8          4          0          0         96         68   libspace.o
        72          0          0          0          0         76   llsdiv.o
        38          0          0          0          0         68   llshl.o
        38          0          0          0          0         68   llsshr.o
       138          0          0          0          0         80   lludiv10.o
       238          0          0          0          0        100   lludivv7m.o
        88          0          0          0          0         76   memcmp.o
        16          4          0          0          0         76   rt_ctype_table.o
         8          4          0          0          0         68   rt_errno_addr_intlibspace.o
         8          4          0          0          0         68   rt_locale_intlibspace.o
        68          0          0          0          0         68   rt_memclr.o
        78          0          0          0          0         80   rt_memclr_w.o
       138          0          0          0          0         68   rt_memcpy_v6.o
       100          0          0          0          0         80   rt_memcpy_w.o
       122          0          0          0          0         80   rt_memmove_w.o
         2          0          0          0          0          0   rtexit.o
        10          0          0          0          0          0   rtexit2.o
       128          0          0          0          0         68   strcmpv7m.o
        74          0          0          0          0         80   sys_stackheap_outer.o
         2          0          0          0          0         68   use_no_semi.o
         2          0          0          0          0         68   use_no_semi_2.o
        36          4          0          0          0         76   vsprintf.o
        98          4          0          0          0         92   d2f.o
       826         16          0          0          0        348   daddsub_clz.o
        16          4          0          0          0         68   dcheck1.o
        24          0          0          0          0         68   dcmpi.o
       688        140          0          0          0        208   ddiv.o
       120          4          0          0          0         92   deqf.o
        94          4          0          0          0         92   dfix.o
        84          0          0          0          0        136   dflt_clz.o
       120          4          0          0          0         92   dleqf.o
       340         12          0          0          0        104   dmul.o
       156          4          0          0          0         92   dnaninf.o
        12          0          0          0          0         68   dretinf.o
       108          0          0          0          0         80   drleqf.o
       460         56          0          0          0        120   dsqrt_noumaal.o
        86          4          0          0          0         84   f2d.o
       450          8          0          0          0        236   faddsub_clz.o
        12          4          0          0          0         68   fcheck1.o
        24          0          0          0          0         68   fcmpi.o
       388         76          0          0          0         96   fdiv.o
       104          4          0          0          0         84   feqf.o
        54          4          0          0          0         84   ffix.o
       134          4          0          0          0         84   ffixll.o
        62          4          0          0          0         84   ffixu.o
        86          0          0          0          0        136   fflt_clz.o
        96          0          0          0          0         84   ffltll_clz.o
       104          4          0          0          0         84   fleqf.o
       258          4          0          0          0         84   fmul.o
       140          4          0          0          0         84   fnaninf.o
        10          0          0          0          0         68   fretinf.o
        98          0          0          0          0         68   frleqf.o
        96          4          0          0          0         76   frnd.o
       272        100          0          0          0         88   fsqrt.o
         4          0          0          0          0         68   printf1.o
         4          0          0          0          0         68   printf2.o
       100          0          0          0          0         68   retnan.o
        92          0          0          0          0         68   scalbn.o
        76          0          0          0          0         68   scalbnf.o
        48          0          0          0          0         68   trapv.o
         0          0          0          0          0          0   usenofp.o
      2796        150          0          0       1208       9108   accel_auto_cal.o
      7772        154          0         16       1120      19264   compass_vec_cal.o
      2548         42          0          0        672      13408   fast_no_motion.o
      1628         54          0          0        312       5308   fusion_9axis.o
      1212         30          0          0        452       5515   gyro_tc.o
      1360         46          0          0        184       7270   mag_disturb.o
      2368        102          0          0        108       5409   quaternion_supervisor.o
       284         42          0          0          0        120   acosf.o
       624         52         80          0          0        168   asin.o
       544         70        152          0          0        124   atan.o
       412         38          0          0          0        144   atan2.o
       676         78          0          0          0        116   atan2f.o
       156          8          0          0          0        104   cos.o
       252         22         48          0          0        124   cos_i.o
       380         52          0          0          0        124   cosf.o
        54         10          0          0          0        340   dunder.o
        40          0          0          0          0         68   fpclassify.o
        38          0          0          0          0         68   fpclassifyf.o
        28          0          0          0          0        272   funder.o
       860         52         56          0          0        256   log.o
       170          0          0          0          0         96   poly.o
         0          0          8          0          0          0   qnan.o
       904         76        200          0          0        140   rred.o
       360         16         32          0          0         88   rredf.o
       236         12         40          0          0        128   sin_i.o
       392         54          0          0          0        124   sinf.o
        76          0          0          0          0         84   sqrt.o
        44          0          0          0          0         80   sqrtf.o

    ----------------------------------------------------------------------
     39970       1906       1171         16       4152      76902   Library Totals
        38          0          4          0          0          0   (incl. Padding)

    ----------------------------------------------------------------------

      Code (inc. data)   RO Data    RW Data    ZI Data      Debug   Library Name

      7774        274        551          0         96       5124   c_w.l
      5944        472          0          0          0       3728   fz_ws.l
     19684        578          0         16       4056      65282   libmpllib.lib
      6530        582        616          0          0       2768   m_ws.l

    ----------------------------------------------------------------------
     39970       1906       1171         16       4152      76902   Library Totals

    ----------------------------------------------------------------------

==============================================================================


      Code (inc. data)   RO Data    RW Data    ZI Data      Debug   

     67002       4762       5318        292       7388     496323   Grand Totals
     67002       4762       5318        292       7388     496323   ELF Image Totals
     67002       4762       5318        292          0          0   ROM Totals

==============================================================================

    Total RO  Size (Code + RO Data)                72320 (  70.63kB)
    Total RW  Size (RW Data + ZI Data)              7680 (   7.50kB)
    Total ROM Size (Code + RO Data + RW Data)      72612 (  70.91kB)

==============================================================================

